Archive member included to satisfy reference by file (symbol)

C:\Studia\TM\STM32\Projekty\Zad2\Drivers\libSTM32LIB_SOFTFP_RAMLINK.a(ili9341.o)
                              Main/main_base.o (ili9341_Init)
C:\Studia\TM\STM32\Projekty\Zad2\Drivers\libSTM32LIB_SOFTFP_RAMLINK.a(stm32f429i_discovery.o)
                              Main/main_base.o (BSP_LED_On)
C:\Studia\TM\STM32\Projekty\Zad2\Drivers\libSTM32LIB_SOFTFP_RAMLINK.a(stm32f4xx_hal.o)
                              Main/main.o (HAL_Init)
C:\Studia\TM\STM32\Projekty\Zad2\Drivers\libSTM32LIB_SOFTFP_RAMLINK.a(stm32f4xx_hal_cortex.o)
                              C:\Studia\TM\STM32\Projekty\Zad2\Drivers\libSTM32LIB_SOFTFP_RAMLINK.a(stm32f4xx_hal.o) (HAL_NVIC_SetPriorityGrouping)
C:\Studia\TM\STM32\Projekty\Zad2\Drivers\libSTM32LIB_SOFTFP_RAMLINK.a(stm32f4xx_hal_gpio.o)
                              Main/stm32f4xx_hal_msp.o (HAL_GPIO_Init)
C:\Studia\TM\STM32\Projekty\Zad2\Drivers\libSTM32LIB_SOFTFP_RAMLINK.a(stm32f4xx_hal_i2c.o)
                              C:\Studia\TM\STM32\Projekty\Zad2\Drivers\libSTM32LIB_SOFTFP_RAMLINK.a(stm32f429i_discovery.o) (HAL_I2C_Init)
C:\Studia\TM\STM32\Projekty\Zad2\Drivers\libSTM32LIB_SOFTFP_RAMLINK.a(stm32f4xx_hal_ltdc.o)
                              Main/main_base.o (HAL_LTDC_Init)
C:\Studia\TM\STM32\Projekty\Zad2\Drivers\libSTM32LIB_SOFTFP_RAMLINK.a(stm32f4xx_hal_pwr_ex.o)
                              Main/main_base.o (HAL_PWREx_EnableOverDrive)
C:\Studia\TM\STM32\Projekty\Zad2\Drivers\libSTM32LIB_SOFTFP_RAMLINK.a(stm32f4xx_hal_rcc.o)
                              Main/main_base.o (HAL_RCC_OscConfig)
C:\Studia\TM\STM32\Projekty\Zad2\Drivers\libSTM32LIB_SOFTFP_RAMLINK.a(stm32f4xx_hal_rcc_ex.o)
                              Main/main_base.o (HAL_RCCEx_PeriphCLKConfig)
C:\Studia\TM\STM32\Projekty\Zad2\Drivers\libSTM32LIB_SOFTFP_RAMLINK.a(stm32f4xx_hal_spi.o)
                              C:\Studia\TM\STM32\Projekty\Zad2\Drivers\libSTM32LIB_SOFTFP_RAMLINK.a(stm32f429i_discovery.o) (HAL_SPI_Init)
C:\Studia\TM\STM32\Projekty\Zad2\Drivers\libSTM32LIB_SOFTFP_RAMLINK.a(startup_stm32f429xx.o)
                              (Reset_Handler)
C:\Studia\TM\STM32\Projekty\Zad2\Drivers\libSTM32LIB_SOFTFP_RAMLINK.a(system_stm32f4xx.o)
                              C:\Studia\TM\STM32\Projekty\Zad2\Drivers\libSTM32LIB_SOFTFP_RAMLINK.a(stm32f4xx_hal.o) (SystemCoreClock)
C:\Studia\TM\STM32\Projekty\Zad2\Drivers\libSTM32LIB_SOFTFP_RAMLINK.a(stm32f4xx_hal_dma.o)
                              C:\Studia\TM\STM32\Projekty\Zad2\Drivers\libSTM32LIB_SOFTFP_RAMLINK.a(stm32f4xx_hal_i2c.o) (HAL_DMA_Start_IT)
c:/ac6/systemworkbench/plugins/fr.ac6.mcu.externaltools.arm-none.win32_1.17.0.201812190825/tools/compiler/bin/../lib/gcc/arm-none-eabi/7.3.1/../../../../arm-none-eabi/lib/thumb/v7e-m\libc.a(lib_a-exit.o)
                              c:/ac6/systemworkbench/plugins/fr.ac6.mcu.externaltools.arm-none.win32_1.17.0.201812190825/tools/compiler/bin/../lib/gcc/arm-none-eabi/7.3.1/../../../../arm-none-eabi/lib/thumb/v7e-m/crt0.o (exit)
c:/ac6/systemworkbench/plugins/fr.ac6.mcu.externaltools.arm-none.win32_1.17.0.201812190825/tools/compiler/bin/../lib/gcc/arm-none-eabi/7.3.1/../../../../arm-none-eabi/lib/thumb/v7e-m\libc.a(lib_a-impure.o)
                              c:/ac6/systemworkbench/plugins/fr.ac6.mcu.externaltools.arm-none.win32_1.17.0.201812190825/tools/compiler/bin/../lib/gcc/arm-none-eabi/7.3.1/../../../../arm-none-eabi/lib/thumb/v7e-m\libc.a(lib_a-exit.o) (_global_impure_ptr)
c:/ac6/systemworkbench/plugins/fr.ac6.mcu.externaltools.arm-none.win32_1.17.0.201812190825/tools/compiler/bin/../lib/gcc/arm-none-eabi/7.3.1/../../../../arm-none-eabi/lib/thumb/v7e-m\libc.a(lib_a-init.o)
                              c:/ac6/systemworkbench/plugins/fr.ac6.mcu.externaltools.arm-none.win32_1.17.0.201812190825/tools/compiler/bin/../lib/gcc/arm-none-eabi/7.3.1/../../../../arm-none-eabi/lib/thumb/v7e-m/crt0.o (__libc_init_array)
c:/ac6/systemworkbench/plugins/fr.ac6.mcu.externaltools.arm-none.win32_1.17.0.201812190825/tools/compiler/bin/../lib/gcc/arm-none-eabi/7.3.1/../../../../arm-none-eabi/lib/thumb/v7e-m\libc.a(lib_a-memset.o)
                              c:/ac6/systemworkbench/plugins/fr.ac6.mcu.externaltools.arm-none.win32_1.17.0.201812190825/tools/compiler/bin/../lib/gcc/arm-none-eabi/7.3.1/../../../../arm-none-eabi/lib/thumb/v7e-m/crt0.o (memset)
c:/ac6/systemworkbench/plugins/fr.ac6.mcu.externaltools.arm-none.win32_1.17.0.201812190825/tools/compiler/bin/../lib/gcc/arm-none-eabi/7.3.1/../../../../arm-none-eabi/lib/thumb/v7e-m\libc.a(lib_a-__call_atexit.o)
                              c:/ac6/systemworkbench/plugins/fr.ac6.mcu.externaltools.arm-none.win32_1.17.0.201812190825/tools/compiler/bin/../lib/gcc/arm-none-eabi/7.3.1/../../../../arm-none-eabi/lib/thumb/v7e-m\libc.a(lib_a-exit.o) (__call_exitprocs)
[...]
Memory Configuration

Name             Origin             Length             Attributes
RAM              0x20028000         0x00007800         xrw
ROM              0x20000000         0x00028000         xrw
*default*        0x00000000         0xffffffff

Linker script and memory map

LOAD c:/ac6/systemworkbench/plugins/fr.ac6.mcu.externaltools.arm-none.win32_1.17.0.201812190825/tools/compiler/bin/../lib/gcc/arm-none-eabi/7.3.1/thumb/v7e-m/crti.o
LOAD c:/ac6/systemworkbench/plugins/fr.ac6.mcu.externaltools.arm-none.win32_1.17.0.201812190825/tools/compiler/bin/../lib/gcc/arm-none-eabi/7.3.1/thumb/v7e-m/crtbegin.o
LOAD c:/ac6/systemworkbench/plugins/fr.ac6.mcu.externaltools.arm-none.win32_1.17.0.201812190825/tools/compiler/bin/../lib/gcc/arm-none-eabi/7.3.1/../../../../arm-none-eabi/lib/thumb/v7e-m/crt0.o
LOAD Main/ProceduryASM.o
LOAD Main/main.o
LOAD Main/main_base.o
LOAD Main/stm32f4xx_hal_msp.o
LOAD Main/stm32f4xx_it.o
LOAD C:\Studia\TM\STM32\Projekty\Zad2\Drivers\libSTM32LIB_SOFTFP_RAMLINK.a
LOAD c:/ac6/systemworkbench/plugins/fr.ac6.mcu.externaltools.arm-none.win32_1.17.0.201812190825/tools/compiler/bin/../lib/gcc/arm-none-eabi/7.3.1/../../../../arm-none-eabi/lib/thumb/v7e-m\libstdc++.a
LOAD c:/ac6/systemworkbench/plugins/fr.ac6.mcu.externaltools.arm-none.win32_1.17.0.201812190825/tools/compiler/bin/../lib/gcc/arm-none-eabi/7.3.1/../../../../arm-none-eabi/lib/thumb/v7e-m\libm.a
START GROUP
LOAD c:/ac6/systemworkbench/plugins/fr.ac6.mcu.externaltools.arm-none.win32_1.17.0.201812190825/tools/compiler/bin/../lib/gcc/arm-none-eabi/7.3.1/thumb/v7e-m\libgcc.a
LOAD c:/ac6/systemworkbench/plugins/fr.ac6.mcu.externaltools.arm-none.win32_1.17.0.201812190825/tools/compiler/bin/../lib/gcc/arm-none-eabi/7.3.1/../../../../arm-none-eabi/lib/thumb/v7e-m\libc.a
END GROUP
LOAD c:/ac6/systemworkbench/plugins/fr.ac6.mcu.externaltools.arm-none.win32_1.17.0.201812190825/tools/compiler/bin/../lib/gcc/arm-none-eabi/7.3.1/thumb/v7e-m/crtend.o
LOAD c:/ac6/systemworkbench/plugins/fr.ac6.mcu.externaltools.arm-none.win32_1.17.0.201812190825/tools/compiler/bin/../lib/gcc/arm-none-eabi/7.3.1/thumb/v7e-m/crtn.o
                0x20030000                _estack = 0x20030000
                0x00000000                _Min_Heap_Size = 0x0
                0x00000800                _Min_Stack_Size = 0x800

.isr_vector     0x20000000      0x1ac
                0x20000000                . = ALIGN (0x4)
 *(.isr_vector)
 .isr_vector    0x20000000      0x1ac C:\Studia\TM\STM32\Projekty\Zad2\Drivers\libSTM32LIB_SOFTFP_RAMLINK.a(startup_stm32f429xx.o)
                0x20000000                g_pfnVectors
                0x200001ac                . = ALIGN (0x4)

.text           0x200001ac      0x8e4
                0x200001ac                . = ALIGN (0x4)
 *(.text)
 .text          0x200001ac       0x40 c:/ac6/systemworkbench/plugins/fr.ac6.mcu.externaltools.arm-none.win32_1.17.0.201812190825/tools/compiler/bin/../lib/gcc/arm-none-eabi/7.3.1/thumb/v7e-m/crtbegin.o
 .text          0x200001ec      0x114 Main/ProceduryASM.o
                0x200001ec                kopiuj_blok_pamieci
                0x20000206                kasuj_blok_pamieci
                0x20000244                RGB16Pack
                0x20000252                move_square_asm
                0x20000288                DrawRectCorners
 *(.text*)
 .text.main     0x20000300       0x54 Main/main.o
                0x20000300                main
 .text.HAL_LTDC_ReloadEventCallback
                0x20000354       0x1c Main/main_base.o
                0x20000354                HAL_LTDC_ReloadEventCallback
 .text.Clear_And_Reload_Screen
                0x20000370       0x94 Main/main_base.o
                0x20000370                Clear_And_Reload_Screen
 .text.NMI_Handler
                0x20000404        0xc Main/stm32f4xx_it.o
                0x20000404                NMI_Handler
 .text.HardFault_Handler
                0x20000410        0x6 Main/stm32f4xx_it.o
                0x20000410                HardFault_Handler
 .text.MemManage_Handler
                0x20000416        0x6 Main/stm32f4xx_it.o
                0x20000416                MemManage_Handler
 .text.BusFault_Handler
                0x2000041c        0x6 Main/stm32f4xx_it.o
                0x2000041c                BusFault_Handler
 .text.UsageFault_Handler
                0x20000422        0x6 Main/stm32f4xx_it.o
                0x20000422                UsageFault_Handler
 .text.SVC_Handler
                0x20000428        0xc Main/stm32f4xx_it.o
                0x20000428                SVC_Handler
 .text.DebugMon_Handler
                0x20000434        0xc Main/stm32f4xx_it.o
                0x20000434                DebugMon_Handler
 .text.PendSV_Handler
                0x20000440        0xc Main/stm32f4xx_it.o
                0x20000440                PendSV_Handler
 .text.SysTick_Handler
                0x2000044c        0xc Main/stm32f4xx_it.o
                0x2000044c                SysTick_Handler
 .text.LTDC_IRQHandler
                0x20000458       0x14 Main/stm32f4xx_it.o
                0x20000458                LTDC_IRQHandler
 .text.HAL_Init
                0x2000046c       0x44 C:\Studia\TM\STM32\Projekty\Zad2\Drivers\libSTM32LIB_SOFTFP_RAMLINK.a(stm32f4xx_hal.o)
                0x2000046c                HAL_Init
 .text.HAL_MspInit
                0x200004b0        0xc C:\Studia\TM\STM32\Projekty\Zad2\Drivers\libSTM32LIB_SOFTFP_RAMLINK.a(stm32f4xx_hal.o)
                0x200004b0                HAL_MspInit
 .text.HAL_InitTick
                0x200004bc       0x38 C:\Studia\TM\STM32\Projekty\Zad2\Drivers\libSTM32LIB_SOFTFP_RAMLINK.a(stm32f4xx_hal.o)
                0x200004bc                HAL_InitTick
 .text.HAL_IncTick
                0x200004f4       0x1c C:\Studia\TM\STM32\Projekty\Zad2\Drivers\libSTM32LIB_SOFTFP_RAMLINK.a(stm32f4xx_hal.o)
                0x200004f4                HAL_IncTick
 .text.HAL_GetTick
                0x20000510       0x14 C:\Studia\TM\STM32\Projekty\Zad2\Drivers\libSTM32LIB_SOFTFP_RAMLINK.a(stm32f4xx_hal.o)
                0x20000510                HAL_GetTick
 .text.NVIC_SetPriorityGrouping
                0x20000524       0x48 C:\Studia\TM\STM32\Projekty\Zad2\Drivers\libSTM32LIB_SOFTFP_RAMLINK.a(stm32f4xx_hal_cortex.o)
 .text.NVIC_GetPriorityGrouping
                0x2000056c       0x1c C:\Studia\TM\STM32\Projekty\Zad2\Drivers\libSTM32LIB_SOFTFP_RAMLINK.a(stm32f4xx_hal_cortex.o)
 .text.NVIC_SetPriority
                0x20000588       0x54 C:\Studia\TM\STM32\Projekty\Zad2\Drivers\libSTM32LIB_SOFTFP_RAMLINK.a(stm32f4xx_hal_cortex.o)
 .text.NVIC_EncodePriority
                0x200005dc       0x60 C:\Studia\TM\STM32\Projekty\Zad2\Drivers\libSTM32LIB_SOFTFP_RAMLINK.a(stm32f4xx_hal_cortex.o)
 .text.SysTick_Config
                0x2000063c       0x44 C:\Studia\TM\STM32\Projekty\Zad2\Drivers\libSTM32LIB_SOFTFP_RAMLINK.a(stm32f4xx_hal_cortex.o)
 .text.HAL_NVIC_SetPriorityGrouping
                0x20000680       0x16 C:\Studia\TM\STM32\Projekty\Zad2\Drivers\libSTM32LIB_SOFTFP_RAMLINK.a(stm32f4xx_hal_cortex.o)
                0x20000680                HAL_NVIC_SetPriorityGrouping
 .text.HAL_NVIC_SetPriority
                0x20000696       0x38 C:\Studia\TM\STM32\Projekty\Zad2\Drivers\libSTM32LIB_SOFTFP_RAMLINK.a(stm32f4xx_hal_cortex.o)
                0x20000696                HAL_NVIC_SetPriority
 .text.HAL_SYSTICK_Config
                0x200006ce       0x18 C:\Studia\TM\STM32\Projekty\Zad2\Drivers\libSTM32LIB_SOFTFP_RAMLINK.a(stm32f4xx_hal_cortex.o)
                0x200006ce                HAL_SYSTICK_Config
 .text.HAL_LTDC_IRQHandler
                0x200006e6      0x158 C:\Studia\TM\STM32\Projekty\Zad2\Drivers\libSTM32LIB_SOFTFP_RAMLINK.a(stm32f4xx_hal_ltdc.o)
                0x200006e6                HAL_LTDC_IRQHandler
 .text.HAL_LTDC_ErrorCallback
                0x2000083e       0x12 C:\Studia\TM\STM32\Projekty\Zad2\Drivers\libSTM32LIB_SOFTFP_RAMLINK.a(stm32f4xx_hal_ltdc.o)
                0x2000083e                HAL_LTDC_ErrorCallback
 .text.HAL_LTDC_LineEventCallback
                0x20000850       0x12 C:\Studia\TM\STM32\Projekty\Zad2\Drivers\libSTM32LIB_SOFTFP_RAMLINK.a(stm32f4xx_hal_ltdc.o)
                0x20000850                HAL_LTDC_LineEventCallback
 *fill*         0x20000862        0x2 
 .text.Reset_Handler
                0x20000864       0x50 C:\Studia\TM\STM32\Projekty\Zad2\Drivers\libSTM32LIB_SOFTFP_RAMLINK.a(startup_stm32f429xx.o)
                0x20000864                Reset_Handler
 .text.Default_Handler
                0x200008b4        0x2 C:\Studia\TM\STM32\Projekty\Zad2\Drivers\libSTM32LIB_SOFTFP_RAMLINK.a(startup_stm32f429xx.o)
                0x200008b4                RTC_Alarm_IRQHandler
                0x200008b4                HASH_RNG_IRQHandler
                0x200008b4                EXTI2_IRQHandler
                0x200008b4                TIM8_CC_IRQHandler
                0x200008b4                UART8_IRQHandler
                0x200008b4                SPI4_IRQHandler
                0x200008b4                TIM1_CC_IRQHandler
                0x200008b4                DMA2_Stream5_IRQHandler
                0x200008b4                DMA1_Stream5_IRQHandler
                0x200008b4                PVD_IRQHandler
                0x200008b4                SDIO_IRQHandler
                0x200008b4                TAMP_STAMP_IRQHandler
                0x200008b4                CAN2_RX1_IRQHandler
                0x200008b4                EXTI3_IRQHandler
                0x200008b4                TIM8_TRG_COM_TIM14_IRQHandler
                0x200008b4                TIM1_UP_TIM10_IRQHandler
                0x200008b4                TIM8_UP_TIM13_IRQHandler
                0x200008b4                I2C3_ER_IRQHandler
                0x200008b4                EXTI0_IRQHandler
                0x200008b4                I2C2_EV_IRQHandler
                0x200008b4                DMA1_Stream2_IRQHandler
                0x200008b4                CAN1_RX0_IRQHandler
                0x200008b4                FPU_IRQHandler
                0x200008b4                OTG_HS_WKUP_IRQHandler
                0x200008b4                LTDC_ER_IRQHandler
                0x200008b4                CAN2_SCE_IRQHandler
                0x200008b4                DMA2_Stream2_IRQHandler
                0x200008b4                SPI1_IRQHandler
                0x200008b4                TIM6_DAC_IRQHandler
                0x200008b4                TIM1_BRK_TIM9_IRQHandler
                0x200008b4                DCMI_IRQHandler
                0x200008b4                CAN2_RX0_IRQHandler
                0x200008b4                DMA2_Stream3_IRQHandler
                0x200008b4                USART6_IRQHandler
                0x200008b4                USART3_IRQHandler
                0x200008b4                CAN1_RX1_IRQHandler
                0x200008b4                UART5_IRQHandler
                0x200008b4                DMA2_Stream0_IRQHandler
                0x200008b4                TIM4_IRQHandler
                0x200008b4                I2C1_EV_IRQHandler
                0x200008b4                DMA1_Stream6_IRQHandler
                0x200008b4                DMA1_Stream1_IRQHandler
                0x200008b4                UART4_IRQHandler
                0x200008b4                TIM3_IRQHandler
                0x200008b4                RCC_IRQHandler
                0x200008b4                TIM8_BRK_TIM12_IRQHandler
                0x200008b4                Default_Handler
                0x200008b4                EXTI15_10_IRQHandler
                0x200008b4                ADC_IRQHandler
                0x200008b4                DMA1_Stream7_IRQHandler
                0x200008b4                SPI5_IRQHandler
                0x200008b4                TIM7_IRQHandler
                0x200008b4                CAN2_TX_IRQHandler
                0x200008b4                TIM5_IRQHandler
                0x200008b4                DMA2_Stream7_IRQHandler
                0x200008b4                I2C3_EV_IRQHandler
                0x200008b4                EXTI9_5_IRQHandler
                0x200008b4                RTC_WKUP_IRQHandler
                0x200008b4                ETH_WKUP_IRQHandler
                0x200008b4                SPI2_IRQHandler
                0x200008b4                OTG_HS_EP1_IN_IRQHandler
                0x200008b4                DMA1_Stream0_IRQHandler
                0x200008b4                CAN1_TX_IRQHandler
                0x200008b4                EXTI4_IRQHandler
                0x200008b4                ETH_IRQHandler
                0x200008b4                OTG_HS_EP1_OUT_IRQHandler
                0x200008b4                WWDG_IRQHandler
                0x200008b4                SPI6_IRQHandler
                0x200008b4                TIM2_IRQHandler
                0x200008b4                OTG_FS_WKUP_IRQHandler
                0x200008b4                TIM1_TRG_COM_TIM11_IRQHandler
                0x200008b4                OTG_HS_IRQHandler
                0x200008b4                DMA2D_IRQHandler
                0x200008b4                EXTI1_IRQHandler
                0x200008b4                UART7_IRQHandler
                0x200008b4                USART2_IRQHandler
                0x200008b4                I2C2_ER_IRQHandler
                0x200008b4                DMA2_Stream1_IRQHandler
                0x200008b4                CAN1_SCE_IRQHandler
                0x200008b4                FLASH_IRQHandler
                0x200008b4                DMA2_Stream4_IRQHandler
                0x200008b4                USART1_IRQHandler
                0x200008b4                OTG_FS_IRQHandler
                0x200008b4                SPI3_IRQHandler
                0x200008b4                DMA1_Stream4_IRQHandler
                0x200008b4                I2C1_ER_IRQHandler
                0x200008b4                FMC_IRQHandler
                0x200008b4                DMA2_Stream6_IRQHandler
                0x200008b4                SAI1_IRQHandler
                0x200008b4                DMA1_Stream3_IRQHandler
 *fill*         0x200008b6        0x2 
 .text.SystemInit
                0x200008b8       0x5c C:\Studia\TM\STM32\Projekty\Zad2\Drivers\libSTM32LIB_SOFTFP_RAMLINK.a(system_stm32f4xx.o)
                0x200008b8                SystemInit
 .text.__libc_init_array
                0x20000914       0x48 c:/ac6/systemworkbench/plugins/fr.ac6.mcu.externaltools.arm-none.win32_1.17.0.201812190825/tools/compiler/bin/../lib/gcc/arm-none-eabi/7.3.1/../../../../arm-none-eabi/lib/thumb/v7e-m\libc.a(lib_a-init.o)
                0x20000914                __libc_init_array
 .text.startup.register_fini
                0x2000095c       0x14 c:/ac6/systemworkbench/plugins/fr.ac6.mcu.externaltools.arm-none.win32_1.17.0.201812190825/tools/compiler/bin/../lib/gcc/arm-none-eabi/7.3.1/../../../../arm-none-eabi/lib/thumb/v7e-m\libc.a(lib_a-__call_atexit.o)
 .text.atexit   0x20000970        0xc c:/ac6/systemworkbench/plugins/fr.ac6.mcu.externaltools.arm-none.win32_1.17.0.201812190825/tools/compiler/bin/../lib/gcc/arm-none-eabi/7.3.1/../../../../arm-none-eabi/lib/thumb/v7e-m\libc.a(lib_a-atexit.o)
                0x20000970                atexit
 .text.__libc_fini_array
                0x2000097c       0x34 c:/ac6/systemworkbench/plugins/fr.ac6.mcu.externaltools.arm-none.win32_1.17.0.201812190825/tools/compiler/bin/../lib/gcc/arm-none-eabi/7.3.1/../../../../arm-none-eabi/lib/thumb/v7e-m\libc.a(lib_a-fini.o)
                0x2000097c                __libc_fini_array
 .text.__retarget_lock_acquire_recursive
                0x200009b0        0x4 c:/ac6/systemworkbench/plugins/fr.ac6.mcu.externaltools.arm-none.win32_1.17.0.201812190825/tools/compiler/bin/../lib/gcc/arm-none-eabi/7.3.1/../../../../arm-none-eabi/lib/thumb/v7e-m\libc.a(lib_a-lock.o)
                0x200009b0                __retarget_lock_acquire_recursive
 .text.__retarget_lock_release_recursive
                0x200009b4        0x4 c:/ac6/systemworkbench/plugins/fr.ac6.mcu.externaltools.arm-none.win32_1.17.0.201812190825/tools/compiler/bin/../lib/gcc/arm-none-eabi/7.3.1/../../../../arm-none-eabi/lib/thumb/v7e-m\libc.a(lib_a-lock.o)
                0x200009b4                __retarget_lock_release_recursive
 .text.__register_exitproc
                0x200009b8       0xc0 c:/ac6/systemworkbench/plugins/fr.ac6.mcu.externaltools.arm-none.win32_1.17.0.201812190825/tools/compiler/bin/../lib/gcc/arm-none-eabi/7.3.1/../../../../arm-none-eabi/lib/thumb/v7e-m\libc.a(lib_a-__atexit.o)
                0x200009b8                __register_exitproc
 *(.glue_7)
 .glue_7        0x20000a78        0x0 linker stubs
 *(.glue_7t)
 .glue_7t       0x20000a78        0x0 linker stubs
 *(.eh_frame)
 .eh_frame      0x20000a78        0x0 c:/ac6/systemworkbench/plugins/fr.ac6.mcu.externaltools.arm-none.win32_1.17.0.201812190825/tools/compiler/bin/../lib/gcc/arm-none-eabi/7.3.1/thumb/v7e-m/crtbegin.o
 *(.init)
 .init          0x20000a78        0x4 c:/ac6/systemworkbench/plugins/fr.ac6.mcu.externaltools.arm-none.win32_1.17.0.201812190825/tools/compiler/bin/../lib/gcc/arm-none-eabi/7.3.1/thumb/v7e-m/crti.o
                0x20000a78                _init
 .init          0x20000a7c        0x8 c:/ac6/systemworkbench/plugins/fr.ac6.mcu.externaltools.arm-none.win32_1.17.0.201812190825/tools/compiler/bin/../lib/gcc/arm-none-eabi/7.3.1/thumb/v7e-m/crtn.o
 *(.fini)
 .fini          0x20000a84        0x4 c:/ac6/systemworkbench/plugins/fr.ac6.mcu.externaltools.arm-none.win32_1.17.0.201812190825/tools/compiler/bin/../lib/gcc/arm-none-eabi/7.3.1/thumb/v7e-m/crti.o
                0x20000a84                _fini
 .fini          0x20000a88        0x8 c:/ac6/systemworkbench/plugins/fr.ac6.mcu.externaltools.arm-none.win32_1.17.0.201812190825/tools/compiler/bin/../lib/gcc/arm-none-eabi/7.3.1/thumb/v7e-m/crtn.o
                0x20000a90                . = ALIGN (0x4)
                0x20000a90                _etext = .

.vfp11_veneer   0x20000a90        0x0
 .vfp11_veneer  0x20000a90        0x0 linker stubs

.v4_bx          0x20000a90        0x0
 .v4_bx         0x20000a90        0x0 linker stubs

.iplt           0x20000a90        0x0
 .iplt          0x20000a90        0x0 c:/ac6/systemworkbench/plugins/fr.ac6.mcu.externaltools.arm-none.win32_1.17.0.201812190825/tools/compiler/bin/../lib/gcc/arm-none-eabi/7.3.1/thumb/v7e-m/crtbegin.o

.rodata         0x20000a90        0x4
                0x20000a90                . = ALIGN (0x4)
 *(.rodata)
 *(.rodata*)
 .rodata._global_impure_ptr
                0x20000a90        0x4 c:/ac6/systemworkbench/plugins/fr.ac6.mcu.externaltools.arm-none.win32_1.17.0.201812190825/tools/compiler/bin/../lib/gcc/arm-none-eabi/7.3.1/../../../../arm-none-eabi/lib/thumb/v7e-m\libc.a(lib_a-impure.o)
                0x20000a90                _global_impure_ptr
                0x20000a94                . = ALIGN (0x4)

.rel.dyn        0x20000a94        0x0
 .rel.iplt      0x20000a94        0x0 c:/ac6/systemworkbench/plugins/fr.ac6.mcu.externaltools.arm-none.win32_1.17.0.201812190825/tools/compiler/bin/../lib/gcc/arm-none-eabi/7.3.1/thumb/v7e-m/crtbegin.o

.ARM.extab      0x20000a94        0x0
                0x20000a94                . = ALIGN (0x4)
 *(.ARM.extab* .gnu.linkonce.armextab.*)
                0x20000a94                . = ALIGN (0x4)

.ARM            0x20000a94        0x0
                0x20000a94                . = ALIGN (0x4)
                0x20000a94                __exidx_start = .
 *(.ARM.exidx*)
                0x20000a94                __exidx_end = .
                0x20000a94                . = ALIGN (0x4)

.preinit_array  0x20000a94        0x0
                0x20000a94                . = ALIGN (0x4)
                0x20000a94                PROVIDE (__preinit_array_start = .)
 *(.preinit_array*)
                0x20000a94                PROVIDE (__preinit_array_end = .)
                0x20000a94                . = ALIGN (0x4)

.init_array     0x20000a94        0x8
                0x20000a94                . = ALIGN (0x4)
                0x20000a94                PROVIDE (__init_array_start = .)
 *(SORT_BY_NAME(.init_array.*))
 .init_array.00000
                0x20000a94        0x4 c:/ac6/systemworkbench/plugins/fr.ac6.mcu.externaltools.arm-none.win32_1.17.0.201812190825/tools/compiler/bin/../lib/gcc/arm-none-eabi/7.3.1/../../../../arm-none-eabi/lib/thumb/v7e-m\libc.a(lib_a-__call_atexit.o)
 *(.init_array*)
 .init_array    0x20000a98        0x4 c:/ac6/systemworkbench/plugins/fr.ac6.mcu.externaltools.arm-none.win32_1.17.0.201812190825/tools/compiler/bin/../lib/gcc/arm-none-eabi/7.3.1/thumb/v7e-m/crtbegin.o
                0x20000a9c                PROVIDE (__init_array_end = .)
                0x20000a9c                . = ALIGN (0x4)

.fini_array     0x20000a9c        0x4
                0x20000a9c                . = ALIGN (0x4)
                0x20000a9c                PROVIDE (__fini_array_start = .)
 *(SORT_BY_NAME(.fini_array.*))
 *(.fini_array*)
 .fini_array    0x20000a9c        0x4 c:/ac6/systemworkbench/plugins/fr.ac6.mcu.externaltools.arm-none.win32_1.17.0.201812190825/tools/compiler/bin/../lib/gcc/arm-none-eabi/7.3.1/thumb/v7e-m/crtbegin.o
                0x20000aa0                PROVIDE (__fini_array_end = .)
                0x20000aa0                . = ALIGN (0x4)
                0x20000aa0                _sidata = LOADADDR (.data)

.data           0x20028000      0x464 load address 0x20000aa0
                0x20028000                . = ALIGN (0x4)
                0x20028000                _sdata = .
 *(.data)
 .data          0x20028000       0x10 Main/ProceduryASM.o
 .data          0x20028010        0x6 Main/main.o
                0x20028010                pozX
                0x20028012                pozY
                0x20028014                red
 *fill*         0x20028016        0x2 
 .data          0x20028018        0x8 Main/main_base.o
                0x20028018                LCD_SCREEN
                0x2002801c                LCD_BUF
 .data          0x20028020       0x14 C:\Studia\TM\STM32\Projekty\Zad2\Drivers\libSTM32LIB_SOFTFP_RAMLINK.a(system_stm32f4xx.o)
                0x20028020                SystemCoreClock
                0x20028024                AHBPrescTable
 *(.data*)
 *fill*         0x20028034        0x4 
 .data.impure_data
                0x20028038      0x428 c:/ac6/systemworkbench/plugins/fr.ac6.mcu.externaltools.arm-none.win32_1.17.0.201812190825/tools/compiler/bin/../lib/gcc/arm-none-eabi/7.3.1/../../../../arm-none-eabi/lib/thumb/v7e-m\libc.a(lib_a-impure.o)
 .data.__atexit_recursive_mutex
                0x20028460        0x4 c:/ac6/systemworkbench/plugins/fr.ac6.mcu.externaltools.arm-none.win32_1.17.0.201812190825/tools/compiler/bin/../lib/gcc/arm-none-eabi/7.3.1/../../../../arm-none-eabi/lib/thumb/v7e-m\libc.a(lib_a-__call_atexit.o)
                0x20028460                __atexit_recursive_mutex
                0x20028464                . = ALIGN (0x4)
                0x20028464                _edata = .

.igot.plt       0x20028464        0x0 load address 0x20000f04
 .igot.plt      0x20028464        0x0 c:/ac6/systemworkbench/plugins/fr.ac6.mcu.externaltools.arm-none.win32_1.17.0.201812190825/tools/compiler/bin/../lib/gcc/arm-none-eabi/7.3.1/thumb/v7e-m/crtbegin.o
                0x20028464                . = ALIGN (0x4)

.bss            0x20028464       0xf8 load address 0x20000f04
                0x20028464                _sbss = .
                0x20028464                __bss_start__ = _sbss
 *(.bss)
 .bss           0x20028464       0x1c c:/ac6/systemworkbench/plugins/fr.ac6.mcu.externaltools.arm-none.win32_1.17.0.201812190825/tools/compiler/bin/../lib/gcc/arm-none-eabi/7.3.1/thumb/v7e-m/crtbegin.o
 .bss           0x20028480        0x4 Main/main_base.o
                0x20028480                ReloadFlag
 *(.bss*)
 *(COMMON)
 COMMON         0x20028484       0xb0 Main/main.o
                0x20028484                LtdcHandle
                0x2002852c                x
                0x20028530                y
 COMMON         0x20028534        0x4 C:\Studia\TM\STM32\Projekty\Zad2\Drivers\libSTM32LIB_SOFTFP_RAMLINK.a(stm32f4xx_hal.o)
                0x20028534                uwTick
 COMMON         0x20028538       0x21 c:/ac6/systemworkbench/plugins/fr.ac6.mcu.externaltools.arm-none.win32_1.17.0.201812190825/tools/compiler/bin/../lib/gcc/arm-none-eabi/7.3.1/../../../../arm-none-eabi/lib/thumb/v7e-m\libc.a(lib_a-lock.o)
                0x20028538                __lock___atexit_recursive_mutex
                0x2002853c                __lock___arc4random_mutex
                0x20028540                __lock___env_recursive_mutex
                0x20028544                __lock___sinit_recursive_mutex
                0x20028548                __lock___malloc_recursive_mutex
                0x2002854c                __lock___at_quick_exit_mutex
                0x20028550                __lock___dd_hash_mutex
                0x20028554                __lock___tz_mutex
                0x20028558                __lock___sfp_recursive_mutex
                0x2002855c                . = ALIGN (0x4)
 *fill*         0x20028559        0x3 
                0x2002855c                _ebss = .
                0x2002855c                __bss_end__ = _ebss

._user_heap_stack
                0x2002855c      0x804 load address 0x20000f04
                0x20028560                . = ALIGN (0x8)
 *fill*         0x2002855c        0x4 
                [!provide]                PROVIDE (end = .)
                [!provide]                PROVIDE (_end = .)
                0x20028560                . = (. + _Min_Heap_Size)
                0x20028d60                . = (. + _Min_Stack_Size)
 *fill*         0x20028560      0x800 
                0x20028d60                . = ALIGN (0x8)

/DISCARD/
 libc.a(*)
 libm.a(*)
 libgcc.a(*)

.ARM.attributes
                0x00000000       0x2a
 *(.ARM.attributes)
 .ARM.attributes
                0x00000000       0x1e c:/ac6/systemworkbench/plugins/fr.ac6.mcu.externaltools.arm-none.win32_1.17.0.201812190825/tools/compiler/bin/../lib/gcc/arm-none-eabi/7.3.1/thumb/v7e-m/crti.o
 .ARM.attributes
                0x0000001e       0x2e c:/ac6/systemworkbench/plugins/fr.ac6.mcu.externaltools.arm-none.win32_1.17.0.201812190825/tools/compiler/bin/../lib/gcc/arm-none-eabi/7.3.1/thumb/v7e-m/crtbegin.o
 .ARM.attributes
                0x0000004c       0x21 Main/ProceduryASM.o
 .ARM.attributes
                0x0000006d       0x33 Main/main.o
 .ARM.attributes
                0x000000a0       0x33 Main/main_base.o
 .ARM.attributes
                0x000000d3       0x33 Main/stm32f4xx_it.o
 .ARM.attributes
                0x00000106       0x33 C:\Studia\TM\STM32\Projekty\Zad2\Drivers\libSTM32LIB_SOFTFP_RAMLINK.a(stm32f4xx_hal.o)
 .ARM.attributes
                0x00000139       0x33 C:\Studia\TM\STM32\Projekty\Zad2\Drivers\libSTM32LIB_SOFTFP_RAMLINK.a(stm32f4xx_hal_cortex.o)
 .ARM.attributes
                0x0000016c       0x33 C:\Studia\TM\STM32\Projekty\Zad2\Drivers\libSTM32LIB_SOFTFP_RAMLINK.a(stm32f4xx_hal_ltdc.o)
 .ARM.attributes
                0x0000019f       0x21 C:\Studia\TM\STM32\Projekty\Zad2\Drivers\libSTM32LIB_SOFTFP_RAMLINK.a(startup_stm32f429xx.o)
 .ARM.attributes
                0x000001c0       0x33 C:\Studia\TM\STM32\Projekty\Zad2\Drivers\libSTM32LIB_SOFTFP_RAMLINK.a(system_stm32f4xx.o)
 .ARM.attributes
                0x000001f3       0x2e c:/ac6/systemworkbench/plugins/fr.ac6.mcu.externaltools.arm-none.win32_1.17.0.201812190825/tools/compiler/bin/../lib/gcc/arm-none-eabi/7.3.1/../../../../arm-none-eabi/lib/thumb/v7e-m\libc.a(lib_a-impure.o)
 .ARM.attributes
                0x00000221       0x2e c:/ac6/systemworkbench/plugins/fr.ac6.mcu.externaltools.arm-none.win32_1.17.0.201812190825/tools/compiler/bin/../lib/gcc/arm-none-eabi/7.3.1/../../../../arm-none-eabi/lib/thumb/v7e-m\libc.a(lib_a-init.o)
 .ARM.attributes
                0x0000024f       0x2e c:/ac6/systemworkbench/plugins/fr.ac6.mcu.externaltools.arm-none.win32_1.17.0.201812190825/tools/compiler/bin/../lib/gcc/arm-none-eabi/7.3.1/../../../../arm-none-eabi/lib/thumb/v7e-m\libc.a(lib_a-__call_atexit.o)
 .ARM.attributes
                0x0000027d       0x2e c:/ac6/systemworkbench/plugins/fr.ac6.mcu.externaltools.arm-none.win32_1.17.0.201812190825/tools/compiler/bin/../lib/gcc/arm-none-eabi/7.3.1/../../../../arm-none-eabi/lib/thumb/v7e-m\libc.a(lib_a-atexit.o)
 .ARM.attributes
                0x000002ab       0x2e c:/ac6/systemworkbench/plugins/fr.ac6.mcu.externaltools.arm-none.win32_1.17.0.201812190825/tools/compiler/bin/../lib/gcc/arm-none-eabi/7.3.1/../../../../arm-none-eabi/lib/thumb/v7e-m\libc.a(lib_a-fini.o)
 .ARM.attributes
                0x000002d9       0x2e c:/ac6/systemworkbench/plugins/fr.ac6.mcu.externaltools.arm-none.win32_1.17.0.201812190825/tools/compiler/bin/../lib/gcc/arm-none-eabi/7.3.1/../../../../arm-none-eabi/lib/thumb/v7e-m\libc.a(lib_a-lock.o)
 .ARM.attributes
                0x00000307       0x2e c:/ac6/systemworkbench/plugins/fr.ac6.mcu.externaltools.arm-none.win32_1.17.0.201812190825/tools/compiler/bin/../lib/gcc/arm-none-eabi/7.3.1/../../../../arm-none-eabi/lib/thumb/v7e-m\libc.a(lib_a-__atexit.o)
 .ARM.attributes
                0x00000335       0x1e c:/ac6/systemworkbench/plugins/fr.ac6.mcu.externaltools.arm-none.win32_1.17.0.201812190825/tools/compiler/bin/../lib/gcc/arm-none-eabi/7.3.1/thumb/v7e-m/crtn.o
OUTPUT(Zad2.elf elf32-littlearm)

.debug_line     0x00000000     0x4ac2
 .debug_line    0x00000000       0xa8 Main/ProceduryASM.o
 .debug_line    0x000000a8      0x893 Main/main.o
 .debug_line    0x0000093b      0x94f Main/main_base.o
 .debug_line    0x0000128a      0x949 Main/stm32f4xx_it.o
 .debug_line    0x00001bd3      0xa18 C:\Studia\TM\STM32\Projekty\Zad2\Drivers\libSTM32LIB_SOFTFP_RAMLINK.a(stm32f4xx_hal.o)
 .debug_line    0x000025eb      0xb0c C:\Studia\TM\STM32\Projekty\Zad2\Drivers\libSTM32LIB_SOFTFP_RAMLINK.a(stm32f4xx_hal_cortex.o)
 .debug_line    0x000030f7     0x110e C:\Studia\TM\STM32\Projekty\Zad2\Drivers\libSTM32LIB_SOFTFP_RAMLINK.a(stm32f4xx_hal_ltdc.o)
 .debug_line    0x00004205       0x7c C:\Studia\TM\STM32\Projekty\Zad2\Drivers\libSTM32LIB_SOFTFP_RAMLINK.a(startup_stm32f429xx.o)
 .debug_line    0x00004281      0x841 C:\Studia\TM\STM32\Projekty\Zad2\Drivers\libSTM32LIB_SOFTFP_RAMLINK.a(system_stm32f4xx.o)

.debug_info     0x00000000     0x8139
 .debug_info    0x00000000       0x26 Main/ProceduryASM.o
 .debug_info    0x00000026     0x1138 Main/main.o
 .debug_info    0x0000115e     0x1409 Main/main_base.o
 .debug_info    0x00002567      0xf01 Main/stm32f4xx_it.o
 .debug_info    0x00003468     0x113f C:\Studia\TM\STM32\Projekty\Zad2\Drivers\libSTM32LIB_SOFTFP_RAMLINK.a(stm32f4xx_hal.o)
 .debug_info    0x000045a7     0x1568 C:\Studia\TM\STM32\Projekty\Zad2\Drivers\libSTM32LIB_SOFTFP_RAMLINK.a(stm32f4xx_hal_cortex.o)
 .debug_info    0x00005b0f     0x188c C:\Studia\TM\STM32\Projekty\Zad2\Drivers\libSTM32LIB_SOFTFP_RAMLINK.a(stm32f4xx_hal_ltdc.o)
 .debug_info    0x0000739b       0x88 C:\Studia\TM\STM32\Projekty\Zad2\Drivers\libSTM32LIB_SOFTFP_RAMLINK.a(startup_stm32f429xx.o)
 .debug_info    0x00007423      0xd16 C:\Studia\TM\STM32\Projekty\Zad2\Drivers\libSTM32LIB_SOFTFP_RAMLINK.a(system_stm32f4xx.o)

.debug_abbrev   0x00000000     0x1285
 .debug_abbrev  0x00000000       0x14 Main/ProceduryASM.o
 .debug_abbrev  0x00000014      0x207 Main/main.o
 .debug_abbrev  0x0000021b      0x2ac Main/main_base.o
 .debug_abbrev  0x000004c7      0x20c Main/stm32f4xx_it.o
 .debug_abbrev  0x000006d3      0x301 C:\Studia\TM\STM32\Projekty\Zad2\Drivers\libSTM32LIB_SOFTFP_RAMLINK.a(stm32f4xx_hal.o)
 .debug_abbrev  0x000009d4      0x39d C:\Studia\TM\STM32\Projekty\Zad2\Drivers\libSTM32LIB_SOFTFP_RAMLINK.a(stm32f4xx_hal_cortex.o)
 .debug_abbrev  0x00000d71      0x2ec C:\Studia\TM\STM32\Projekty\Zad2\Drivers\libSTM32LIB_SOFTFP_RAMLINK.a(stm32f4xx_hal_ltdc.o)
 .debug_abbrev  0x0000105d       0x12 C:\Studia\TM\STM32\Projekty\Zad2\Drivers\libSTM32LIB_SOFTFP_RAMLINK.a(startup_stm32f429xx.o)
 .debug_abbrev  0x0000106f      0x216 C:\Studia\TM\STM32\Projekty\Zad2\Drivers\libSTM32LIB_SOFTFP_RAMLINK.a(system_stm32f4xx.o)

.debug_aranges  0x00000000      0x468
 .debug_aranges
                0x00000000       0x20 Main/ProceduryASM.o
 .debug_aranges
                0x00000020       0x20 Main/main.o
 .debug_aranges
                0x00000040       0x40 Main/main_base.o
 .debug_aranges
                0x00000080       0x68 Main/stm32f4xx_it.o
 .debug_aranges
                0x000000e8       0xd0 C:\Studia\TM\STM32\Projekty\Zad2\Drivers\libSTM32LIB_SOFTFP_RAMLINK.a(stm32f4xx_hal.o)
 .debug_aranges
                0x000001b8      0x108 C:\Studia\TM\STM32\Projekty\Zad2\Drivers\libSTM32LIB_SOFTFP_RAMLINK.a(stm32f4xx_hal_cortex.o)
 .debug_aranges
                0x000002c0      0x158 C:\Studia\TM\STM32\Projekty\Zad2\Drivers\libSTM32LIB_SOFTFP_RAMLINK.a(stm32f4xx_hal_ltdc.o)
 .debug_aranges
                0x00000418       0x28 C:\Studia\TM\STM32\Projekty\Zad2\Drivers\libSTM32LIB_SOFTFP_RAMLINK.a(startup_stm32f429xx.o)
 .debug_aranges
                0x00000440       0x28 C:\Studia\TM\STM32\Projekty\Zad2\Drivers\libSTM32LIB_SOFTFP_RAMLINK.a(system_stm32f4xx.o)

.debug_str      0x00000000    0x7a0d7
 .debug_str     0x00000000       0x4c Main/ProceduryASM.o
 .debug_str     0x0000004c    0x7825b Main/main.o
                              0x7857d (size before relaxing)
 .debug_str     0x000782a7      0x2c7 Main/main_base.o
                              0x787cc (size before relaxing)
 .debug_str     0x0007856e       0xb9 Main/stm32f4xx_it.o
                              0x784da (size before relaxing)
 .debug_str     0x00078627     0x11c8 C:\Studia\TM\STM32\Projekty\Zad2\Drivers\libSTM32LIB_SOFTFP_RAMLINK.a(stm32f4xx_hal.o)
                              0x76db5 (size before relaxing)
 .debug_str     0x000797ef      0x3cb C:\Studia\TM\STM32\Projekty\Zad2\Drivers\libSTM32LIB_SOFTFP_RAMLINK.a(stm32f4xx_hal_cortex.o)
                              0x76c1b (size before relaxing)
 .debug_str     0x00079bba      0x4a3 C:\Studia\TM\STM32\Projekty\Zad2\Drivers\libSTM32LIB_SOFTFP_RAMLINK.a(stm32f4xx_hal_ltdc.o)
                              0x76988 (size before relaxing)
 .debug_str     0x0007a05d       0x7a C:\Studia\TM\STM32\Projekty\Zad2\Drivers\libSTM32LIB_SOFTFP_RAMLINK.a(system_stm32f4xx.o)
                              0x76363 (size before relaxing)

.debug_ranges   0x00000000      0x3d0
 .debug_ranges  0x00000000       0x10 Main/main.o
 .debug_ranges  0x00000010       0x30 Main/main_base.o
 .debug_ranges  0x00000040       0x58 Main/stm32f4xx_it.o
 .debug_ranges  0x00000098       0xc0 C:\Studia\TM\STM32\Projekty\Zad2\Drivers\libSTM32LIB_SOFTFP_RAMLINK.a(stm32f4xx_hal.o)
 .debug_ranges  0x00000158       0xf8 C:\Studia\TM\STM32\Projekty\Zad2\Drivers\libSTM32LIB_SOFTFP_RAMLINK.a(stm32f4xx_hal_cortex.o)
 .debug_ranges  0x00000250      0x148 C:\Studia\TM\STM32\Projekty\Zad2\Drivers\libSTM32LIB_SOFTFP_RAMLINK.a(stm32f4xx_hal_ltdc.o)
 .debug_ranges  0x00000398       0x20 C:\Studia\TM\STM32\Projekty\Zad2\Drivers\libSTM32LIB_SOFTFP_RAMLINK.a(startup_stm32f429xx.o)
 .debug_ranges  0x000003b8       0x18 C:\Studia\TM\STM32\Projekty\Zad2\Drivers\libSTM32LIB_SOFTFP_RAMLINK.a(system_stm32f4xx.o)

.debug_macro    0x00000000    0x157ad
 .debug_macro   0x00000000      0x38b Main/main.o
 .debug_macro   0x0000038b      0xa7e Main/main.o
 .debug_macro   0x00000e09       0x10 Main/main.o
 .debug_macro   0x00000e19      0x1c8 Main/main.o
 .debug_macro   0x00000fe1       0x2b Main/main.o
 .debug_macro   0x0000100c       0x28 Main/main.o
 .debug_macro   0x00001034       0x22 Main/main.o
 .debug_macro   0x00001056       0x8e Main/main.o
 .debug_macro   0x000010e4       0x51 Main/main.o
 .debug_macro   0x00001135       0xef Main/main.o
 .debug_macro   0x00001224       0x6a Main/main.o
 .debug_macro   0x0000128e      0x1df Main/main.o
 .debug_macro   0x0000146d       0x35 Main/main.o
 .debug_macro   0x000014a2       0x50 Main/main.o
 .debug_macro   0x000014f2      0xe66 Main/main.o
 .debug_macro   0x00002358     0xa373 Main/main.o
 .debug_macro   0x0000c6cb       0x43 Main/main.o
 .debug_macro   0x0000c70e     0x34ef Main/main.o
 .debug_macro   0x0000fbfd       0x5e Main/main.o
 .debug_macro   0x0000fc5b       0x18 Main/main.o
 .debug_macro   0x0000fc73       0x35 Main/main.o
 .debug_macro   0x0000fca8       0x34 Main/main.o
 .debug_macro   0x0000fcdc       0x16 Main/main.o
 .debug_macro   0x0000fcf2       0x97 Main/main.o
 .debug_macro   0x0000fd89      0x330 Main/main.o
 .debug_macro   0x000100b9       0xfd Main/main.o
 .debug_macro   0x000101b6       0x10 Main/main.o
 .debug_macro   0x000101c6       0x58 Main/main.o
 .debug_macro   0x0001021e       0x1f Main/main.o
 .debug_macro   0x0001023d       0x43 Main/main.o
 .debug_macro   0x00010280       0x20 Main/main.o
 .debug_macro   0x000102a0      0x18e Main/main.o
 .debug_macro   0x0001042e       0x10 Main/main.o
 .debug_macro   0x0001043e       0x1c Main/main.o
 .debug_macro   0x0001045a       0x52 Main/main.o
 .debug_macro   0x000104ac       0x40 Main/main.o
 .debug_macro   0x000104ec       0x10 Main/main.o
 .debug_macro   0x000104fc       0x40 Main/main.o
 .debug_macro   0x0001053c       0xd7 Main/main.o
 .debug_macro   0x00010613       0x1c Main/main.o
 .debug_macro   0x0001062f       0x3d Main/main.o
 .debug_macro   0x0001066c       0x16 Main/main.o
 .debug_macro   0x00010682      0x16f Main/main.o
 .debug_macro   0x000107f1       0x57 Main/main.o
 .debug_macro   0x00010848      0xc9e Main/main.o
 .debug_macro   0x000114e6      0x9e1 Main/main.o
 .debug_macro   0x00011ec7      0x11e Main/main.o
 .debug_macro   0x00011fe5      0x161 Main/main.o
 .debug_macro   0x00012146       0x27 Main/main.o
 .debug_macro   0x0001216d      0x287 Main/main.o
 .debug_macro   0x000123f4       0x5f Main/main.o
 .debug_macro   0x00012453      0x23a Main/main.o
 .debug_macro   0x0001268d      0x201 Main/main.o
 .debug_macro   0x0001288e      0x13a Main/main.o
 .debug_macro   0x000129c8      0x41d Main/main.o
 .debug_macro   0x00012de5       0x2e Main/main.o
 .debug_macro   0x00012e13      0x582 Main/main.o
 .debug_macro   0x00013395      0x1a7 Main/main.o
 .debug_macro   0x0001353c       0x22 Main/main.o
 .debug_macro   0x0001355e       0xa5 Main/main.o
 .debug_macro   0x00013603      0x183 Main/main.o
 .debug_macro   0x00013786       0xd6 Main/main.o
 .debug_macro   0x0001385c      0x11e Main/main.o
 .debug_macro   0x0001397a       0xe2 Main/main.o
 .debug_macro   0x00013a5c       0x89 Main/main.o
 .debug_macro   0x00013ae5      0x202 Main/main.o
 .debug_macro   0x00013ce7      0x12c Main/main.o
 .debug_macro   0x00013e13      0x259 Main/main.o
 .debug_macro   0x0001406c      0x26d Main/main.o
 .debug_macro   0x000142d9       0x40 Main/main.o
 .debug_macro   0x00014319      0x38b Main/main_base.o
 .debug_macro   0x000146a4      0x395 Main/stm32f4xx_it.o
 .debug_macro   0x00014a39      0x396 C:\Studia\TM\STM32\Projekty\Zad2\Drivers\libSTM32LIB_SOFTFP_RAMLINK.a(stm32f4xx_hal.o)
 .debug_macro   0x00014dcf      0x348 C:\Studia\TM\STM32\Projekty\Zad2\Drivers\libSTM32LIB_SOFTFP_RAMLINK.a(stm32f4xx_hal_cortex.o)
 .debug_macro   0x00015117      0x348 C:\Studia\TM\STM32\Projekty\Zad2\Drivers\libSTM32LIB_SOFTFP_RAMLINK.a(stm32f4xx_hal_ltdc.o)
 .debug_macro   0x0001545f      0x34e C:\Studia\TM\STM32\Projekty\Zad2\Drivers\libSTM32LIB_SOFTFP_RAMLINK.a(system_stm32f4xx.o)

.comment        0x00000000       0xfe
 .comment       0x00000000       0x7f Main/main.o
                                 0x80 (size before relaxing)
 .comment       0x0000007f       0x80 Main/main_base.o
 .comment       0x0000007f       0x80 Main/stm32f4xx_it.o
 .comment       0x0000007f       0x7f C:\Studia\TM\STM32\Projekty\Zad2\Drivers\libSTM32LIB_SOFTFP_RAMLINK.a(stm32f4xx_hal.o)
                                 0x80 (size before relaxing)
 .comment       0x000000fe       0x80 C:\Studia\TM\STM32\Projekty\Zad2\Drivers\libSTM32LIB_SOFTFP_RAMLINK.a(stm32f4xx_hal_cortex.o)
 .comment       0x000000fe       0x80 C:\Studia\TM\STM32\Projekty\Zad2\Drivers\libSTM32LIB_SOFTFP_RAMLINK.a(stm32f4xx_hal_ltdc.o)
 .comment       0x000000fe       0x80 C:\Studia\TM\STM32\Projekty\Zad2\Drivers\libSTM32LIB_SOFTFP_RAMLINK.a(system_stm32f4xx.o)

.debug_frame    0x00000000     0x11ac
 .debug_frame   0x00000000       0x2c Main/main.o
 .debug_frame   0x0000002c       0xc4 Main/main_base.o
 .debug_frame   0x000000f0      0x128 Main/stm32f4xx_it.o
 .debug_frame   0x00000218      0x310 C:\Studia\TM\STM32\Projekty\Zad2\Drivers\libSTM32LIB_SOFTFP_RAMLINK.a(stm32f4xx_hal.o)
 .debug_frame   0x00000528      0x450 C:\Studia\TM\STM32\Projekty\Zad2\Drivers\libSTM32LIB_SOFTFP_RAMLINK.a(stm32f4xx_hal_cortex.o)
 .debug_frame   0x00000978      0x61c C:\Studia\TM\STM32\Projekty\Zad2\Drivers\libSTM32LIB_SOFTFP_RAMLINK.a(stm32f4xx_hal_ltdc.o)
 .debug_frame   0x00000f94       0x58 C:\Studia\TM\STM32\Projekty\Zad2\Drivers\libSTM32LIB_SOFTFP_RAMLINK.a(system_stm32f4xx.o)
 .debug_frame   0x00000fec       0x2c c:/ac6/systemworkbench/plugins/fr.ac6.mcu.externaltools.arm-none.win32_1.17.0.201812190825/tools/compiler/bin/../lib/gcc/arm-none-eabi/7.3.1/../../../../arm-none-eabi/lib/thumb/v7e-m\libc.a(lib_a-init.o)
 .debug_frame   0x00001018       0x5c c:/ac6/systemworkbench/plugins/fr.ac6.mcu.externaltools.arm-none.win32_1.17.0.201812190825/tools/compiler/bin/../lib/gcc/arm-none-eabi/7.3.1/../../../../arm-none-eabi/lib/thumb/v7e-m\libc.a(lib_a-__call_atexit.o)
 .debug_frame   0x00001074       0x20 c:/ac6/systemworkbench/plugins/fr.ac6.mcu.externaltools.arm-none.win32_1.17.0.201812190825/tools/compiler/bin/../lib/gcc/arm-none-eabi/7.3.1/../../../../arm-none-eabi/lib/thumb/v7e-m\libc.a(lib_a-atexit.o)
 .debug_frame   0x00001094       0x34 c:/ac6/systemworkbench/plugins/fr.ac6.mcu.externaltools.arm-none.win32_1.17.0.201812190825/tools/compiler/bin/../lib/gcc/arm-none-eabi/7.3.1/../../../../arm-none-eabi/lib/thumb/v7e-m\libc.a(lib_a-fini.o)
 .debug_frame   0x000010c8       0xb0 c:/ac6/systemworkbench/plugins/fr.ac6.mcu.externaltools.arm-none.win32_1.17.0.201812190825/tools/compiler/bin/../lib/gcc/arm-none-eabi/7.3.1/../../../../arm-none-eabi/lib/thumb/v7e-m\libc.a(lib_a-lock.o)
 .debug_frame   0x00001178       0x34 c:/ac6/systemworkbench/plugins/fr.ac6.mcu.externaltools.arm-none.win32_1.17.0.201812190825/tools/compiler/bin/../lib/gcc/arm-none-eabi/7.3.1/../../../../arm-none-eabi/lib/thumb/v7e-m\libc.a(lib_a-__atexit.o)
