C51 COMPILER V9.60.0.0   MAIN                                                              06/10/2021 19:43:18 PAGE 1   


C51 COMPILER V9.60.0.0, COMPILATION OF MODULE MAIN
OBJECT MODULE PLACED IN main.OBJ
COMPILER INVOKED BY: C:\Keil_v5\C51\BIN\C51.EXE main.c OPTIMIZE(8,SPEED) BROWSE DEBUG OBJECTEXTEND TABS(2)

line level    source

   1          #include <reg52.h>
   2          #include <intrins.h>
   3          #include "lcd.h"
   4          #include "mkd51sim.h"
   5          
   6          unsigned char xdata PTWY _at_ 0x8009;
   7          unsigned char xdata PTWE _at_ 0x8008;
   8          
   9          void ShowButtonOnL8(unsigned char nr_przycisku);
  10          void main(void)
  11          {
  12   1      
  13   1        while (1)
  14   1        {
  15   2          ShowButtonOnL8(3);
  16   2        }
  17   1      }


MODULE INFORMATION:   STATIC OVERLAYABLE
   CODE SIZE        =      7    ----
   CONSTANT SIZE    =   ----    ----
   XDATA SIZE       =   ----    ----
   PDATA SIZE       =   ----    ----
   DATA SIZE        =   ----    ----
   IDATA SIZE       =   ----    ----
   BIT SIZE         =   ----    ----
END OF MODULE INFORMATION.


C51 COMPILATION COMPLETE.  0 WARNING(S),  0 ERROR(S)
