18:31:13 **** Incremental Build of configuration Debug for project Zad2 ****
make all 
make: Nothing to be done for 'all'.
18:31:17 **** Incremental Build of configuration Debug for project Zad2 ****
make all 
make: Nothing to be done for 'all'.
18:31:47 **** Incremental Build of configuration Debug for project Zad2 ****
make all 
make: Nothing to be done for 'all'.
18:32:01 **** Incremental Build of configuration Debug for project Zad2 ****
make all 
make: Nothing to be done for 'all'.
18:33:41 **** Incremental Build of configuration Debug for project Zad2 ****
make all 
make: Nothing to be done for 'all'.
18:36:37 **** Incremental Build of configuration Debug for project Zad2 ****
make all 
Building file: ../Main/main.c
Invoking: MCU GCC Compiler
C:\Studia\TM\STM32_projekty\C\Zad2\Debug
arm-none-eabi-gcc  -mcpu=cortex-m4 -mthumb -mfloat-abi=soft -DSTM32F429ZITx -DVECT_TAB_SRAM -DUSE_STM32F429I_DISCO -DSTM32F429xx -DUSE_HAL_DRIVER -DSTM32F429I_DISC1 -DSTM32F4 -DSTM32 -DDEBUG -I"C:/Studia/TM/STM32_projekty/C/Zad2/Drivers/BSP" -I"C:/Studia/TM/STM32_projekty/C/Zad2/Drivers/CMSIS" -I"C:/Studia/TM/STM32_projekty/C/Zad2/Drivers/STM32F4xx_HAL_Driver" -I"C:/Studia/TM/STM32_projekty/C/Zad2/Drivers/Utils" -I"C:/Studia/TM/STM32_projekty/C/Zad2/Main" -O0 -g3 -Wall -fmessage-length=0 -ffunction-sections -c -MMD -MP -MF"Main/main.d" -MT"Main/main.o" -o "Main/main.o" "../Main/main.c"
Finished building: ../Main/main.c
 
Building target: Zad2.elf
Invoking: MCU G++ Linker
arm-none-eabi-g++ -mcpu=cortex-m4 -mthumb -mfloat-abi=soft -L"C:\Studia\TM\STM32_projekty\C\Zad2\Drivers" -T"C:/Studia/TM/STM32_projekty/C/Zad2/LinkerScript.ld" -Wl,-Map=output.map -Wl,--gc-sections -fno-exceptions -fno-rtti -o "Zad2.elf" @"objects.list"  -lSTM32LIB_SOFTFP_RAMLINK -lm
Finished building target: Zad2.elf
 
make --no-print-directory post-build
Generating binary and Printing size information:
arm-none-eabi-objcopy -O binary "Zad2.elf" "Zad2.bin"
arm-none-eabi-size "Zad2.elf"
   text	   data	    bss	    dec	    hex	filename
   2468	   1120	   2308	   5896	   1708	Zad2.elf
 
18:38:06 **** Incremental Build of configuration Debug for project Zad2 ****
make all 
Building file: ../Main/main.c
Invoking: MCU GCC Compiler
C:\Studia\TM\STM32_projekty\C\Zad2\Debug
arm-none-eabi-gcc  -mcpu=cortex-m4 -mthumb -mfloat-abi=soft -DSTM32F429ZITx -DVECT_TAB_SRAM -DUSE_STM32F429I_DISCO -DSTM32F429xx -DUSE_HAL_DRIVER -DSTM32F429I_DISC1 -DSTM32F4 -DSTM32 -DDEBUG -I"C:/Studia/TM/STM32_projekty/C/Zad2/Drivers/BSP" -I"C:/Studia/TM/STM32_projekty/C/Zad2/Drivers/CMSIS" -I"C:/Studia/TM/STM32_projekty/C/Zad2/Drivers/STM32F4xx_HAL_Driver" -I"C:/Studia/TM/STM32_projekty/C/Zad2/Drivers/Utils" -I"C:/Studia/TM/STM32_projekty/C/Zad2/Main" -O0 -g3 -Wall -fmessage-length=0 -ffunction-sections -c -MMD -MP -MF"Main/main.d" -MT"Main/main.o" -o "Main/main.o" "../Main/main.c"
Finished building: ../Main/main.c
 
Building target: Zad2.elf
Invoking: MCU G++ Linker
arm-none-eabi-g++ -mcpu=cortex-m4 -mthumb -mfloat-abi=soft -L"C:\Studia\TM\STM32_projekty\C\Zad2\Drivers" -T"C:/Studia/TM/STM32_projekty/C/Zad2/LinkerScript.ld" -Wl,-Map=output.map -Wl,--gc-sections -fno-exceptions -fno-rtti -o "Zad2.elf" @"objects.list"  -lSTM32LIB_SOFTFP_RAMLINK -lm
Finished building target: Zad2.elf
 
make --no-print-directory post-build
Generating binary and Printing size information:
arm-none-eabi-objcopy -O binary "Zad2.elf" "Zad2.bin"
arm-none-eabi-size "Zad2.elf"
   text	   data	    bss	    dec	    hex	filename
   2460	   1120	   2308	   5888	   1700	Zad2.elf
 
18:38:19 **** Incremental Build of configuration Debug for project Zad2 ****
make all 
Building file: ../Main/main.c
Invoking: MCU GCC Compiler
C:\Studia\TM\STM32_projekty\C\Zad2\Debug
arm-none-eabi-gcc  -mcpu=cortex-m4 -mthumb -mfloat-abi=soft -DSTM32F429ZITx -DVECT_TAB_SRAM -DUSE_STM32F429I_DISCO -DSTM32F429xx -DUSE_HAL_DRIVER -DSTM32F429I_DISC1 -DSTM32F4 -DSTM32 -DDEBUG -I"C:/Studia/TM/STM32_projekty/C/Zad2/Drivers/BSP" -I"C:/Studia/TM/STM32_projekty/C/Zad2/Drivers/CMSIS" -I"C:/Studia/TM/STM32_projekty/C/Zad2/Drivers/STM32F4xx_HAL_Driver" -I"C:/Studia/TM/STM32_projekty/C/Zad2/Drivers/Utils" -I"C:/Studia/TM/STM32_projekty/C/Zad2/Main" -O0 -g3 -Wall -fmessage-length=0 -ffunction-sections -c -MMD -MP -MF"Main/main.d" -MT"Main/main.o" -o "Main/main.o" "../Main/main.c"
Finished building: ../Main/main.c
 
Building target: Zad2.elf
Invoking: MCU G++ Linker
arm-none-eabi-g++ -mcpu=cortex-m4 -mthumb -mfloat-abi=soft -L"C:\Studia\TM\STM32_projekty\C\Zad2\Drivers" -T"C:/Studia/TM/STM32_projekty/C/Zad2/LinkerScript.ld" -Wl,-Map=output.map -Wl,--gc-sections -fno-exceptions -fno-rtti -o "Zad2.elf" @"objects.list"  -lSTM32LIB_SOFTFP_RAMLINK -lm
Finished building target: Zad2.elf
 
make --no-print-directory post-build
Generating binary and Printing size information:
arm-none-eabi-objcopy -O binary "Zad2.elf" "Zad2.bin"
arm-none-eabi-size "Zad2.elf"
   text	   data	    bss	    dec	    hex	filename
   2460	   1120	   2308	   5888	   1700	Zad2.elf
 
18:45:12 **** Incremental Build of configuration Debug for project Zad2 ****
make all 
Building file: ../Main/main.c
Invoking: MCU GCC Compiler
C:\Studia\TM\STM32_projekty\C\Zad2\Debug
arm-none-eabi-gcc  -mcpu=cortex-m4 -mthumb -mfloat-abi=soft -DSTM32F429ZITx -DVECT_TAB_SRAM -DUSE_STM32F429I_DISCO -DSTM32F429xx -DUSE_HAL_DRIVER -DSTM32F429I_DISC1 -DSTM32F4 -DSTM32 -DDEBUG -I"C:/Studia/TM/STM32_projekty/C/Zad2/Drivers/BSP" -I"C:/Studia/TM/STM32_projekty/C/Zad2/Drivers/CMSIS" -I"C:/Studia/TM/STM32_projekty/C/Zad2/Drivers/STM32F4xx_HAL_Driver" -I"C:/Studia/TM/STM32_projekty/C/Zad2/Drivers/Utils" -I"C:/Studia/TM/STM32_projekty/C/Zad2/Main" -O0 -g3 -Wall -fmessage-length=0 -ffunction-sections -c -MMD -MP -MF"Main/main.d" -MT"Main/main.o" -o "Main/main.o" "../Main/main.c"
Finished building: ../Main/main.c
 
Building target: Zad2.elf
Invoking: MCU G++ Linker
arm-none-eabi-g++ -mcpu=cortex-m4 -mthumb -mfloat-abi=soft -L"C:\Studia\TM\STM32_projekty\C\Zad2\Drivers" -T"C:/Studia/TM/STM32_projekty/C/Zad2/LinkerScript.ld" -Wl,-Map=output.map -Wl,--gc-sections -fno-exceptions -fno-rtti -o "Zad2.elf" @"objects.list"  -lSTM32LIB_SOFTFP_RAMLINK -lm
Finished building target: Zad2.elf
 
make --no-print-directory post-build
Generating binary and Printing size information:
arm-none-eabi-objcopy -O binary "Zad2.elf" "Zad2.bin"
arm-none-eabi-size "Zad2.elf"
   text	   data	    bss	    dec	    hex	filename
   2456	   1120	   2308	   5884	   16fc	Zad2.elf
 
18:45:16 **** Incremental Build of configuration Debug for project Zad2 ****
make all 
Building file: ../Main/main.c
Invoking: MCU GCC Compiler
C:\Studia\TM\STM32_projekty\C\Zad2\Debug
arm-none-eabi-gcc  -mcpu=cortex-m4 -mthumb -mfloat-abi=soft -DSTM32F429ZITx -DVECT_TAB_SRAM -DUSE_STM32F429I_DISCO -DSTM32F429xx -DUSE_HAL_DRIVER -DSTM32F429I_DISC1 -DSTM32F4 -DSTM32 -DDEBUG -I"C:/Studia/TM/STM32_projekty/C/Zad2/Drivers/BSP" -I"C:/Studia/TM/STM32_projekty/C/Zad2/Drivers/CMSIS" -I"C:/Studia/TM/STM32_projekty/C/Zad2/Drivers/STM32F4xx_HAL_Driver" -I"C:/Studia/TM/STM32_projekty/C/Zad2/Drivers/Utils" -I"C:/Studia/TM/STM32_projekty/C/Zad2/Main" -O0 -g3 -Wall -fmessage-length=0 -ffunction-sections -c -MMD -MP -MF"Main/main.d" -MT"Main/main.o" -o "Main/main.o" "../Main/main.c"
Finished building: ../Main/main.c
 
Building target: Zad2.elf
Invoking: MCU G++ Linker
arm-none-eabi-g++ -mcpu=cortex-m4 -mthumb -mfloat-abi=soft -L"C:\Studia\TM\STM32_projekty\C\Zad2\Drivers" -T"C:/Studia/TM/STM32_projekty/C/Zad2/LinkerScript.ld" -Wl,-Map=output.map -Wl,--gc-sections -fno-exceptions -fno-rtti -o "Zad2.elf" @"objects.list"  -lSTM32LIB_SOFTFP_RAMLINK -lm
Finished building target: Zad2.elf
 
make --no-print-directory post-build
Generating binary and Printing size information:
arm-none-eabi-objcopy -O binary "Zad2.elf" "Zad2.bin"
arm-none-eabi-size "Zad2.elf"
   text	   data	    bss	    dec	    hex	filename
   2456	   1120	   2308	   5884	   16fc	Zad2.elf
 
18:46:01 **** Incremental Build of configuration Debug for project Zad2 ****
make all 
Building file: ../Main/main.c
Invoking: MCU GCC Compiler
C:\Studia\TM\STM32_projekty\C\Zad2\Debug
arm-none-eabi-gcc  -mcpu=cortex-m4 -mthumb -mfloat-abi=soft -DSTM32F429ZITx -DVECT_TAB_SRAM -DUSE_STM32F429I_DISCO -DSTM32F429xx -DUSE_HAL_DRIVER -DSTM32F429I_DISC1 -DSTM32F4 -DSTM32 -DDEBUG -I"C:/Studia/TM/STM32_projekty/C/Zad2/Drivers/BSP" -I"C:/Studia/TM/STM32_projekty/C/Zad2/Drivers/CMSIS" -I"C:/Studia/TM/STM32_projekty/C/Zad2/Drivers/STM32F4xx_HAL_Driver" -I"C:/Studia/TM/STM32_projekty/C/Zad2/Drivers/Utils" -I"C:/Studia/TM/STM32_projekty/C/Zad2/Main" -O0 -g3 -Wall -fmessage-length=0 -ffunction-sections -c -MMD -MP -MF"Main/main.d" -MT"Main/main.o" -o "Main/main.o" "../Main/main.c"
Finished building: ../Main/main.c
 
Building target: Zad2.elf
Invoking: MCU G++ Linker
arm-none-eabi-g++ -mcpu=cortex-m4 -mthumb -mfloat-abi=soft -L"C:\Studia\TM\STM32_projekty\C\Zad2\Drivers" -T"C:/Studia/TM/STM32_projekty/C/Zad2/LinkerScript.ld" -Wl,-Map=output.map -Wl,--gc-sections -fno-exceptions -fno-rtti -o "Zad2.elf" @"objects.list"  -lSTM32LIB_SOFTFP_RAMLINK -lm
Finished building target: Zad2.elf
 
make --no-print-directory post-build
Generating binary and Printing size information:
arm-none-eabi-objcopy -O binary "Zad2.elf" "Zad2.bin"
arm-none-eabi-size "Zad2.elf"
   text	   data	    bss	    dec	    hex	filename
   2456	   1120	   2308	   5884	   16fc	Zad2.elf
 
18:47:08 **** Incremental Build of configuration Debug for project Zad2 ****
make all 
Building file: ../Main/main.c
Invoking: MCU GCC Compiler
C:\Studia\TM\STM32_projekty\C\Zad2\Debug
arm-none-eabi-gcc  -mcpu=cortex-m4 -mthumb -mfloat-abi=soft -DSTM32F429ZITx -DVECT_TAB_SRAM -DUSE_STM32F429I_DISCO -DSTM32F429xx -DUSE_HAL_DRIVER -DSTM32F429I_DISC1 -DSTM32F4 -DSTM32 -DDEBUG -I"C:/Studia/TM/STM32_projekty/C/Zad2/Drivers/BSP" -I"C:/Studia/TM/STM32_projekty/C/Zad2/Drivers/CMSIS" -I"C:/Studia/TM/STM32_projekty/C/Zad2/Drivers/STM32F4xx_HAL_Driver" -I"C:/Studia/TM/STM32_projekty/C/Zad2/Drivers/Utils" -I"C:/Studia/TM/STM32_projekty/C/Zad2/Main" -O0 -g3 -Wall -fmessage-length=0 -ffunction-sections -c -MMD -MP -MF"Main/main.d" -MT"Main/main.o" -o "Main/main.o" "../Main/main.c"
Finished building: ../Main/main.c
 
Building target: Zad2.elf
Invoking: MCU G++ Linker
arm-none-eabi-g++ -mcpu=cortex-m4 -mthumb -mfloat-abi=soft -L"C:\Studia\TM\STM32_projekty\C\Zad2\Drivers" -T"C:/Studia/TM/STM32_projekty/C/Zad2/LinkerScript.ld" -Wl,-Map=output.map -Wl,--gc-sections -fno-exceptions -fno-rtti -o "Zad2.elf" @"objects.list"  -lSTM32LIB_SOFTFP_RAMLINK -lm
Finished building target: Zad2.elf
 
make --no-print-directory post-build
Generating binary and Printing size information:
arm-none-eabi-objcopy -O binary "Zad2.elf" "Zad2.bin"
arm-none-eabi-size "Zad2.elf"
   text	   data	    bss	    dec	    hex	filename
   2456	   1120	   2308	   5884	   16fc	Zad2.elf
 
18:47:13 **** Incremental Build of configuration Debug for project Zad2 ****
make all 
make: Nothing to be done for 'all'.
18:47:57 **** Incremental Build of configuration Debug for project Zad2 ****
make all 
Building file: ../Main/main.c
Invoking: MCU GCC Compiler
C:\Studia\TM\STM32_projekty\C\Zad2\Debug
arm-none-eabi-gcc  -mcpu=cortex-m4 -mthumb -mfloat-abi=soft -DSTM32F429ZITx -DVECT_TAB_SRAM -DUSE_STM32F429I_DISCO -DSTM32F429xx -DUSE_HAL_DRIVER -DSTM32F429I_DISC1 -DSTM32F4 -DSTM32 -DDEBUG -I"C:/Studia/TM/STM32_projekty/C/Zad2/Drivers/BSP" -I"C:/Studia/TM/STM32_projekty/C/Zad2/Drivers/CMSIS" -I"C:/Studia/TM/STM32_projekty/C/Zad2/Drivers/STM32F4xx_HAL_Driver" -I"C:/Studia/TM/STM32_projekty/C/Zad2/Drivers/Utils" -I"C:/Studia/TM/STM32_projekty/C/Zad2/Main" -O0 -g3 -Wall -fmessage-length=0 -ffunction-sections -c -MMD -MP -MF"Main/main.d" -MT"Main/main.o" -o "Main/main.o" "../Main/main.c"
Finished building: ../Main/main.c
 
Building target: Zad2.elf
Invoking: MCU G++ Linker
arm-none-eabi-g++ -mcpu=cortex-m4 -mthumb -mfloat-abi=soft -L"C:\Studia\TM\STM32_projekty\C\Zad2\Drivers" -T"C:/Studia/TM/STM32_projekty/C/Zad2/LinkerScript.ld" -Wl,-Map=output.map -Wl,--gc-sections -fno-exceptions -fno-rtti -o "Zad2.elf" @"objects.list"  -lSTM32LIB_SOFTFP_RAMLINK -lm
Finished building target: Zad2.elf
 
make --no-print-directory post-build
Generating binary and Printing size information:
arm-none-eabi-objcopy -O binary "Zad2.elf" "Zad2.bin"
arm-none-eabi-size "Zad2.elf"
   text	   data	    bss	    dec	    hex	filename
   2456	   1120	   2308	   5884	   16fc	Zad2.elf
 
18:50:22 **** Incremental Build of configuration Debug for project Zad2 ****
make all 
Building file: ../Main/main.c
Invoking: MCU GCC Compiler
C:\Studia\TM\STM32_projekty\C\Zad2\Debug
arm-none-eabi-gcc  -mcpu=cortex-m4 -mthumb -mfloat-abi=soft -DSTM32F429ZITx -DVECT_TAB_SRAM -DUSE_STM32F429I_DISCO -DSTM32F429xx -DUSE_HAL_DRIVER -DSTM32F429I_DISC1 -DSTM32F4 -DSTM32 -DDEBUG -I"C:/Studia/TM/STM32_projekty/C/Zad2/Drivers/BSP" -I"C:/Studia/TM/STM32_projekty/C/Zad2/Drivers/CMSIS" -I"C:/Studia/TM/STM32_projekty/C/Zad2/Drivers/STM32F4xx_HAL_Driver" -I"C:/Studia/TM/STM32_projekty/C/Zad2/Drivers/Utils" -I"C:/Studia/TM/STM32_projekty/C/Zad2/Main" -O0 -g3 -Wall -fmessage-length=0 -ffunction-sections -c -MMD -MP -MF"Main/main.d" -MT"Main/main.o" -o "Main/main.o" "../Main/main.c"
Finished building: ../Main/main.c
 
Building target: Zad2.elf
Invoking: MCU G++ Linker
arm-none-eabi-g++ -mcpu=cortex-m4 -mthumb -mfloat-abi=soft -L"C:\Studia\TM\STM32_projekty\C\Zad2\Drivers" -T"C:/Studia/TM/STM32_projekty/C/Zad2/LinkerScript.ld" -Wl,-Map=output.map -Wl,--gc-sections -fno-exceptions -fno-rtti -o "Zad2.elf" @"objects.list"  -lSTM32LIB_SOFTFP_RAMLINK -lm
Finished building target: Zad2.elf
 
make --no-print-directory post-build
Generating binary and Printing size information:
arm-none-eabi-objcopy -O binary "Zad2.elf" "Zad2.bin"
arm-none-eabi-size "Zad2.elf"
   text	   data	    bss	    dec	    hex	filename
   2456	   1120	   2308	   5884	   16fc	Zad2.elf
 
18:54:54 **** Incremental Build of configuration Debug for project Zad2 ****
make all 
Building file: ../Main/main.c
Invoking: MCU GCC Compiler
C:\Studia\TM\STM32_projekty\C\Zad2\Debug
arm-none-eabi-gcc  -mcpu=cortex-m4 -mthumb -mfloat-abi=soft -DSTM32F429ZITx -DVECT_TAB_SRAM -DUSE_STM32F429I_DISCO -DSTM32F429xx -DUSE_HAL_DRIVER -DSTM32F429I_DISC1 -DSTM32F4 -DSTM32 -DDEBUG -I"C:/Studia/TM/STM32_projekty/C/Zad2/Drivers/BSP" -I"C:/Studia/TM/STM32_projekty/C/Zad2/Drivers/CMSIS" -I"C:/Studia/TM/STM32_projekty/C/Zad2/Drivers/STM32F4xx_HAL_Driver" -I"C:/Studia/TM/STM32_projekty/C/Zad2/Drivers/Utils" -I"C:/Studia/TM/STM32_projekty/C/Zad2/Main" -O0 -g3 -Wall -fmessage-length=0 -ffunction-sections -c -MMD -MP -MF"Main/main.d" -MT"Main/main.o" -o "Main/main.o" "../Main/main.c"
Finished building: ../Main/main.c
 
Building target: Zad2.elf
Invoking: MCU G++ Linker
arm-none-eabi-g++ -mcpu=cortex-m4 -mthumb -mfloat-abi=soft -L"C:\Studia\TM\STM32_projekty\C\Zad2\Drivers" -T"C:/Studia/TM/STM32_projekty/C/Zad2/LinkerScript.ld" -Wl,-Map=output.map -Wl,--gc-sections -fno-exceptions -fno-rtti -o "Zad2.elf" @"objects.list"  -lSTM32LIB_SOFTFP_RAMLINK -lm
Finished building target: Zad2.elf
 
make --no-print-directory post-build
Generating binary and Printing size information:
arm-none-eabi-objcopy -O binary "Zad2.elf" "Zad2.bin"
arm-none-eabi-size "Zad2.elf"
   text	   data	    bss	    dec	    hex	filename
   2456	   1120	   2308	   5884	   16fc	Zad2.elf
 
18:55:52 **** Incremental Build of configuration Debug for project Zad2 ****
make all 
Building file: ../Main/main.c
Invoking: MCU GCC Compiler
C:\Studia\TM\STM32_projekty\C\Zad2\Debug
arm-none-eabi-gcc  -mcpu=cortex-m4 -mthumb -mfloat-abi=soft -DSTM32F429ZITx -DVECT_TAB_SRAM -DUSE_STM32F429I_DISCO -DSTM32F429xx -DUSE_HAL_DRIVER -DSTM32F429I_DISC1 -DSTM32F4 -DSTM32 -DDEBUG -I"C:/Studia/TM/STM32_projekty/C/Zad2/Drivers/BSP" -I"C:/Studia/TM/STM32_projekty/C/Zad2/Drivers/CMSIS" -I"C:/Studia/TM/STM32_projekty/C/Zad2/Drivers/STM32F4xx_HAL_Driver" -I"C:/Studia/TM/STM32_projekty/C/Zad2/Drivers/Utils" -I"C:/Studia/TM/STM32_projekty/C/Zad2/Main" -O0 -g3 -Wall -fmessage-length=0 -ffunction-sections -c -MMD -MP -MF"Main/main.d" -MT"Main/main.o" -o "Main/main.o" "../Main/main.c"
Finished building: ../Main/main.c
 
Building target: Zad2.elf
Invoking: MCU G++ Linker
arm-none-eabi-g++ -mcpu=cortex-m4 -mthumb -mfloat-abi=soft -L"C:\Studia\TM\STM32_projekty\C\Zad2\Drivers" -T"C:/Studia/TM/STM32_projekty/C/Zad2/LinkerScript.ld" -Wl,-Map=output.map -Wl,--gc-sections -fno-exceptions -fno-rtti -o "Zad2.elf" @"objects.list"  -lSTM32LIB_SOFTFP_RAMLINK -lm
Finished building target: Zad2.elf
 
make --no-print-directory post-build
Generating binary and Printing size information:
arm-none-eabi-objcopy -O binary "Zad2.elf" "Zad2.bin"
arm-none-eabi-size "Zad2.elf"
   text	   data	    bss	    dec	    hex	filename
   2456	   1120	   2308	   5884	   16fc	Zad2.elf
 
18:58:22 **** Incremental Build of configuration Debug for project Zad2 ****
make all 
Building file: ../Main/main.c
Invoking: MCU GCC Compiler
C:\Studia\TM\STM32_projekty\C\Zad2\Debug
arm-none-eabi-gcc  -mcpu=cortex-m4 -mthumb -mfloat-abi=soft -DSTM32F429ZITx -DVECT_TAB_SRAM -DUSE_STM32F429I_DISCO -DSTM32F429xx -DUSE_HAL_DRIVER -DSTM32F429I_DISC1 -DSTM32F4 -DSTM32 -DDEBUG -I"C:/Studia/TM/STM32_projekty/C/Zad2/Drivers/BSP" -I"C:/Studia/TM/STM32_projekty/C/Zad2/Drivers/CMSIS" -I"C:/Studia/TM/STM32_projekty/C/Zad2/Drivers/STM32F4xx_HAL_Driver" -I"C:/Studia/TM/STM32_projekty/C/Zad2/Drivers/Utils" -I"C:/Studia/TM/STM32_projekty/C/Zad2/Main" -O0 -g3 -Wall -fmessage-length=0 -ffunction-sections -c -MMD -MP -MF"Main/main.d" -MT"Main/main.o" -o "Main/main.o" "../Main/main.c"
Finished building: ../Main/main.c
 
Building target: Zad2.elf
Invoking: MCU G++ Linker
arm-none-eabi-g++ -mcpu=cortex-m4 -mthumb -mfloat-abi=soft -L"C:\Studia\TM\STM32_projekty\C\Zad2\Drivers" -T"C:/Studia/TM/STM32_projekty/C/Zad2/LinkerScript.ld" -Wl,-Map=output.map -Wl,--gc-sections -fno-exceptions -fno-rtti -o "Zad2.elf" @"objects.list"  -lSTM32LIB_SOFTFP_RAMLINK -lm
Finished building target: Zad2.elf
 
make --no-print-directory post-build
Generating binary and Printing size information:
arm-none-eabi-objcopy -O binary "Zad2.elf" "Zad2.bin"
arm-none-eabi-size "Zad2.elf"
   text	   data	    bss	    dec	    hex	filename
   3932	   1120	   2308	   7360	   1cc0	Zad2.elf
 
19:01:05 **** Incremental Build of configuration Debug for project Zad2 ****
make all 
Building file: ../Main/main.c
Invoking: MCU GCC Compiler
C:\Studia\TM\STM32_projekty\C\Zad2\Debug
arm-none-eabi-gcc  -mcpu=cortex-m4 -mthumb -mfloat-abi=soft -DSTM32F429ZITx -DVECT_TAB_SRAM -DUSE_STM32F429I_DISCO -DSTM32F429xx -DUSE_HAL_DRIVER -DSTM32F429I_DISC1 -DSTM32F4 -DSTM32 -DDEBUG -I"C:/Studia/TM/STM32_projekty/C/Zad2/Drivers/BSP" -I"C:/Studia/TM/STM32_projekty/C/Zad2/Drivers/CMSIS" -I"C:/Studia/TM/STM32_projekty/C/Zad2/Drivers/STM32F4xx_HAL_Driver" -I"C:/Studia/TM/STM32_projekty/C/Zad2/Drivers/Utils" -I"C:/Studia/TM/STM32_projekty/C/Zad2/Main" -O0 -g3 -Wall -fmessage-length=0 -ffunction-sections -c -MMD -MP -MF"Main/main.d" -MT"Main/main.o" -o "Main/main.o" "../Main/main.c"
Finished building: ../Main/main.c
 
Building target: Zad2.elf
Invoking: MCU G++ Linker
arm-none-eabi-g++ -mcpu=cortex-m4 -mthumb -mfloat-abi=soft -L"C:\Studia\TM\STM32_projekty\C\Zad2\Drivers" -T"C:/Studia/TM/STM32_projekty/C/Zad2/LinkerScript.ld" -Wl,-Map=output.map -Wl,--gc-sections -fno-exceptions -fno-rtti -o "Zad2.elf" @"objects.list"  -lSTM32LIB_SOFTFP_RAMLINK -lm
Finished building target: Zad2.elf
 
make --no-print-directory post-build
Generating binary and Printing size information:
arm-none-eabi-objcopy -O binary "Zad2.elf" "Zad2.bin"
arm-none-eabi-size "Zad2.elf"
   text	   data	    bss	    dec	    hex	filename
   3972	   1128	   2316	   7416	   1cf8	Zad2.elf
 
19:01:48 **** Incremental Build of configuration Debug for project Zad2 ****
make all 
Building file: ../Main/main.c
Invoking: MCU GCC Compiler
C:\Studia\TM\STM32_projekty\C\Zad2\Debug
arm-none-eabi-gcc  -mcpu=cortex-m4 -mthumb -mfloat-abi=soft -DSTM32F429ZITx -DVECT_TAB_SRAM -DUSE_STM32F429I_DISCO -DSTM32F429xx -DUSE_HAL_DRIVER -DSTM32F429I_DISC1 -DSTM32F4 -DSTM32 -DDEBUG -I"C:/Studia/TM/STM32_projekty/C/Zad2/Drivers/BSP" -I"C:/Studia/TM/STM32_projekty/C/Zad2/Drivers/CMSIS" -I"C:/Studia/TM/STM32_projekty/C/Zad2/Drivers/STM32F4xx_HAL_Driver" -I"C:/Studia/TM/STM32_projekty/C/Zad2/Drivers/Utils" -I"C:/Studia/TM/STM32_projekty/C/Zad2/Main" -O0 -g3 -Wall -fmessage-length=0 -ffunction-sections -c -MMD -MP -MF"Main/main.d" -MT"Main/main.o" -o "Main/main.o" "../Main/main.c"
../Main/main.c: In function 'main':
../Main/main.c:78:35: error: expected expression before 'float'
                         if (xx >= float(240-mTime.ms * scale1))
                                   ^~~~~
make: *** [Main/main.o] Error 1
Main/subdir.mk:39: recipe for target 'Main/main.o' failed
19:02:13 **** Incremental Build of configuration Debug for project Zad2 ****
make all 
Building file: ../Main/main.c
Invoking: MCU GCC Compiler
C:\Studia\TM\STM32_projekty\C\Zad2\Debug
arm-none-eabi-gcc  -mcpu=cortex-m4 -mthumb -mfloat-abi=soft -DSTM32F429ZITx -DVECT_TAB_SRAM -DUSE_STM32F429I_DISCO -DSTM32F429xx -DUSE_HAL_DRIVER -DSTM32F429I_DISC1 -DSTM32F4 -DSTM32 -DDEBUG -I"C:/Studia/TM/STM32_projekty/C/Zad2/Drivers/BSP" -I"C:/Studia/TM/STM32_projekty/C/Zad2/Drivers/CMSIS" -I"C:/Studia/TM/STM32_projekty/C/Zad2/Drivers/STM32F4xx_HAL_Driver" -I"C:/Studia/TM/STM32_projekty/C/Zad2/Drivers/Utils" -I"C:/Studia/TM/STM32_projekty/C/Zad2/Main" -O0 -g3 -Wall -fmessage-length=0 -ffunction-sections -c -MMD -MP -MF"Main/main.d" -MT"Main/main.o" -o "Main/main.o" "../Main/main.c"
Finished building: ../Main/main.c
 
Building target: Zad2.elf
Invoking: MCU G++ Linker
arm-none-eabi-g++ -mcpu=cortex-m4 -mthumb -mfloat-abi=soft -L"C:\Studia\TM\STM32_projekty\C\Zad2\Drivers" -T"C:/Studia/TM/STM32_projekty/C/Zad2/LinkerScript.ld" -Wl,-Map=output.map -Wl,--gc-sections -fno-exceptions -fno-rtti -o "Zad2.elf" @"objects.list"  -lSTM32LIB_SOFTFP_RAMLINK -lm
Finished building target: Zad2.elf
 
make --no-print-directory post-build
Generating binary and Printing size information:
arm-none-eabi-objcopy -O binary "Zad2.elf" "Zad2.bin"
arm-none-eabi-size "Zad2.elf"
   text	   data	    bss	    dec	    hex	filename
   3972	   1128	   2316	   7416	   1cf8	Zad2.elf
 
19:03:16 **** Incremental Build of configuration Debug for project Zad2 ****
make all 
Building file: ../Main/main.c
Invoking: MCU GCC Compiler
C:\Studia\TM\STM32_projekty\C\Zad2\Debug
arm-none-eabi-gcc  -mcpu=cortex-m4 -mthumb -mfloat-abi=soft -DSTM32F429ZITx -DVECT_TAB_SRAM -DUSE_STM32F429I_DISCO -DSTM32F429xx -DUSE_HAL_DRIVER -DSTM32F429I_DISC1 -DSTM32F4 -DSTM32 -DDEBUG -I"C:/Studia/TM/STM32_projekty/C/Zad2/Drivers/BSP" -I"C:/Studia/TM/STM32_projekty/C/Zad2/Drivers/CMSIS" -I"C:/Studia/TM/STM32_projekty/C/Zad2/Drivers/STM32F4xx_HAL_Driver" -I"C:/Studia/TM/STM32_projekty/C/Zad2/Drivers/Utils" -I"C:/Studia/TM/STM32_projekty/C/Zad2/Main" -O0 -g3 -Wall -fmessage-length=0 -ffunction-sections -c -MMD -MP -MF"Main/main.d" -MT"Main/main.o" -o "Main/main.o" "../Main/main.c"
Finished building: ../Main/main.c
 
Building target: Zad2.elf
Invoking: MCU G++ Linker
arm-none-eabi-g++ -mcpu=cortex-m4 -mthumb -mfloat-abi=soft -L"C:\Studia\TM\STM32_projekty\C\Zad2\Drivers" -T"C:/Studia/TM/STM32_projekty/C/Zad2/LinkerScript.ld" -Wl,-Map=output.map -Wl,--gc-sections -fno-exceptions -fno-rtti -o "Zad2.elf" @"objects.list"  -lSTM32LIB_SOFTFP_RAMLINK -lm
Finished building target: Zad2.elf
 
make --no-print-directory post-build
Generating binary and Printing size information:
arm-none-eabi-objcopy -O binary "Zad2.elf" "Zad2.bin"
arm-none-eabi-size "Zad2.elf"
   text	   data	    bss	    dec	    hex	filename
   3972	   1128	   2316	   7416	   1cf8	Zad2.elf
 
19:04:15 **** Incremental Build of configuration Debug for project Zad2 ****
make all 
Building file: ../Main/main.c
Invoking: MCU GCC Compiler
C:\Studia\TM\STM32_projekty\C\Zad2\Debug
arm-none-eabi-gcc  -mcpu=cortex-m4 -mthumb -mfloat-abi=soft -DSTM32F429ZITx -DVECT_TAB_SRAM -DUSE_STM32F429I_DISCO -DSTM32F429xx -DUSE_HAL_DRIVER -DSTM32F429I_DISC1 -DSTM32F4 -DSTM32 -DDEBUG -I"C:/Studia/TM/STM32_projekty/C/Zad2/Drivers/BSP" -I"C:/Studia/TM/STM32_projekty/C/Zad2/Drivers/CMSIS" -I"C:/Studia/TM/STM32_projekty/C/Zad2/Drivers/STM32F4xx_HAL_Driver" -I"C:/Studia/TM/STM32_projekty/C/Zad2/Drivers/Utils" -I"C:/Studia/TM/STM32_projekty/C/Zad2/Main" -O0 -g3 -Wall -fmessage-length=0 -ffunction-sections -c -MMD -MP -MF"Main/main.d" -MT"Main/main.o" -o "Main/main.o" "../Main/main.c"
Finished building: ../Main/main.c
 
Building target: Zad2.elf
Invoking: MCU G++ Linker
arm-none-eabi-g++ -mcpu=cortex-m4 -mthumb -mfloat-abi=soft -L"C:\Studia\TM\STM32_projekty\C\Zad2\Drivers" -T"C:/Studia/TM/STM32_projekty/C/Zad2/LinkerScript.ld" -Wl,-Map=output.map -Wl,--gc-sections -fno-exceptions -fno-rtti -o "Zad2.elf" @"objects.list"  -lSTM32LIB_SOFTFP_RAMLINK -lm
Finished building target: Zad2.elf
 
make --no-print-directory post-build
Generating binary and Printing size information:
arm-none-eabi-objcopy -O binary "Zad2.elf" "Zad2.bin"
arm-none-eabi-size "Zad2.elf"
   text	   data	    bss	    dec	    hex	filename
   3972	   1128	   2316	   7416	   1cf8	Zad2.elf
 
19:06:05 **** Incremental Build of configuration Debug for project Zad2 ****
make all 
Building file: ../Main/main.c
Invoking: MCU GCC Compiler
C:\Studia\TM\STM32_projekty\C\Zad2\Debug
arm-none-eabi-gcc  -mcpu=cortex-m4 -mthumb -mfloat-abi=soft -DSTM32F429ZITx -DVECT_TAB_SRAM -DUSE_STM32F429I_DISCO -DSTM32F429xx -DUSE_HAL_DRIVER -DSTM32F429I_DISC1 -DSTM32F4 -DSTM32 -DDEBUG -I"C:/Studia/TM/STM32_projekty/C/Zad2/Drivers/BSP" -I"C:/Studia/TM/STM32_projekty/C/Zad2/Drivers/CMSIS" -I"C:/Studia/TM/STM32_projekty/C/Zad2/Drivers/STM32F4xx_HAL_Driver" -I"C:/Studia/TM/STM32_projekty/C/Zad2/Drivers/Utils" -I"C:/Studia/TM/STM32_projekty/C/Zad2/Main" -O0 -g3 -Wall -fmessage-length=0 -ffunction-sections -c -MMD -MP -MF"Main/main.d" -MT"Main/main.o" -o "Main/main.o" "../Main/main.c"
Finished building: ../Main/main.c
 
Building target: Zad2.elf
Invoking: MCU G++ Linker
arm-none-eabi-g++ -mcpu=cortex-m4 -mthumb -mfloat-abi=soft -L"C:\Studia\TM\STM32_projekty\C\Zad2\Drivers" -T"C:/Studia/TM/STM32_projekty/C/Zad2/LinkerScript.ld" -Wl,-Map=output.map -Wl,--gc-sections -fno-exceptions -fno-rtti -o "Zad2.elf" @"objects.list"  -lSTM32LIB_SOFTFP_RAMLINK -lm
Finished building target: Zad2.elf
 
make --no-print-directory post-build
Generating binary and Printing size information:
arm-none-eabi-objcopy -O binary "Zad2.elf" "Zad2.bin"
arm-none-eabi-size "Zad2.elf"
   text	   data	    bss	    dec	    hex	filename
   3972	   1128	   2316	   7416	   1cf8	Zad2.elf
 
19:07:59 **** Incremental Build of configuration Debug for project Zad2 ****
make all 
Building file: ../Main/main.c
Invoking: MCU GCC Compiler
C:\Studia\TM\STM32_projekty\C\Zad2\Debug
arm-none-eabi-gcc  -mcpu=cortex-m4 -mthumb -mfloat-abi=soft -DSTM32F429ZITx -DVECT_TAB_SRAM -DUSE_STM32F429I_DISCO -DSTM32F429xx -DUSE_HAL_DRIVER -DSTM32F429I_DISC1 -DSTM32F4 -DSTM32 -DDEBUG -I"C:/Studia/TM/STM32_projekty/C/Zad2/Drivers/BSP" -I"C:/Studia/TM/STM32_projekty/C/Zad2/Drivers/CMSIS" -I"C:/Studia/TM/STM32_projekty/C/Zad2/Drivers/STM32F4xx_HAL_Driver" -I"C:/Studia/TM/STM32_projekty/C/Zad2/Drivers/Utils" -I"C:/Studia/TM/STM32_projekty/C/Zad2/Main" -O0 -g3 -Wall -fmessage-length=0 -ffunction-sections -c -MMD -MP -MF"Main/main.d" -MT"Main/main.o" -o "Main/main.o" "../Main/main.c"
Finished building: ../Main/main.c
 
Building target: Zad2.elf
Invoking: MCU G++ Linker
arm-none-eabi-g++ -mcpu=cortex-m4 -mthumb -mfloat-abi=soft -L"C:\Studia\TM\STM32_projekty\C\Zad2\Drivers" -T"C:/Studia/TM/STM32_projekty/C/Zad2/LinkerScript.ld" -Wl,-Map=output.map -Wl,--gc-sections -fno-exceptions -fno-rtti -o "Zad2.elf" @"objects.list"  -lSTM32LIB_SOFTFP_RAMLINK -lm
Finished building target: Zad2.elf
 
make --no-print-directory post-build
Generating binary and Printing size information:
arm-none-eabi-objcopy -O binary "Zad2.elf" "Zad2.bin"
arm-none-eabi-size "Zad2.elf"
   text	   data	    bss	    dec	    hex	filename
   3972	   1128	   2316	   7416	   1cf8	Zad2.elf
 
19:28:27 **** Incremental Build of configuration Debug for project Zad2 ****
make all 
Building file: ../Main/main.c
Invoking: MCU GCC Compiler
C:\Studia\TM\STM32_projekty\C\Zad2\Debug
arm-none-eabi-gcc  -mcpu=cortex-m4 -mthumb -mfloat-abi=soft -DSTM32F429ZITx -DVECT_TAB_SRAM -DUSE_STM32F429I_DISCO -DSTM32F429xx -DUSE_HAL_DRIVER -DSTM32F429I_DISC1 -DSTM32F4 -DSTM32 -DDEBUG -I"C:/Studia/TM/STM32_projekty/C/Zad2/Drivers/BSP" -I"C:/Studia/TM/STM32_projekty/C/Zad2/Drivers/CMSIS" -I"C:/Studia/TM/STM32_projekty/C/Zad2/Drivers/STM32F4xx_HAL_Driver" -I"C:/Studia/TM/STM32_projekty/C/Zad2/Drivers/Utils" -I"C:/Studia/TM/STM32_projekty/C/Zad2/Main" -O0 -g3 -Wall -fmessage-length=0 -ffunction-sections -c -MMD -MP -MF"Main/main.d" -MT"Main/main.o" -o "Main/main.o" "../Main/main.c"
Finished building: ../Main/main.c
 
Building target: Zad2.elf
Invoking: MCU G++ Linker
arm-none-eabi-g++ -mcpu=cortex-m4 -mthumb -mfloat-abi=soft -L"C:\Studia\TM\STM32_projekty\C\Zad2\Drivers" -T"C:/Studia/TM/STM32_projekty/C/Zad2/LinkerScript.ld" -Wl,-Map=output.map -Wl,--gc-sections -fno-exceptions -fno-rtti -o "Zad2.elf" @"objects.list"  -lSTM32LIB_SOFTFP_RAMLINK -lm
Finished building target: Zad2.elf
 
make --no-print-directory post-build
Generating binary and Printing size information:
arm-none-eabi-objcopy -O binary "Zad2.elf" "Zad2.bin"
arm-none-eabi-size "Zad2.elf"
   text	   data	    bss	    dec	    hex	filename
   3972	   1128	   2308	   7408	   1cf0	Zad2.elf
 
19:29:31 **** Incremental Build of configuration Debug for project Zad2 ****
make all 
Building file: ../Main/main.c
Invoking: MCU GCC Compiler
C:\Studia\TM\STM32_projekty\C\Zad2\Debug
arm-none-eabi-gcc  -mcpu=cortex-m4 -mthumb -mfloat-abi=soft -DSTM32F429ZITx -DVECT_TAB_SRAM -DUSE_STM32F429I_DISCO -DSTM32F429xx -DUSE_HAL_DRIVER -DSTM32F429I_DISC1 -DSTM32F4 -DSTM32 -DDEBUG -I"C:/Studia/TM/STM32_projekty/C/Zad2/Drivers/BSP" -I"C:/Studia/TM/STM32_projekty/C/Zad2/Drivers/CMSIS" -I"C:/Studia/TM/STM32_projekty/C/Zad2/Drivers/STM32F4xx_HAL_Driver" -I"C:/Studia/TM/STM32_projekty/C/Zad2/Drivers/Utils" -I"C:/Studia/TM/STM32_projekty/C/Zad2/Main" -O0 -g3 -Wall -fmessage-length=0 -ffunction-sections -c -MMD -MP -MF"Main/main.d" -MT"Main/main.o" -o "Main/main.o" "../Main/main.c"
Finished building: ../Main/main.c
 
Building target: Zad2.elf
Invoking: MCU G++ Linker
arm-none-eabi-g++ -mcpu=cortex-m4 -mthumb -mfloat-abi=soft -L"C:\Studia\TM\STM32_projekty\C\Zad2\Drivers" -T"C:/Studia/TM/STM32_projekty/C/Zad2/LinkerScript.ld" -Wl,-Map=output.map -Wl,--gc-sections -fno-exceptions -fno-rtti -o "Zad2.elf" @"objects.list"  -lSTM32LIB_SOFTFP_RAMLINK -lm
Finished building target: Zad2.elf
 
make --no-print-directory post-build
Generating binary and Printing size information:
arm-none-eabi-objcopy -O binary "Zad2.elf" "Zad2.bin"
arm-none-eabi-size "Zad2.elf"
   text	   data	    bss	    dec	    hex	filename
   3972	   1128	   2308	   7408	   1cf0	Zad2.elf
 
19:30:33 **** Incremental Build of configuration Debug for project Zad2 ****
make all 
Building file: ../Main/main.c
Invoking: MCU GCC Compiler
C:\Studia\TM\STM32_projekty\C\Zad2\Debug
arm-none-eabi-gcc  -mcpu=cortex-m4 -mthumb -mfloat-abi=soft -DSTM32F429ZITx -DVECT_TAB_SRAM -DUSE_STM32F429I_DISCO -DSTM32F429xx -DUSE_HAL_DRIVER -DSTM32F429I_DISC1 -DSTM32F4 -DSTM32 -DDEBUG -I"C:/Studia/TM/STM32_projekty/C/Zad2/Drivers/BSP" -I"C:/Studia/TM/STM32_projekty/C/Zad2/Drivers/CMSIS" -I"C:/Studia/TM/STM32_projekty/C/Zad2/Drivers/STM32F4xx_HAL_Driver" -I"C:/Studia/TM/STM32_projekty/C/Zad2/Drivers/Utils" -I"C:/Studia/TM/STM32_projekty/C/Zad2/Main" -O0 -g3 -Wall -fmessage-length=0 -ffunction-sections -c -MMD -MP -MF"Main/main.d" -MT"Main/main.o" -o "Main/main.o" "../Main/main.c"
Finished building: ../Main/main.c
 
Building target: Zad2.elf
Invoking: MCU G++ Linker
arm-none-eabi-g++ -mcpu=cortex-m4 -mthumb -mfloat-abi=soft -L"C:\Studia\TM\STM32_projekty\C\Zad2\Drivers" -T"C:/Studia/TM/STM32_projekty/C/Zad2/LinkerScript.ld" -Wl,-Map=output.map -Wl,--gc-sections -fno-exceptions -fno-rtti -o "Zad2.elf" @"objects.list"  -lSTM32LIB_SOFTFP_RAMLINK -lm
Finished building target: Zad2.elf
 
make --no-print-directory post-build
Generating binary and Printing size information:
arm-none-eabi-objcopy -O binary "Zad2.elf" "Zad2.bin"
arm-none-eabi-size "Zad2.elf"
   text	   data	    bss	    dec	    hex	filename
   3972	   1128	   2308	   7408	   1cf0	Zad2.elf
 
19:30:40 **** Incremental Build of configuration Debug for project Zad2 ****
make all 
Building file: ../Main/main.c
Invoking: MCU GCC Compiler
C:\Studia\TM\STM32_projekty\C\Zad2\Debug
arm-none-eabi-gcc  -mcpu=cortex-m4 -mthumb -mfloat-abi=soft -DSTM32F429ZITx -DVECT_TAB_SRAM -DUSE_STM32F429I_DISCO -DSTM32F429xx -DUSE_HAL_DRIVER -DSTM32F429I_DISC1 -DSTM32F4 -DSTM32 -DDEBUG -I"C:/Studia/TM/STM32_projekty/C/Zad2/Drivers/BSP" -I"C:/Studia/TM/STM32_projekty/C/Zad2/Drivers/CMSIS" -I"C:/Studia/TM/STM32_projekty/C/Zad2/Drivers/STM32F4xx_HAL_Driver" -I"C:/Studia/TM/STM32_projekty/C/Zad2/Drivers/Utils" -I"C:/Studia/TM/STM32_projekty/C/Zad2/Main" -O0 -g3 -Wall -fmessage-length=0 -ffunction-sections -c -MMD -MP -MF"Main/main.d" -MT"Main/main.o" -o "Main/main.o" "../Main/main.c"
Finished building: ../Main/main.c
 
Building target: Zad2.elf
Invoking: MCU G++ Linker
arm-none-eabi-g++ -mcpu=cortex-m4 -mthumb -mfloat-abi=soft -L"C:\Studia\TM\STM32_projekty\C\Zad2\Drivers" -T"C:/Studia/TM/STM32_projekty/C/Zad2/LinkerScript.ld" -Wl,-Map=output.map -Wl,--gc-sections -fno-exceptions -fno-rtti -o "Zad2.elf" @"objects.list"  -lSTM32LIB_SOFTFP_RAMLINK -lm
Finished building target: Zad2.elf
 
make --no-print-directory post-build
Generating binary and Printing size information:
arm-none-eabi-objcopy -O binary "Zad2.elf" "Zad2.bin"
arm-none-eabi-size "Zad2.elf"
   text	   data	    bss	    dec	    hex	filename
   3972	   1128	   2308	   7408	   1cf0	Zad2.elf
 
19:34:43 **** Incremental Build of configuration Debug for project Zad2 ****
make all 
Building file: ../Main/main.c
Invoking: MCU GCC Compiler
C:\Studia\TM\STM32_projekty\C\Zad2\Debug
arm-none-eabi-gcc  -mcpu=cortex-m4 -mthumb -mfloat-abi=soft -DSTM32F429ZITx -DVECT_TAB_SRAM -DUSE_STM32F429I_DISCO -DSTM32F429xx -DUSE_HAL_DRIVER -DSTM32F429I_DISC1 -DSTM32F4 -DSTM32 -DDEBUG -I"C:/Studia/TM/STM32_projekty/C/Zad2/Drivers/BSP" -I"C:/Studia/TM/STM32_projekty/C/Zad2/Drivers/CMSIS" -I"C:/Studia/TM/STM32_projekty/C/Zad2/Drivers/STM32F4xx_HAL_Driver" -I"C:/Studia/TM/STM32_projekty/C/Zad2/Drivers/Utils" -I"C:/Studia/TM/STM32_projekty/C/Zad2/Main" -O0 -g3 -Wall -fmessage-length=0 -ffunction-sections -c -MMD -MP -MF"Main/main.d" -MT"Main/main.o" -o "Main/main.o" "../Main/main.c"
Finished building: ../Main/main.c
 
Building target: Zad2.elf
Invoking: MCU G++ Linker
arm-none-eabi-g++ -mcpu=cortex-m4 -mthumb -mfloat-abi=soft -L"C:\Studia\TM\STM32_projekty\C\Zad2\Drivers" -T"C:/Studia/TM/STM32_projekty/C/Zad2/LinkerScript.ld" -Wl,-Map=output.map -Wl,--gc-sections -fno-exceptions -fno-rtti -o "Zad2.elf" @"objects.list"  -lSTM32LIB_SOFTFP_RAMLINK -lm
Finished building target: Zad2.elf
 
make --no-print-directory post-build
Generating binary and Printing size information:
arm-none-eabi-objcopy -O binary "Zad2.elf" "Zad2.bin"
arm-none-eabi-size "Zad2.elf"
   text	   data	    bss	    dec	    hex	filename
   3972	   1128	   2308	   7408	   1cf0	Zad2.elf
 
19:35:37 **** Incremental Build of configuration Debug for project Zad2 ****
make all 
Building file: ../Main/main.c
Invoking: MCU GCC Compiler
C:\Studia\TM\STM32_projekty\C\Zad2\Debug
arm-none-eabi-gcc  -mcpu=cortex-m4 -mthumb -mfloat-abi=soft -DSTM32F429ZITx -DVECT_TAB_SRAM -DUSE_STM32F429I_DISCO -DSTM32F429xx -DUSE_HAL_DRIVER -DSTM32F429I_DISC1 -DSTM32F4 -DSTM32 -DDEBUG -I"C:/Studia/TM/STM32_projekty/C/Zad2/Drivers/BSP" -I"C:/Studia/TM/STM32_projekty/C/Zad2/Drivers/CMSIS" -I"C:/Studia/TM/STM32_projekty/C/Zad2/Drivers/STM32F4xx_HAL_Driver" -I"C:/Studia/TM/STM32_projekty/C/Zad2/Drivers/Utils" -I"C:/Studia/TM/STM32_projekty/C/Zad2/Main" -O0 -g3 -Wall -fmessage-length=0 -ffunction-sections -c -MMD -MP -MF"Main/main.d" -MT"Main/main.o" -o "Main/main.o" "../Main/main.c"
Finished building: ../Main/main.c
 
Building target: Zad2.elf
Invoking: MCU G++ Linker
arm-none-eabi-g++ -mcpu=cortex-m4 -mthumb -mfloat-abi=soft -L"C:\Studia\TM\STM32_projekty\C\Zad2\Drivers" -T"C:/Studia/TM/STM32_projekty/C/Zad2/LinkerScript.ld" -Wl,-Map=output.map -Wl,--gc-sections -fno-exceptions -fno-rtti -o "Zad2.elf" @"objects.list"  -lSTM32LIB_SOFTFP_RAMLINK -lm
Finished building target: Zad2.elf
 
make --no-print-directory post-build
Generating binary and Printing size information:
arm-none-eabi-objcopy -O binary "Zad2.elf" "Zad2.bin"
arm-none-eabi-size "Zad2.elf"
   text	   data	    bss	    dec	    hex	filename
   3972	   1128	   2308	   7408	   1cf0	Zad2.elf
 
19:37:27 **** Incremental Build of configuration Debug for project Zad2 ****
make all 
Building file: ../Main/main.c
Invoking: MCU GCC Compiler
C:\Studia\TM\STM32_projekty\C\Zad2\Debug
arm-none-eabi-gcc  -mcpu=cortex-m4 -mthumb -mfloat-abi=soft -DSTM32F429ZITx -DVECT_TAB_SRAM -DUSE_STM32F429I_DISCO -DSTM32F429xx -DUSE_HAL_DRIVER -DSTM32F429I_DISC1 -DSTM32F4 -DSTM32 -DDEBUG -I"C:/Studia/TM/STM32_projekty/C/Zad2/Drivers/BSP" -I"C:/Studia/TM/STM32_projekty/C/Zad2/Drivers/CMSIS" -I"C:/Studia/TM/STM32_projekty/C/Zad2/Drivers/STM32F4xx_HAL_Driver" -I"C:/Studia/TM/STM32_projekty/C/Zad2/Drivers/Utils" -I"C:/Studia/TM/STM32_projekty/C/Zad2/Main" -O0 -g3 -Wall -fmessage-length=0 -ffunction-sections -c -MMD -MP -MF"Main/main.d" -MT"Main/main.o" -o "Main/main.o" "../Main/main.c"
Finished building: ../Main/main.c
 
Building target: Zad2.elf
Invoking: MCU G++ Linker
arm-none-eabi-g++ -mcpu=cortex-m4 -mthumb -mfloat-abi=soft -L"C:\Studia\TM\STM32_projekty\C\Zad2\Drivers" -T"C:/Studia/TM/STM32_projekty/C/Zad2/LinkerScript.ld" -Wl,-Map=output.map -Wl,--gc-sections -fno-exceptions -fno-rtti -o "Zad2.elf" @"objects.list"  -lSTM32LIB_SOFTFP_RAMLINK -lm
Finished building target: Zad2.elf
 
make --no-print-directory post-build
Generating binary and Printing size information:
arm-none-eabi-objcopy -O binary "Zad2.elf" "Zad2.bin"
arm-none-eabi-size "Zad2.elf"
   text	   data	    bss	    dec	    hex	filename
   3972	   1128	   2308	   7408	   1cf0	Zad2.elf
 
19:38:48 **** Incremental Build of configuration Debug for project Zad2 ****
make all 
Building file: ../Main/main.c
Invoking: MCU GCC Compiler
C:\Studia\TM\STM32_projekty\C\Zad2\Debug
arm-none-eabi-gcc  -mcpu=cortex-m4 -mthumb -mfloat-abi=soft -DSTM32F429ZITx -DVECT_TAB_SRAM -DUSE_STM32F429I_DISCO -DSTM32F429xx -DUSE_HAL_DRIVER -DSTM32F429I_DISC1 -DSTM32F4 -DSTM32 -DDEBUG -I"C:/Studia/TM/STM32_projekty/C/Zad2/Drivers/BSP" -I"C:/Studia/TM/STM32_projekty/C/Zad2/Drivers/CMSIS" -I"C:/Studia/TM/STM32_projekty/C/Zad2/Drivers/STM32F4xx_HAL_Driver" -I"C:/Studia/TM/STM32_projekty/C/Zad2/Drivers/Utils" -I"C:/Studia/TM/STM32_projekty/C/Zad2/Main" -O0 -g3 -Wall -fmessage-length=0 -ffunction-sections -c -MMD -MP -MF"Main/main.d" -MT"Main/main.o" -o "Main/main.o" "../Main/main.c"
Finished building: ../Main/main.c
 
Building target: Zad2.elf
Invoking: MCU G++ Linker
arm-none-eabi-g++ -mcpu=cortex-m4 -mthumb -mfloat-abi=soft -L"C:\Studia\TM\STM32_projekty\C\Zad2\Drivers" -T"C:/Studia/TM/STM32_projekty/C/Zad2/LinkerScript.ld" -Wl,-Map=output.map -Wl,--gc-sections -fno-exceptions -fno-rtti -o "Zad2.elf" @"objects.list"  -lSTM32LIB_SOFTFP_RAMLINK -lm
Finished building target: Zad2.elf
 
make --no-print-directory post-build
Generating binary and Printing size information:
arm-none-eabi-objcopy -O binary "Zad2.elf" "Zad2.bin"
arm-none-eabi-size "Zad2.elf"
   text	   data	    bss	    dec	    hex	filename
   3996	   1128	   2308	   7432	   1d08	Zad2.elf
 
19:40:27 **** Incremental Build of configuration Debug for project Zad2 ****
make all 
Building file: ../Main/main.c
Invoking: MCU GCC Compiler
C:\Studia\TM\STM32_projekty\C\Zad2\Debug
arm-none-eabi-gcc  -mcpu=cortex-m4 -mthumb -mfloat-abi=soft -DSTM32F429ZITx -DVECT_TAB_SRAM -DUSE_STM32F429I_DISCO -DSTM32F429xx -DUSE_HAL_DRIVER -DSTM32F429I_DISC1 -DSTM32F4 -DSTM32 -DDEBUG -I"C:/Studia/TM/STM32_projekty/C/Zad2/Drivers/BSP" -I"C:/Studia/TM/STM32_projekty/C/Zad2/Drivers/CMSIS" -I"C:/Studia/TM/STM32_projekty/C/Zad2/Drivers/STM32F4xx_HAL_Driver" -I"C:/Studia/TM/STM32_projekty/C/Zad2/Drivers/Utils" -I"C:/Studia/TM/STM32_projekty/C/Zad2/Main" -O0 -g3 -Wall -fmessage-length=0 -ffunction-sections -c -MMD -MP -MF"Main/main.d" -MT"Main/main.o" -o "Main/main.o" "../Main/main.c"
../Main/main.c: In function 'main':
../Main/main.c:78:59: error: expected statement before ')' token
                         if (xx <= 240 - mTime.ms * scale1))
                                                           ^
../Main/main.c:82:25: error: expected '}' before 'else'
                         else
                         ^~~~
../Main/main.c:87:21: error: 'else' without a previous 'if'
                     else
                     ^~~~
../Main/main.c:94:29: error: 'xx' undeclared (first use in this function); did you mean 'dx'?
                         if (xx <= 240 - mTime.s * scale2)
                             ^~
                             dx
../Main/main.c:94:29: note: each undeclared identifier is reported only once for each function it appears in
../Main/main.c: At top level:
../Main/main.c:120:1: error: expected identifier or '(' before '}' token
 }
 ^
make: *** [Main/main.o] Error 1
Main/subdir.mk:39: recipe for target 'Main/main.o' failed
19:41:07 **** Incremental Build of configuration Debug for project Zad2 ****
make all 
Building file: ../Main/main.c
Invoking: MCU GCC Compiler
C:\Studia\TM\STM32_projekty\C\Zad2\Debug
arm-none-eabi-gcc  -mcpu=cortex-m4 -mthumb -mfloat-abi=soft -DSTM32F429ZITx -DVECT_TAB_SRAM -DUSE_STM32F429I_DISCO -DSTM32F429xx -DUSE_HAL_DRIVER -DSTM32F429I_DISC1 -DSTM32F4 -DSTM32 -DDEBUG -I"C:/Studia/TM/STM32_projekty/C/Zad2/Drivers/BSP" -I"C:/Studia/TM/STM32_projekty/C/Zad2/Drivers/CMSIS" -I"C:/Studia/TM/STM32_projekty/C/Zad2/Drivers/STM32F4xx_HAL_Driver" -I"C:/Studia/TM/STM32_projekty/C/Zad2/Drivers/Utils" -I"C:/Studia/TM/STM32_projekty/C/Zad2/Main" -O0 -g3 -Wall -fmessage-length=0 -ffunction-sections -c -MMD -MP -MF"Main/main.d" -MT"Main/main.o" -o "Main/main.o" "../Main/main.c"
Finished building: ../Main/main.c
 
Building target: Zad2.elf
Invoking: MCU G++ Linker
arm-none-eabi-g++ -mcpu=cortex-m4 -mthumb -mfloat-abi=soft -L"C:\Studia\TM\STM32_projekty\C\Zad2\Drivers" -T"C:/Studia/TM/STM32_projekty/C/Zad2/LinkerScript.ld" -Wl,-Map=output.map -Wl,--gc-sections -fno-exceptions -fno-rtti -o "Zad2.elf" @"objects.list"  -lSTM32LIB_SOFTFP_RAMLINK -lm
Finished building target: Zad2.elf
 
make --no-print-directory post-build
Generating binary and Printing size information:
arm-none-eabi-objcopy -O binary "Zad2.elf" "Zad2.bin"
arm-none-eabi-size "Zad2.elf"
   text	   data	    bss	    dec	    hex	filename
   3992	   1128	   2308	   7428	   1d04	Zad2.elf
 
19:41:24 **** Incremental Build of configuration Debug for project Zad2 ****
make all 
Building file: ../Main/main.c
Invoking: MCU GCC Compiler
C:\Studia\TM\STM32_projekty\C\Zad2\Debug
arm-none-eabi-gcc  -mcpu=cortex-m4 -mthumb -mfloat-abi=soft -DSTM32F429ZITx -DVECT_TAB_SRAM -DUSE_STM32F429I_DISCO -DSTM32F429xx -DUSE_HAL_DRIVER -DSTM32F429I_DISC1 -DSTM32F4 -DSTM32 -DDEBUG -I"C:/Studia/TM/STM32_projekty/C/Zad2/Drivers/BSP" -I"C:/Studia/TM/STM32_projekty/C/Zad2/Drivers/CMSIS" -I"C:/Studia/TM/STM32_projekty/C/Zad2/Drivers/STM32F4xx_HAL_Driver" -I"C:/Studia/TM/STM32_projekty/C/Zad2/Drivers/Utils" -I"C:/Studia/TM/STM32_projekty/C/Zad2/Main" -O0 -g3 -Wall -fmessage-length=0 -ffunction-sections -c -MMD -MP -MF"Main/main.d" -MT"Main/main.o" -o "Main/main.o" "../Main/main.c"
Finished building: ../Main/main.c
 
Building target: Zad2.elf
Invoking: MCU G++ Linker
arm-none-eabi-g++ -mcpu=cortex-m4 -mthumb -mfloat-abi=soft -L"C:\Studia\TM\STM32_projekty\C\Zad2\Drivers" -T"C:/Studia/TM/STM32_projekty/C/Zad2/LinkerScript.ld" -Wl,-Map=output.map -Wl,--gc-sections -fno-exceptions -fno-rtti -o "Zad2.elf" @"objects.list"  -lSTM32LIB_SOFTFP_RAMLINK -lm
Finished building target: Zad2.elf
 
make --no-print-directory post-build
Generating binary and Printing size information:
arm-none-eabi-objcopy -O binary "Zad2.elf" "Zad2.bin"
arm-none-eabi-size "Zad2.elf"
   text	   data	    bss	    dec	    hex	filename
   3992	   1128	   2308	   7428	   1d04	Zad2.elf
 
19:42:04 **** Incremental Build of configuration Debug for project Zad2 ****
make all 
Building file: ../Main/main.c
Invoking: MCU GCC Compiler
C:\Studia\TM\STM32_projekty\C\Zad2\Debug
arm-none-eabi-gcc  -mcpu=cortex-m4 -mthumb -mfloat-abi=soft -DSTM32F429ZITx -DVECT_TAB_SRAM -DUSE_STM32F429I_DISCO -DSTM32F429xx -DUSE_HAL_DRIVER -DSTM32F429I_DISC1 -DSTM32F4 -DSTM32 -DDEBUG -I"C:/Studia/TM/STM32_projekty/C/Zad2/Drivers/BSP" -I"C:/Studia/TM/STM32_projekty/C/Zad2/Drivers/CMSIS" -I"C:/Studia/TM/STM32_projekty/C/Zad2/Drivers/STM32F4xx_HAL_Driver" -I"C:/Studia/TM/STM32_projekty/C/Zad2/Drivers/Utils" -I"C:/Studia/TM/STM32_projekty/C/Zad2/Main" -O0 -g3 -Wall -fmessage-length=0 -ffunction-sections -c -MMD -MP -MF"Main/main.d" -MT"Main/main.o" -o "Main/main.o" "../Main/main.c"
Finished building: ../Main/main.c
 
Building target: Zad2.elf
Invoking: MCU G++ Linker
arm-none-eabi-g++ -mcpu=cortex-m4 -mthumb -mfloat-abi=soft -L"C:\Studia\TM\STM32_projekty\C\Zad2\Drivers" -T"C:/Studia/TM/STM32_projekty/C/Zad2/LinkerScript.ld" -Wl,-Map=output.map -Wl,--gc-sections -fno-exceptions -fno-rtti -o "Zad2.elf" @"objects.list"  -lSTM32LIB_SOFTFP_RAMLINK -lm
Finished building target: Zad2.elf
 
make --no-print-directory post-build
Generating binary and Printing size information:
arm-none-eabi-objcopy -O binary "Zad2.elf" "Zad2.bin"
arm-none-eabi-size "Zad2.elf"
   text	   data	    bss	    dec	    hex	filename
   4008	   1128	   2308	   7444	   1d14	Zad2.elf
 
19:50:16 **** Incremental Build of configuration Debug for project Zad2 ****
make all 
Building file: ../Main/main.c
Invoking: MCU GCC Compiler
C:\Studia\TM\STM32_projekty\C\Zad2\Debug
arm-none-eabi-gcc  -mcpu=cortex-m4 -mthumb -mfloat-abi=soft -DSTM32F429ZITx -DVECT_TAB_SRAM -DUSE_STM32F429I_DISCO -DSTM32F429xx -DUSE_HAL_DRIVER -DSTM32F429I_DISC1 -DSTM32F4 -DSTM32 -DDEBUG -I"C:/Studia/TM/STM32_projekty/C/Zad2/Drivers/BSP" -I"C:/Studia/TM/STM32_projekty/C/Zad2/Drivers/CMSIS" -I"C:/Studia/TM/STM32_projekty/C/Zad2/Drivers/STM32F4xx_HAL_Driver" -I"C:/Studia/TM/STM32_projekty/C/Zad2/Drivers/Utils" -I"C:/Studia/TM/STM32_projekty/C/Zad2/Main" -O0 -g3 -Wall -fmessage-length=0 -ffunction-sections -c -MMD -MP -MF"Main/main.d" -MT"Main/main.o" -o "Main/main.o" "../Main/main.c"
../Main/main.c: In function 'main':
../Main/main.c:91:37: error: lvalue required as left operand of assignment
                             pixel++ = black;
                                     ^
../Main/main.c:105:9: error: expected declaration or statement at end of input
         }
         ^
../Main/main.c:105:9: error: expected declaration or statement at end of input
make: *** [Main/main.o] Error 1
Main/subdir.mk:39: recipe for target 'Main/main.o' failed
19:50:40 **** Incremental Build of configuration Debug for project Zad2 ****
make all 
Building file: ../Main/main.c
Invoking: MCU GCC Compiler
C:\Studia\TM\STM32_projekty\C\Zad2\Debug
arm-none-eabi-gcc  -mcpu=cortex-m4 -mthumb -mfloat-abi=soft -DSTM32F429ZITx -DVECT_TAB_SRAM -DUSE_STM32F429I_DISCO -DSTM32F429xx -DUSE_HAL_DRIVER -DSTM32F429I_DISC1 -DSTM32F4 -DSTM32 -DDEBUG -I"C:/Studia/TM/STM32_projekty/C/Zad2/Drivers/BSP" -I"C:/Studia/TM/STM32_projekty/C/Zad2/Drivers/CMSIS" -I"C:/Studia/TM/STM32_projekty/C/Zad2/Drivers/STM32F4xx_HAL_Driver" -I"C:/Studia/TM/STM32_projekty/C/Zad2/Drivers/Utils" -I"C:/Studia/TM/STM32_projekty/C/Zad2/Main" -O0 -g3 -Wall -fmessage-length=0 -ffunction-sections -c -MMD -MP -MF"Main/main.d" -MT"Main/main.o" -o "Main/main.o" "../Main/main.c"
../Main/main.c: In function 'main':
../Main/main.c:105:9: error: expected declaration or statement at end of input
         }
         ^
../Main/main.c:105:9: error: expected declaration or statement at end of input
Main/subdir.mk:39: recipe for target 'Main/main.o' failed
make: *** [Main/main.o] Error 1
19:50:56 **** Incremental Build of configuration Debug for project Zad2 ****
make all 
Building file: ../Main/main.c
Invoking: MCU GCC Compiler
C:\Studia\TM\STM32_projekty\C\Zad2\Debug
arm-none-eabi-gcc  -mcpu=cortex-m4 -mthumb -mfloat-abi=soft -DSTM32F429ZITx -DVECT_TAB_SRAM -DUSE_STM32F429I_DISCO -DSTM32F429xx -DUSE_HAL_DRIVER -DSTM32F429I_DISC1 -DSTM32F4 -DSTM32 -DDEBUG -I"C:/Studia/TM/STM32_projekty/C/Zad2/Drivers/BSP" -I"C:/Studia/TM/STM32_projekty/C/Zad2/Drivers/CMSIS" -I"C:/Studia/TM/STM32_projekty/C/Zad2/Drivers/STM32F4xx_HAL_Driver" -I"C:/Studia/TM/STM32_projekty/C/Zad2/Drivers/Utils" -I"C:/Studia/TM/STM32_projekty/C/Zad2/Main" -O0 -g3 -Wall -fmessage-length=0 -ffunction-sections -c -MMD -MP -MF"Main/main.d" -MT"Main/main.o" -o "Main/main.o" "../Main/main.c"
../Main/main.c: In function 'main':
../Main/main.c:105:9: error: expected declaration or statement at end of input
         }
         ^
../Main/main.c:105:9: error: expected declaration or statement at end of input
make: *** [Main/main.o] Error 1
Main/subdir.mk:39: recipe for target 'Main/main.o' failed
19:51:33 **** Incremental Build of configuration Debug for project Zad2 ****
make all 
Building file: ../Main/main.c
Invoking: MCU GCC Compiler
C:\Studia\TM\STM32_projekty\C\Zad2\Debug
arm-none-eabi-gcc  -mcpu=cortex-m4 -mthumb -mfloat-abi=soft -DSTM32F429ZITx -DVECT_TAB_SRAM -DUSE_STM32F429I_DISCO -DSTM32F429xx -DUSE_HAL_DRIVER -DSTM32F429I_DISC1 -DSTM32F4 -DSTM32 -DDEBUG -I"C:/Studia/TM/STM32_projekty/C/Zad2/Drivers/BSP" -I"C:/Studia/TM/STM32_projekty/C/Zad2/Drivers/CMSIS" -I"C:/Studia/TM/STM32_projekty/C/Zad2/Drivers/STM32F4xx_HAL_Driver" -I"C:/Studia/TM/STM32_projekty/C/Zad2/Drivers/Utils" -I"C:/Studia/TM/STM32_projekty/C/Zad2/Main" -O0 -g3 -Wall -fmessage-length=0 -ffunction-sections -c -MMD -MP -MF"Main/main.d" -MT"Main/main.o" -o "Main/main.o" "../Main/main.c"
Finished building: ../Main/main.c
 
Building target: Zad2.elf
Invoking: MCU G++ Linker
arm-none-eabi-g++ -mcpu=cortex-m4 -mthumb -mfloat-abi=soft -L"C:\Studia\TM\STM32_projekty\C\Zad2\Drivers" -T"C:/Studia/TM/STM32_projekty/C/Zad2/LinkerScript.ld" -Wl,-Map=output.map -Wl,--gc-sections -fno-exceptions -fno-rtti -o "Zad2.elf" @"objects.list"  -lSTM32LIB_SOFTFP_RAMLINK -lm
Finished building target: Zad2.elf
 
make --no-print-directory post-build
Generating binary and Printing size information:
arm-none-eabi-objcopy -O binary "Zad2.elf" "Zad2.bin"
arm-none-eabi-size "Zad2.elf"
   text	   data	    bss	    dec	    hex	filename
   3964	   1128	   2308	   7400	   1ce8	Zad2.elf
 
19:53:19 **** Incremental Build of configuration Debug for project Zad2 ****
make all 
Building file: ../Main/main.c
Invoking: MCU GCC Compiler
C:\Studia\TM\STM32_projekty\C\Zad2\Debug
arm-none-eabi-gcc  -mcpu=cortex-m4 -mthumb -mfloat-abi=soft -DSTM32F429ZITx -DVECT_TAB_SRAM -DUSE_STM32F429I_DISCO -DSTM32F429xx -DUSE_HAL_DRIVER -DSTM32F429I_DISC1 -DSTM32F4 -DSTM32 -DDEBUG -I"C:/Studia/TM/STM32_projekty/C/Zad2/Drivers/BSP" -I"C:/Studia/TM/STM32_projekty/C/Zad2/Drivers/CMSIS" -I"C:/Studia/TM/STM32_projekty/C/Zad2/Drivers/STM32F4xx_HAL_Driver" -I"C:/Studia/TM/STM32_projekty/C/Zad2/Drivers/Utils" -I"C:/Studia/TM/STM32_projekty/C/Zad2/Main" -O0 -g3 -Wall -fmessage-length=0 -ffunction-sections -c -MMD -MP -MF"Main/main.d" -MT"Main/main.o" -o "Main/main.o" "../Main/main.c"
Finished building: ../Main/main.c
 
Building target: Zad2.elf
Invoking: MCU G++ Linker
arm-none-eabi-g++ -mcpu=cortex-m4 -mthumb -mfloat-abi=soft -L"C:\Studia\TM\STM32_projekty\C\Zad2\Drivers" -T"C:/Studia/TM/STM32_projekty/C/Zad2/LinkerScript.ld" -Wl,-Map=output.map -Wl,--gc-sections -fno-exceptions -fno-rtti -o "Zad2.elf" @"objects.list"  -lSTM32LIB_SOFTFP_RAMLINK -lm
Finished building target: Zad2.elf
 
make --no-print-directory post-build
Generating binary and Printing size information:
arm-none-eabi-objcopy -O binary "Zad2.elf" "Zad2.bin"
arm-none-eabi-size "Zad2.elf"
   text	   data	    bss	    dec	    hex	filename
   3964	   1128	   2308	   7400	   1ce8	Zad2.elf
 
19:54:09 **** Incremental Build of configuration Debug for project Zad2 ****
make all 
Building file: ../Main/main.c
Invoking: MCU GCC Compiler
C:\Studia\TM\STM32_projekty\C\Zad2\Debug
arm-none-eabi-gcc  -mcpu=cortex-m4 -mthumb -mfloat-abi=soft -DSTM32F429ZITx -DVECT_TAB_SRAM -DUSE_STM32F429I_DISCO -DSTM32F429xx -DUSE_HAL_DRIVER -DSTM32F429I_DISC1 -DSTM32F4 -DSTM32 -DDEBUG -I"C:/Studia/TM/STM32_projekty/C/Zad2/Drivers/BSP" -I"C:/Studia/TM/STM32_projekty/C/Zad2/Drivers/CMSIS" -I"C:/Studia/TM/STM32_projekty/C/Zad2/Drivers/STM32F4xx_HAL_Driver" -I"C:/Studia/TM/STM32_projekty/C/Zad2/Drivers/Utils" -I"C:/Studia/TM/STM32_projekty/C/Zad2/Main" -O0 -g3 -Wall -fmessage-length=0 -ffunction-sections -c -MMD -MP -MF"Main/main.d" -MT"Main/main.o" -o "Main/main.o" "../Main/main.c"
Finished building: ../Main/main.c
 
Building target: Zad2.elf
Invoking: MCU G++ Linker
arm-none-eabi-g++ -mcpu=cortex-m4 -mthumb -mfloat-abi=soft -L"C:\Studia\TM\STM32_projekty\C\Zad2\Drivers" -T"C:/Studia/TM/STM32_projekty/C/Zad2/LinkerScript.ld" -Wl,-Map=output.map -Wl,--gc-sections -fno-exceptions -fno-rtti -o "Zad2.elf" @"objects.list"  -lSTM32LIB_SOFTFP_RAMLINK -lm
Finished building target: Zad2.elf
 
make --no-print-directory post-build
Generating binary and Printing size information:
arm-none-eabi-objcopy -O binary "Zad2.elf" "Zad2.bin"
arm-none-eabi-size "Zad2.elf"
   text	   data	    bss	    dec	    hex	filename
   3996	   1128	   2308	   7432	   1d08	Zad2.elf
 
19:54:38 **** Incremental Build of configuration Debug for project Zad2 ****
make all 
Building file: ../Main/main.c
Invoking: MCU GCC Compiler
C:\Studia\TM\STM32_projekty\C\Zad2\Debug
arm-none-eabi-gcc  -mcpu=cortex-m4 -mthumb -mfloat-abi=soft -DSTM32F429ZITx -DVECT_TAB_SRAM -DUSE_STM32F429I_DISCO -DSTM32F429xx -DUSE_HAL_DRIVER -DSTM32F429I_DISC1 -DSTM32F4 -DSTM32 -DDEBUG -I"C:/Studia/TM/STM32_projekty/C/Zad2/Drivers/BSP" -I"C:/Studia/TM/STM32_projekty/C/Zad2/Drivers/CMSIS" -I"C:/Studia/TM/STM32_projekty/C/Zad2/Drivers/STM32F4xx_HAL_Driver" -I"C:/Studia/TM/STM32_projekty/C/Zad2/Drivers/Utils" -I"C:/Studia/TM/STM32_projekty/C/Zad2/Main" -O0 -g3 -Wall -fmessage-length=0 -ffunction-sections -c -MMD -MP -MF"Main/main.d" -MT"Main/main.o" -o "Main/main.o" "../Main/main.c"
Finished building: ../Main/main.c
 
Building target: Zad2.elf
Invoking: MCU G++ Linker
arm-none-eabi-g++ -mcpu=cortex-m4 -mthumb -mfloat-abi=soft -L"C:\Studia\TM\STM32_projekty\C\Zad2\Drivers" -T"C:/Studia/TM/STM32_projekty/C/Zad2/LinkerScript.ld" -Wl,-Map=output.map -Wl,--gc-sections -fno-exceptions -fno-rtti -o "Zad2.elf" @"objects.list"  -lSTM32LIB_SOFTFP_RAMLINK -lm
Finished building target: Zad2.elf
 
make --no-print-directory post-build
Generating binary and Printing size information:
arm-none-eabi-objcopy -O binary "Zad2.elf" "Zad2.bin"
arm-none-eabi-size "Zad2.elf"
   text	   data	    bss	    dec	    hex	filename
   3996	   1128	   2308	   7432	   1d08	Zad2.elf
 
19:55:15 **** Incremental Build of configuration Debug for project Zad2 ****
make all 
Building file: ../Main/main.c
Invoking: MCU GCC Compiler
C:\Studia\TM\STM32_projekty\C\Zad2\Debug
arm-none-eabi-gcc  -mcpu=cortex-m4 -mthumb -mfloat-abi=soft -DSTM32F429ZITx -DVECT_TAB_SRAM -DUSE_STM32F429I_DISCO -DSTM32F429xx -DUSE_HAL_DRIVER -DSTM32F429I_DISC1 -DSTM32F4 -DSTM32 -DDEBUG -I"C:/Studia/TM/STM32_projekty/C/Zad2/Drivers/BSP" -I"C:/Studia/TM/STM32_projekty/C/Zad2/Drivers/CMSIS" -I"C:/Studia/TM/STM32_projekty/C/Zad2/Drivers/STM32F4xx_HAL_Driver" -I"C:/Studia/TM/STM32_projekty/C/Zad2/Drivers/Utils" -I"C:/Studia/TM/STM32_projekty/C/Zad2/Main" -O0 -g3 -Wall -fmessage-length=0 -ffunction-sections -c -MMD -MP -MF"Main/main.d" -MT"Main/main.o" -o "Main/main.o" "../Main/main.c"
Finished building: ../Main/main.c
 
Building target: Zad2.elf
Invoking: MCU G++ Linker
arm-none-eabi-g++ -mcpu=cortex-m4 -mthumb -mfloat-abi=soft -L"C:\Studia\TM\STM32_projekty\C\Zad2\Drivers" -T"C:/Studia/TM/STM32_projekty/C/Zad2/LinkerScript.ld" -Wl,-Map=output.map -Wl,--gc-sections -fno-exceptions -fno-rtti -o "Zad2.elf" @"objects.list"  -lSTM32LIB_SOFTFP_RAMLINK -lm
Finished building target: Zad2.elf
 
make --no-print-directory post-build
Generating binary and Printing size information:
arm-none-eabi-objcopy -O binary "Zad2.elf" "Zad2.bin"
arm-none-eabi-size "Zad2.elf"
   text	   data	    bss	    dec	    hex	filename
   3992	   1128	   2308	   7428	   1d04	Zad2.elf
 
19:55:40 **** Incremental Build of configuration Debug for project Zad2 ****
make all 
Building file: ../Main/main.c
Invoking: MCU GCC Compiler
C:\Studia\TM\STM32_projekty\C\Zad2\Debug
arm-none-eabi-gcc  -mcpu=cortex-m4 -mthumb -mfloat-abi=soft -DSTM32F429ZITx -DVECT_TAB_SRAM -DUSE_STM32F429I_DISCO -DSTM32F429xx -DUSE_HAL_DRIVER -DSTM32F429I_DISC1 -DSTM32F4 -DSTM32 -DDEBUG -I"C:/Studia/TM/STM32_projekty/C/Zad2/Drivers/BSP" -I"C:/Studia/TM/STM32_projekty/C/Zad2/Drivers/CMSIS" -I"C:/Studia/TM/STM32_projekty/C/Zad2/Drivers/STM32F4xx_HAL_Driver" -I"C:/Studia/TM/STM32_projekty/C/Zad2/Drivers/Utils" -I"C:/Studia/TM/STM32_projekty/C/Zad2/Main" -O0 -g3 -Wall -fmessage-length=0 -ffunction-sections -c -MMD -MP -MF"Main/main.d" -MT"Main/main.o" -o "Main/main.o" "../Main/main.c"
Finished building: ../Main/main.c
 
Building target: Zad2.elf
Invoking: MCU G++ Linker
arm-none-eabi-g++ -mcpu=cortex-m4 -mthumb -mfloat-abi=soft -L"C:\Studia\TM\STM32_projekty\C\Zad2\Drivers" -T"C:/Studia/TM/STM32_projekty/C/Zad2/LinkerScript.ld" -Wl,-Map=output.map -Wl,--gc-sections -fno-exceptions -fno-rtti -o "Zad2.elf" @"objects.list"  -lSTM32LIB_SOFTFP_RAMLINK -lm
Finished building target: Zad2.elf
 
make --no-print-directory post-build
Generating binary and Printing size information:
arm-none-eabi-objcopy -O binary "Zad2.elf" "Zad2.bin"
arm-none-eabi-size "Zad2.elf"
   text	   data	    bss	    dec	    hex	filename
   3992	   1128	   2308	   7428	   1d04	Zad2.elf
 
19:56:13 **** Incremental Build of configuration Debug for project Zad2 ****
make all 
Building file: ../Main/main.c
Invoking: MCU GCC Compiler
C:\Studia\TM\STM32_projekty\C\Zad2\Debug
arm-none-eabi-gcc  -mcpu=cortex-m4 -mthumb -mfloat-abi=soft -DSTM32F429ZITx -DVECT_TAB_SRAM -DUSE_STM32F429I_DISCO -DSTM32F429xx -DUSE_HAL_DRIVER -DSTM32F429I_DISC1 -DSTM32F4 -DSTM32 -DDEBUG -I"C:/Studia/TM/STM32_projekty/C/Zad2/Drivers/BSP" -I"C:/Studia/TM/STM32_projekty/C/Zad2/Drivers/CMSIS" -I"C:/Studia/TM/STM32_projekty/C/Zad2/Drivers/STM32F4xx_HAL_Driver" -I"C:/Studia/TM/STM32_projekty/C/Zad2/Drivers/Utils" -I"C:/Studia/TM/STM32_projekty/C/Zad2/Main" -O0 -g3 -Wall -fmessage-length=0 -ffunction-sections -c -MMD -MP -MF"Main/main.d" -MT"Main/main.o" -o "Main/main.o" "../Main/main.c"
Finished building: ../Main/main.c
 
Building target: Zad2.elf
Invoking: MCU G++ Linker
arm-none-eabi-g++ -mcpu=cortex-m4 -mthumb -mfloat-abi=soft -L"C:\Studia\TM\STM32_projekty\C\Zad2\Drivers" -T"C:/Studia/TM/STM32_projekty/C/Zad2/LinkerScript.ld" -Wl,-Map=output.map -Wl,--gc-sections -fno-exceptions -fno-rtti -o "Zad2.elf" @"objects.list"  -lSTM32LIB_SOFTFP_RAMLINK -lm
Finished building target: Zad2.elf
 
make --no-print-directory post-build
Generating binary and Printing size information:
arm-none-eabi-objcopy -O binary "Zad2.elf" "Zad2.bin"
arm-none-eabi-size "Zad2.elf"
   text	   data	    bss	    dec	    hex	filename
   3992	   1128	   2308	   7428	   1d04	Zad2.elf
 
19:56:26 **** Incremental Build of configuration Debug for project Zad2 ****
make all 
make: Nothing to be done for 'all'.
19:58:06 **** Incremental Build of configuration Debug for project Zad2 ****
make all 
Building file: ../Main/main.c
Invoking: MCU GCC Compiler
C:\Studia\TM\STM32_projekty\C\Zad2\Debug
arm-none-eabi-gcc  -mcpu=cortex-m4 -mthumb -mfloat-abi=soft -DSTM32F429ZITx -DVECT_TAB_SRAM -DUSE_STM32F429I_DISCO -DSTM32F429xx -DUSE_HAL_DRIVER -DSTM32F429I_DISC1 -DSTM32F4 -DSTM32 -DDEBUG -I"C:/Studia/TM/STM32_projekty/C/Zad2/Drivers/BSP" -I"C:/Studia/TM/STM32_projekty/C/Zad2/Drivers/CMSIS" -I"C:/Studia/TM/STM32_projekty/C/Zad2/Drivers/STM32F4xx_HAL_Driver" -I"C:/Studia/TM/STM32_projekty/C/Zad2/Drivers/Utils" -I"C:/Studia/TM/STM32_projekty/C/Zad2/Main" -O0 -g3 -Wall -fmessage-length=0 -ffunction-sections -c -MMD -MP -MF"Main/main.d" -MT"Main/main.o" -o "Main/main.o" "../Main/main.c"
Finished building: ../Main/main.c
 
Building target: Zad2.elf
Invoking: MCU G++ Linker
arm-none-eabi-g++ -mcpu=cortex-m4 -mthumb -mfloat-abi=soft -L"C:\Studia\TM\STM32_projekty\C\Zad2\Drivers" -T"C:/Studia/TM/STM32_projekty/C/Zad2/LinkerScript.ld" -Wl,-Map=output.map -Wl,--gc-sections -fno-exceptions -fno-rtti -o "Zad2.elf" @"objects.list"  -lSTM32LIB_SOFTFP_RAMLINK -lm
Finished building target: Zad2.elf
 
make --no-print-directory post-build
Generating binary and Printing size information:
arm-none-eabi-objcopy -O binary "Zad2.elf" "Zad2.bin"
arm-none-eabi-size "Zad2.elf"
   text	   data	    bss	    dec	    hex	filename
   3996	   1128	   2308	   7432	   1d08	Zad2.elf
 
19:58:38 **** Incremental Build of configuration Debug for project Zad2 ****
make all 
Building file: ../Main/main.c
Invoking: MCU GCC Compiler
C:\Studia\TM\STM32_projekty\C\Zad2\Debug
arm-none-eabi-gcc  -mcpu=cortex-m4 -mthumb -mfloat-abi=soft -DSTM32F429ZITx -DVECT_TAB_SRAM -DUSE_STM32F429I_DISCO -DSTM32F429xx -DUSE_HAL_DRIVER -DSTM32F429I_DISC1 -DSTM32F4 -DSTM32 -DDEBUG -I"C:/Studia/TM/STM32_projekty/C/Zad2/Drivers/BSP" -I"C:/Studia/TM/STM32_projekty/C/Zad2/Drivers/CMSIS" -I"C:/Studia/TM/STM32_projekty/C/Zad2/Drivers/STM32F4xx_HAL_Driver" -I"C:/Studia/TM/STM32_projekty/C/Zad2/Drivers/Utils" -I"C:/Studia/TM/STM32_projekty/C/Zad2/Main" -O0 -g3 -Wall -fmessage-length=0 -ffunction-sections -c -MMD -MP -MF"Main/main.d" -MT"Main/main.o" -o "Main/main.o" "../Main/main.c"
Finished building: ../Main/main.c
 
Building target: Zad2.elf
Invoking: MCU G++ Linker
arm-none-eabi-g++ -mcpu=cortex-m4 -mthumb -mfloat-abi=soft -L"C:\Studia\TM\STM32_projekty\C\Zad2\Drivers" -T"C:/Studia/TM/STM32_projekty/C/Zad2/LinkerScript.ld" -Wl,-Map=output.map -Wl,--gc-sections -fno-exceptions -fno-rtti -o "Zad2.elf" @"objects.list"  -lSTM32LIB_SOFTFP_RAMLINK -lm
Finished building target: Zad2.elf
 
make --no-print-directory post-build
Generating binary and Printing size information:
arm-none-eabi-objcopy -O binary "Zad2.elf" "Zad2.bin"
arm-none-eabi-size "Zad2.elf"
   text	   data	    bss	    dec	    hex	filename
   3996	   1128	   2308	   7432	   1d08	Zad2.elf
 
20:01:53 **** Incremental Build of configuration Debug for project Zad2 ****
make all 
Building file: ../Main/main.c
Invoking: MCU GCC Compiler
C:\Studia\TM\STM32_projekty\C\Zad2\Debug
arm-none-eabi-gcc  -mcpu=cortex-m4 -mthumb -mfloat-abi=soft -DSTM32F429ZITx -DVECT_TAB_SRAM -DUSE_STM32F429I_DISCO -DSTM32F429xx -DUSE_HAL_DRIVER -DSTM32F429I_DISC1 -DSTM32F4 -DSTM32 -DDEBUG -I"C:/Studia/TM/STM32_projekty/C/Zad2/Drivers/BSP" -I"C:/Studia/TM/STM32_projekty/C/Zad2/Drivers/CMSIS" -I"C:/Studia/TM/STM32_projekty/C/Zad2/Drivers/STM32F4xx_HAL_Driver" -I"C:/Studia/TM/STM32_projekty/C/Zad2/Drivers/Utils" -I"C:/Studia/TM/STM32_projekty/C/Zad2/Main" -O0 -g3 -Wall -fmessage-length=0 -ffunction-sections -c -MMD -MP -MF"Main/main.d" -MT"Main/main.o" -o "Main/main.o" "../Main/main.c"
Finished building: ../Main/main.c
 
Building target: Zad2.elf
Invoking: MCU G++ Linker
arm-none-eabi-g++ -mcpu=cortex-m4 -mthumb -mfloat-abi=soft -L"C:\Studia\TM\STM32_projekty\C\Zad2\Drivers" -T"C:/Studia/TM/STM32_projekty/C/Zad2/LinkerScript.ld" -Wl,-Map=output.map -Wl,--gc-sections -fno-exceptions -fno-rtti -o "Zad2.elf" @"objects.list"  -lSTM32LIB_SOFTFP_RAMLINK -lm
Finished building target: Zad2.elf
 
make --no-print-directory post-build
Generating binary and Printing size information:
arm-none-eabi-objcopy -O binary "Zad2.elf" "Zad2.bin"
arm-none-eabi-size "Zad2.elf"
   text	   data	    bss	    dec	    hex	filename
   4012	   1128	   2308	   7448	   1d18	Zad2.elf
 
20:03:34 **** Incremental Build of configuration Debug for project Zad2 ****
make all 
Building file: ../Main/main.c
Invoking: MCU GCC Compiler
C:\Studia\TM\STM32_projekty\C\Zad2\Debug
arm-none-eabi-gcc  -mcpu=cortex-m4 -mthumb -mfloat-abi=soft -DSTM32F429ZITx -DVECT_TAB_SRAM -DUSE_STM32F429I_DISCO -DSTM32F429xx -DUSE_HAL_DRIVER -DSTM32F429I_DISC1 -DSTM32F4 -DSTM32 -DDEBUG -I"C:/Studia/TM/STM32_projekty/C/Zad2/Drivers/BSP" -I"C:/Studia/TM/STM32_projekty/C/Zad2/Drivers/CMSIS" -I"C:/Studia/TM/STM32_projekty/C/Zad2/Drivers/STM32F4xx_HAL_Driver" -I"C:/Studia/TM/STM32_projekty/C/Zad2/Drivers/Utils" -I"C:/Studia/TM/STM32_projekty/C/Zad2/Main" -O0 -g3 -Wall -fmessage-length=0 -ffunction-sections -c -MMD -MP -MF"Main/main.d" -MT"Main/main.o" -o "Main/main.o" "../Main/main.c"
Finished building: ../Main/main.c
 
Building target: Zad2.elf
Invoking: MCU G++ Linker
arm-none-eabi-g++ -mcpu=cortex-m4 -mthumb -mfloat-abi=soft -L"C:\Studia\TM\STM32_projekty\C\Zad2\Drivers" -T"C:/Studia/TM/STM32_projekty/C/Zad2/LinkerScript.ld" -Wl,-Map=output.map -Wl,--gc-sections -fno-exceptions -fno-rtti -o "Zad2.elf" @"objects.list"  -lSTM32LIB_SOFTFP_RAMLINK -lm
Finished building target: Zad2.elf
 
make --no-print-directory post-build
Generating binary and Printing size information:
arm-none-eabi-objcopy -O binary "Zad2.elf" "Zad2.bin"
arm-none-eabi-size "Zad2.elf"
   text	   data	    bss	    dec	    hex	filename
   4008	   1128	   2308	   7444	   1d14	Zad2.elf
 
20:04:26 **** Incremental Build of configuration Debug for project Zad2 ****
make all 
Building file: ../Main/main.c
Invoking: MCU GCC Compiler
C:\Studia\TM\STM32_projekty\C\Zad2\Debug
arm-none-eabi-gcc  -mcpu=cortex-m4 -mthumb -mfloat-abi=soft -DSTM32F429ZITx -DVECT_TAB_SRAM -DUSE_STM32F429I_DISCO -DSTM32F429xx -DUSE_HAL_DRIVER -DSTM32F429I_DISC1 -DSTM32F4 -DSTM32 -DDEBUG -I"C:/Studia/TM/STM32_projekty/C/Zad2/Drivers/BSP" -I"C:/Studia/TM/STM32_projekty/C/Zad2/Drivers/CMSIS" -I"C:/Studia/TM/STM32_projekty/C/Zad2/Drivers/STM32F4xx_HAL_Driver" -I"C:/Studia/TM/STM32_projekty/C/Zad2/Drivers/Utils" -I"C:/Studia/TM/STM32_projekty/C/Zad2/Main" -O0 -g3 -Wall -fmessage-length=0 -ffunction-sections -c -MMD -MP -MF"Main/main.d" -MT"Main/main.o" -o "Main/main.o" "../Main/main.c"
Finished building: ../Main/main.c
 
Building target: Zad2.elf
Invoking: MCU G++ Linker
arm-none-eabi-g++ -mcpu=cortex-m4 -mthumb -mfloat-abi=soft -L"C:\Studia\TM\STM32_projekty\C\Zad2\Drivers" -T"C:/Studia/TM/STM32_projekty/C/Zad2/LinkerScript.ld" -Wl,-Map=output.map -Wl,--gc-sections -fno-exceptions -fno-rtti -o "Zad2.elf" @"objects.list"  -lSTM32LIB_SOFTFP_RAMLINK -lm
Finished building target: Zad2.elf
 
make --no-print-directory post-build
Generating binary and Printing size information:
arm-none-eabi-objcopy -O binary "Zad2.elf" "Zad2.bin"
arm-none-eabi-size "Zad2.elf"
   text	   data	    bss	    dec	    hex	filename
   4012	   1128	   2308	   7448	   1d18	Zad2.elf
 
20:10:18 **** Incremental Build of configuration Debug for project Zad2 ****
make all 
Building file: ../Main/main.c
Invoking: MCU GCC Compiler
C:\Studia\TM\STM32_projekty\C\Zad2\Debug
arm-none-eabi-gcc  -mcpu=cortex-m4 -mthumb -mfloat-abi=soft -DSTM32F429ZITx -DVECT_TAB_SRAM -DUSE_STM32F429I_DISCO -DSTM32F429xx -DUSE_HAL_DRIVER -DSTM32F429I_DISC1 -DSTM32F4 -DSTM32 -DDEBUG -I"C:/Studia/TM/STM32_projekty/C/Zad2/Drivers/BSP" -I"C:/Studia/TM/STM32_projekty/C/Zad2/Drivers/CMSIS" -I"C:/Studia/TM/STM32_projekty/C/Zad2/Drivers/STM32F4xx_HAL_Driver" -I"C:/Studia/TM/STM32_projekty/C/Zad2/Drivers/Utils" -I"C:/Studia/TM/STM32_projekty/C/Zad2/Main" -O0 -g3 -Wall -fmessage-length=0 -ffunction-sections -c -MMD -MP -MF"Main/main.d" -MT"Main/main.o" -o "Main/main.o" "../Main/main.c"
Finished building: ../Main/main.c
 
Building target: Zad2.elf
Invoking: MCU G++ Linker
arm-none-eabi-g++ -mcpu=cortex-m4 -mthumb -mfloat-abi=soft -L"C:\Studia\TM\STM32_projekty\C\Zad2\Drivers" -T"C:/Studia/TM/STM32_projekty/C/Zad2/LinkerScript.ld" -Wl,-Map=output.map -Wl,--gc-sections -fno-exceptions -fno-rtti -o "Zad2.elf" @"objects.list"  -lSTM32LIB_SOFTFP_RAMLINK -lm
Finished building target: Zad2.elf
 
make --no-print-directory post-build
Generating binary and Printing size information:
arm-none-eabi-objcopy -O binary "Zad2.elf" "Zad2.bin"
arm-none-eabi-size "Zad2.elf"
   text	   data	    bss	    dec	    hex	filename
   4008	   1128	   2308	   7444	   1d14	Zad2.elf
 
20:12:27 **** Incremental Build of configuration Debug for project Zad2 ****
make all 
Building file: ../Main/main.c
Invoking: MCU GCC Compiler
C:\Studia\TM\STM32_projekty\C\Zad2\Debug
arm-none-eabi-gcc  -mcpu=cortex-m4 -mthumb -mfloat-abi=soft -DSTM32F429ZITx -DVECT_TAB_SRAM -DUSE_STM32F429I_DISCO -DSTM32F429xx -DUSE_HAL_DRIVER -DSTM32F429I_DISC1 -DSTM32F4 -DSTM32 -DDEBUG -I"C:/Studia/TM/STM32_projekty/C/Zad2/Drivers/BSP" -I"C:/Studia/TM/STM32_projekty/C/Zad2/Drivers/CMSIS" -I"C:/Studia/TM/STM32_projekty/C/Zad2/Drivers/STM32F4xx_HAL_Driver" -I"C:/Studia/TM/STM32_projekty/C/Zad2/Drivers/Utils" -I"C:/Studia/TM/STM32_projekty/C/Zad2/Main" -O0 -g3 -Wall -fmessage-length=0 -ffunction-sections -c -MMD -MP -MF"Main/main.d" -MT"Main/main.o" -o "Main/main.o" "../Main/main.c"
Finished building: ../Main/main.c
 
Building target: Zad2.elf
Invoking: MCU G++ Linker
arm-none-eabi-g++ -mcpu=cortex-m4 -mthumb -mfloat-abi=soft -L"C:\Studia\TM\STM32_projekty\C\Zad2\Drivers" -T"C:/Studia/TM/STM32_projekty/C/Zad2/LinkerScript.ld" -Wl,-Map=output.map -Wl,--gc-sections -fno-exceptions -fno-rtti -o "Zad2.elf" @"objects.list"  -lSTM32LIB_SOFTFP_RAMLINK -lm
Finished building target: Zad2.elf
 
make --no-print-directory post-build
Generating binary and Printing size information:
arm-none-eabi-objcopy -O binary "Zad2.elf" "Zad2.bin"
arm-none-eabi-size "Zad2.elf"
   text	   data	    bss	    dec	    hex	filename
   4008	   1128	   2308	   7444	   1d14	Zad2.elf
 
20:13:08 **** Incremental Build of configuration Debug for project Zad2 ****
make all 
make: Nothing to be done for 'all'.
20:20:43 **** Incremental Build of configuration Debug for project Zad2 ****
make all 
Building file: ../Main/main.c
Invoking: MCU GCC Compiler
C:\Studia\TM\STM32_projekty\C\Zad2\Debug
arm-none-eabi-gcc  -mcpu=cortex-m4 -mthumb -mfloat-abi=soft -DSTM32F429ZITx -DVECT_TAB_SRAM -DUSE_STM32F429I_DISCO -DSTM32F429xx -DUSE_HAL_DRIVER -DSTM32F429I_DISC1 -DSTM32F4 -DSTM32 -DDEBUG -I"C:/Studia/TM/STM32_projekty/C/Zad2/Drivers/BSP" -I"C:/Studia/TM/STM32_projekty/C/Zad2/Drivers/CMSIS" -I"C:/Studia/TM/STM32_projekty/C/Zad2/Drivers/STM32F4xx_HAL_Driver" -I"C:/Studia/TM/STM32_projekty/C/Zad2/Drivers/Utils" -I"C:/Studia/TM/STM32_projekty/C/Zad2/Main" -O0 -g3 -Wall -fmessage-length=0 -ffunction-sections -c -MMD -MP -MF"Main/main.d" -MT"Main/main.o" -o "Main/main.o" "../Main/main.c"
Finished building: ../Main/main.c
 
Building target: Zad2.elf
Invoking: MCU G++ Linker
arm-none-eabi-g++ -mcpu=cortex-m4 -mthumb -mfloat-abi=soft -L"C:\Studia\TM\STM32_projekty\C\Zad2\Drivers" -T"C:/Studia/TM/STM32_projekty/C/Zad2/LinkerScript.ld" -Wl,-Map=output.map -Wl,--gc-sections -fno-exceptions -fno-rtti -o "Zad2.elf" @"objects.list"  -lSTM32LIB_SOFTFP_RAMLINK -lm
Finished building target: Zad2.elf
 
make --no-print-directory post-build
Generating binary and Printing size information:
arm-none-eabi-objcopy -O binary "Zad2.elf" "Zad2.bin"
arm-none-eabi-size "Zad2.elf"
   text	   data	    bss	    dec	    hex	filename
   4008	   1128	   2308	   7444	   1d14	Zad2.elf
 
20:20:56 **** Incremental Build of configuration Debug for project Zad2 ****
make all 
make: Nothing to be done for 'all'.
20:25:27 **** Incremental Build of configuration Debug for project Zad2 ****
make all 
make: Nothing to be done for 'all'.
20:30:35 **** Incremental Build of configuration Debug for project Zad2 ****
make all 
make: Nothing to be done for 'all'.
20:33:49 **** Incremental Build of configuration Debug for project Zad2 ****
make all 
make: Nothing to be done for 'all'.
11:29:14 **** Clean-only build of configuration Debug for project Zad1_ASM ****
make clean 
rm -rf *
 
11:29:18 **** Build of configuration Debug for project Zad1_ASM ****
make all 
Building file: ../Main/ProceduryASM.s
Invoking: MCU GCC Assembler
C:\Studia\TM\STM32_projekty\ASM\STM32LAB_BASE_SIM\Debug
arm-none-eabi-as -mcpu=cortex-m4 -mthumb -mfloat-abi=soft -g -o "Main/ProceduryASM.o" "../Main/ProceduryASM.s"
Finished building: ../Main/ProceduryASM.s
 
Building file: ../Main/main.c
Invoking: MCU GCC Compiler
C:\Studia\TM\STM32_projekty\ASM\STM32LAB_BASE_SIM\Debug
arm-none-eabi-gcc  -mcpu=cortex-m4 -mthumb -mfloat-abi=soft -DSTM32F429ZITx -DVECT_TAB_SRAM -DUSE_STM32F429I_DISCO -DSTM32F429xx -DUSE_HAL_DRIVER -DSTM32F429I_DISC1 -DSTM32F4 -DSTM32 -DDEBUG -I"C:/Studia/TM/STM32_projekty/ASM/STM32LAB_BASE_SIM/Drivers/BSP" -I"C:/Studia/TM/STM32_projekty/ASM/STM32LAB_BASE_SIM/Drivers/CMSIS" -I"C:/Studia/TM/STM32_projekty/ASM/STM32LAB_BASE_SIM/Drivers/STM32F4xx_HAL_Driver" -I"C:/Studia/TM/STM32_projekty/ASM/STM32LAB_BASE_SIM/Drivers/Utils" -I"C:/Studia/TM/STM32_projekty/ASM/STM32LAB_BASE_SIM/Main" -O0 -g3 -Wall -fmessage-length=0 -ffunction-sections -c -MMD -MP -MF"Main/main.d" -MT"Main/main.o" -o "Main/main.o" "../Main/main.c"
Finished building: ../Main/main.c
 
Building file: ../Main/main_base.c
Invoking: MCU GCC Compiler
C:\Studia\TM\STM32_projekty\ASM\STM32LAB_BASE_SIM\Debug
arm-none-eabi-gcc  -mcpu=cortex-m4 -mthumb -mfloat-abi=soft -DSTM32F429ZITx -DVECT_TAB_SRAM -DUSE_STM32F429I_DISCO -DSTM32F429xx -DUSE_HAL_DRIVER -DSTM32F429I_DISC1 -DSTM32F4 -DSTM32 -DDEBUG -I"C:/Studia/TM/STM32_projekty/ASM/STM32LAB_BASE_SIM/Drivers/BSP" -I"C:/Studia/TM/STM32_projekty/ASM/STM32LAB_BASE_SIM/Drivers/CMSIS" -I"C:/Studia/TM/STM32_projekty/ASM/STM32LAB_BASE_SIM/Drivers/STM32F4xx_HAL_Driver" -I"C:/Studia/TM/STM32_projekty/ASM/STM32LAB_BASE_SIM/Drivers/Utils" -I"C:/Studia/TM/STM32_projekty/ASM/STM32LAB_BASE_SIM/Main" -O0 -g3 -Wall -fmessage-length=0 -ffunction-sections -c -MMD -MP -MF"Main/main_base.d" -MT"Main/main_base.o" -o "Main/main_base.o" "../Main/main_base.c"
Finished building: ../Main/main_base.c
 
Building file: ../Main/stm32f4xx_hal_msp.c
Invoking: MCU GCC Compiler
C:\Studia\TM\STM32_projekty\ASM\STM32LAB_BASE_SIM\Debug
arm-none-eabi-gcc  -mcpu=cortex-m4 -mthumb -mfloat-abi=soft -DSTM32F429ZITx -DVECT_TAB_SRAM -DUSE_STM32F429I_DISCO -DSTM32F429xx -DUSE_HAL_DRIVER -DSTM32F429I_DISC1 -DSTM32F4 -DSTM32 -DDEBUG -I"C:/Studia/TM/STM32_projekty/ASM/STM32LAB_BASE_SIM/Drivers/BSP" -I"C:/Studia/TM/STM32_projekty/ASM/STM32LAB_BASE_SIM/Drivers/CMSIS" -I"C:/Studia/TM/STM32_projekty/ASM/STM32LAB_BASE_SIM/Drivers/STM32F4xx_HAL_Driver" -I"C:/Studia/TM/STM32_projekty/ASM/STM32LAB_BASE_SIM/Drivers/Utils" -I"C:/Studia/TM/STM32_projekty/ASM/STM32LAB_BASE_SIM/Main" -O0 -g3 -Wall -fmessage-length=0 -ffunction-sections -c -MMD -MP -MF"Main/stm32f4xx_hal_msp.d" -MT"Main/stm32f4xx_hal_msp.o" -o "Main/stm32f4xx_hal_msp.o" "../Main/stm32f4xx_hal_msp.c"
Finished building: ../Main/stm32f4xx_hal_msp.c
 
Building file: ../Main/stm32f4xx_it.c
Invoking: MCU GCC Compiler
C:\Studia\TM\STM32_projekty\ASM\STM32LAB_BASE_SIM\Debug
arm-none-eabi-gcc  -mcpu=cortex-m4 -mthumb -mfloat-abi=soft -DSTM32F429ZITx -DVECT_TAB_SRAM -DUSE_STM32F429I_DISCO -DSTM32F429xx -DUSE_HAL_DRIVER -DSTM32F429I_DISC1 -DSTM32F4 -DSTM32 -DDEBUG -I"C:/Studia/TM/STM32_projekty/ASM/STM32LAB_BASE_SIM/Drivers/BSP" -I"C:/Studia/TM/STM32_projekty/ASM/STM32LAB_BASE_SIM/Drivers/CMSIS" -I"C:/Studia/TM/STM32_projekty/ASM/STM32LAB_BASE_SIM/Drivers/STM32F4xx_HAL_Driver" -I"C:/Studia/TM/STM32_projekty/ASM/STM32LAB_BASE_SIM/Drivers/Utils" -I"C:/Studia/TM/STM32_projekty/ASM/STM32LAB_BASE_SIM/Main" -O0 -g3 -Wall -fmessage-length=0 -ffunction-sections -c -MMD -MP -MF"Main/stm32f4xx_it.d" -MT"Main/stm32f4xx_it.o" -o "Main/stm32f4xx_it.o" "../Main/stm32f4xx_it.c"
Finished building: ../Main/stm32f4xx_it.c
 
Building target: Zad1_ASM.elf
Invoking: MCU G++ Linker
arm-none-eabi-g++ -mcpu=cortex-m4 -mthumb -mfloat-abi=soft -L"C:\Studia\TM\STM32_projekty\ASM\STM32LAB_BASE_SIM\Drivers" -T"C:/Studia/TM/STM32_projekty/ASM/STM32LAB_BASE_SIM/LinkerScript.ld" -Wl,-Map=output.map -Wl,--gc-sections -fno-exceptions -fno-rtti -o "Zad1_ASM.elf" @"objects.list"  -lSTM32LIB_SOFTFP_RAMLINK -lm
Finished building target: Zad1_ASM.elf
 
make --no-print-directory post-build
Generating binary and Printing size information:
arm-none-eabi-objcopy -O binary "Zad1_ASM.elf" "Zad1_ASM.bin"
arm-none-eabi-size "Zad1_ASM.elf"
   text	   data	    bss	    dec	    hex	filename
   6132	   1128	   2292	   9552	   2550	Zad1_ASM.elf
 
11:29:23 **** Incremental Build of configuration Debug for project Zad2 ****
make all 
Building file: ../Main/main.c
Invoking: MCU GCC Compiler
C:\Studia\TM\STM32_projekty\C\Zad2\Debug
arm-none-eabi-gcc  -mcpu=cortex-m4 -mthumb -mfloat-abi=soft -DSTM32F429ZITx -DVECT_TAB_SRAM -DUSE_STM32F429I_DISCO -DSTM32F429xx -DUSE_HAL_DRIVER -DSTM32F429I_DISC1 -DSTM32F4 -DSTM32 -DDEBUG -I"C:/Studia/TM/STM32_projekty/C/Zad2/Drivers/BSP" -I"C:/Studia/TM/STM32_projekty/C/Zad2/Drivers/CMSIS" -I"C:/Studia/TM/STM32_projekty/C/Zad2/Drivers/STM32F4xx_HAL_Driver" -I"C:/Studia/TM/STM32_projekty/C/Zad2/Drivers/Utils" -I"C:/Studia/TM/STM32_projekty/C/Zad2/Main" -O0 -g3 -Wall -fmessage-length=0 -ffunction-sections -c -MMD -MP -MF"Main/main.d" -MT"Main/main.o" -o "Main/main.o" "../Main/main.c"
Finished building: ../Main/main.c
 
Building target: Zad2.elf
Invoking: MCU G++ Linker
arm-none-eabi-g++ -mcpu=cortex-m4 -mthumb -mfloat-abi=soft -L"C:\Studia\TM\STM32_projekty\C\Zad2\Drivers" -T"C:/Studia/TM/STM32_projekty/C/Zad2/LinkerScript.ld" -Wl,-Map=output.map -Wl,--gc-sections -fno-exceptions -fno-rtti -o "Zad2.elf" @"objects.list"  -lSTM32LIB_SOFTFP_RAMLINK -lm
Finished building target: Zad2.elf
 
make --no-print-directory post-build
Generating binary and Printing size information:
arm-none-eabi-objcopy -O binary "Zad2.elf" "Zad2.bin"
arm-none-eabi-size "Zad2.elf"
   text	   data	    bss	    dec	    hex	filename
   4008	   1128	   2308	   7444	   1d14	Zad2.elf
 
11:30:37 **** Incremental Build of configuration Debug for project Zad1_ASM ****
make all 
make: Nothing to be done for 'all'.
11:37:35 **** Incremental Build of configuration Debug for project Zad1_ASM ****
make all 
make: Nothing to be done for 'all'.
11:39:30 **** Build of configuration Debug for project STM32LAB_BASE_SIM ****
make all 
Building file: ../Main/main.c
Invoking: MCU GCC Compiler
C:\Studia\TM\STM32_projekty\C\STM32LAB_BASE_SIM\Debug
arm-none-eabi-gcc  -mcpu=cortex-m4 -mthumb -mfloat-abi=soft -DSTM32F429ZITx -DVECT_TAB_SRAM -DUSE_STM32F429I_DISCO -DSTM32F429xx -DUSE_HAL_DRIVER -DSTM32F429I_DISC1 -DSTM32F4 -DSTM32 -DDEBUG -I"C:/Studia/TM/STM32_projekty/C/STM32LAB_BASE_SIM/Drivers/BSP" -I"C:/Studia/TM/STM32_projekty/C/STM32LAB_BASE_SIM/Drivers/CMSIS" -I"C:/Studia/TM/STM32_projekty/C/STM32LAB_BASE_SIM/Drivers/STM32F4xx_HAL_Driver" -I"C:/Studia/TM/STM32_projekty/C/STM32LAB_BASE_SIM/Drivers/Utils" -I"C:/Studia/TM/STM32_projekty/C/STM32LAB_BASE_SIM/Main" -O0 -g3 -Wall -fmessage-length=0 -ffunction-sections -c -MMD -MP -MF"Main/main.d" -MT"Main/main.o" -o "Main/main.o" "../Main/main.c"
Finished building: ../Main/main.c
 
Building file: ../Main/main_base.c
Invoking: MCU GCC Compiler
C:\Studia\TM\STM32_projekty\C\STM32LAB_BASE_SIM\Debug
arm-none-eabi-gcc  -mcpu=cortex-m4 -mthumb -mfloat-abi=soft -DSTM32F429ZITx -DVECT_TAB_SRAM -DUSE_STM32F429I_DISCO -DSTM32F429xx -DUSE_HAL_DRIVER -DSTM32F429I_DISC1 -DSTM32F4 -DSTM32 -DDEBUG -I"C:/Studia/TM/STM32_projekty/C/STM32LAB_BASE_SIM/Drivers/BSP" -I"C:/Studia/TM/STM32_projekty/C/STM32LAB_BASE_SIM/Drivers/CMSIS" -I"C:/Studia/TM/STM32_projekty/C/STM32LAB_BASE_SIM/Drivers/STM32F4xx_HAL_Driver" -I"C:/Studia/TM/STM32_projekty/C/STM32LAB_BASE_SIM/Drivers/Utils" -I"C:/Studia/TM/STM32_projekty/C/STM32LAB_BASE_SIM/Main" -O0 -g3 -Wall -fmessage-length=0 -ffunction-sections -c -MMD -MP -MF"Main/main_base.d" -MT"Main/main_base.o" -o "Main/main_base.o" "../Main/main_base.c"
Finished building: ../Main/main_base.c
 
Building file: ../Main/stm32f4xx_hal_msp.c
Invoking: MCU GCC Compiler
[...]
Finished building target: Zad2.elf
 
make --no-print-directory post-build
Generating binary and Printing size information:
arm-none-eabi-objcopy -O binary "Zad2.elf" "Zad2.bin"
arm-none-eabi-size "Zad2.elf"
   text	   data	    bss	    dec	    hex	filename
   2684	   1136	   2300	   6120	   17e8	Zad2.elf
 
14:56:45 **** Incremental Build of configuration Debug for project Zad2 ****
make all 
Building file: ../Main/ProceduryASM.s
Invoking: MCU GCC Assembler
C:\Studia\TM\STM32\Projekty\Zad2\Debug
arm-none-eabi-as -mcpu=cortex-m4 -mthumb -mfloat-abi=soft -g -o "Main/ProceduryASM.o" "../Main/ProceduryASM.s"
Finished building: ../Main/ProceduryASM.s
 
Building target: Zad2.elf
Invoking: MCU G++ Linker
arm-none-eabi-g++ -mcpu=cortex-m4 -mthumb -mfloat-abi=soft -L"C:\Studia\TM\STM32\Projekty\Zad2\Drivers" -T"C:/Studia/TM/STM32/Projekty/Zad2/LinkerScript.ld" -Wl,-Map=output.map -Wl,--gc-sections -fno-exceptions -fno-rtti -o "Zad2.elf" @"objects.list"  -lSTM32LIB_SOFTFP_RAMLINK -lm
Finished building target: Zad2.elf
 
make --no-print-directory post-build
Generating binary and Printing size information:
arm-none-eabi-objcopy -O binary "Zad2.elf" "Zad2.bin"
arm-none-eabi-size "Zad2.elf"
   text	   data	    bss	    dec	    hex	filename
   2756	   1136	   2300	   6192	   1830	Zad2.elf
 
15:03:38 **** Incremental Build of configuration Debug for project Zad2 ****
make all 
Building file: ../Main/ProceduryASM.s
Invoking: MCU GCC Assembler
C:\Studia\TM\STM32\Projekty\Zad2\Debug
arm-none-eabi-as -mcpu=cortex-m4 -mthumb -mfloat-abi=soft -g -o "Main/ProceduryASM.o" "../Main/ProceduryASM.s"
../Main/ProceduryASM.s: Assembler messages:
../Main/ProceduryASM.s:159: Error: junk at end of line, first unrecognized character is `\'
Main/subdir.mk:31: recipe for target 'Main/ProceduryASM.o' failed
make: *** [Main/ProceduryASM.o] Error 1
15:03:58 **** Incremental Build of configuration Debug for project Zad2 ****
make all 
Building file: ../Main/ProceduryASM.s
Invoking: MCU GCC Assembler
C:\Studia\TM\STM32\Projekty\Zad2\Debug
arm-none-eabi-as -mcpu=cortex-m4 -mthumb -mfloat-abi=soft -g -o "Main/ProceduryASM.o" "../Main/ProceduryASM.s"
Finished building: ../Main/ProceduryASM.s
 
Building target: Zad2.elf
Invoking: MCU G++ Linker
arm-none-eabi-g++ -mcpu=cortex-m4 -mthumb -mfloat-abi=soft -L"C:\Studia\TM\STM32\Projekty\Zad2\Drivers" -T"C:/Studia/TM/STM32/Projekty/Zad2/LinkerScript.ld" -Wl,-Map=output.map -Wl,--gc-sections -fno-exceptions -fno-rtti -o "Zad2.elf" @"objects.list"  -lSTM32LIB_SOFTFP_RAMLINK -lm
Finished building target: Zad2.elf
 
make --no-print-directory post-build
Generating binary and Printing size information:
arm-none-eabi-objcopy -O binary "Zad2.elf" "Zad2.bin"
arm-none-eabi-size "Zad2.elf"
   text	   data	    bss	    dec	    hex	filename
   2704	   1136	   2300	   6140	   17fc	Zad2.elf
 
15:05:51 **** Incremental Build of configuration Debug for project Zad2 ****
make all 
make: Nothing to be done for 'all'.
15:05:59 **** Incremental Build of configuration Debug for project Zad2 ****
make all 
Building file: ../Main/ProceduryASM.s
Invoking: MCU GCC Assembler
C:\Studia\TM\STM32\Projekty\Zad2\Debug
arm-none-eabi-as -mcpu=cortex-m4 -mthumb -mfloat-abi=soft -g -o "Main/ProceduryASM.o" "../Main/ProceduryASM.s"
Finished building: ../Main/ProceduryASM.s
 
Building target: Zad2.elf
Invoking: MCU G++ Linker
arm-none-eabi-g++ -mcpu=cortex-m4 -mthumb -mfloat-abi=soft -L"C:\Studia\TM\STM32\Projekty\Zad2\Drivers" -T"C:/Studia/TM/STM32/Projekty/Zad2/LinkerScript.ld" -Wl,-Map=output.map -Wl,--gc-sections -fno-exceptions -fno-rtti -o "Zad2.elf" @"objects.list"  -lSTM32LIB_SOFTFP_RAMLINK -lm
Finished building target: Zad2.elf
 
make --no-print-directory post-build
Generating binary and Printing size information:
arm-none-eabi-objcopy -O binary "Zad2.elf" "Zad2.bin"
arm-none-eabi-size "Zad2.elf"
   text	   data	    bss	    dec	    hex	filename
   2704	   1136	   2300	   6140	   17fc	Zad2.elf
 
15:07:09 **** Incremental Build of configuration Debug for project Zad2 ****
make all 
make: Nothing to be done for 'all'.
15:09:16 **** Incremental Build of configuration Debug for project Zad2 ****
make all 
Building file: ../Main/ProceduryASM.s
Invoking: MCU GCC Assembler
C:\Studia\TM\STM32\Projekty\Zad2\Debug
arm-none-eabi-as -mcpu=cortex-m4 -mthumb -mfloat-abi=soft -g -o "Main/ProceduryASM.o" "../Main/ProceduryASM.s"
Finished building: ../Main/ProceduryASM.s
 
Building target: Zad2.elf
Invoking: MCU G++ Linker
arm-none-eabi-g++ -mcpu=cortex-m4 -mthumb -mfloat-abi=soft -L"C:\Studia\TM\STM32\Projekty\Zad2\Drivers" -T"C:/Studia/TM/STM32/Projekty/Zad2/LinkerScript.ld" -Wl,-Map=output.map -Wl,--gc-sections -fno-exceptions -fno-rtti -o "Zad2.elf" @"objects.list"  -lSTM32LIB_SOFTFP_RAMLINK -lm
Finished building target: Zad2.elf
 
make --no-print-directory post-build
Generating binary and Printing size information:
arm-none-eabi-objcopy -O binary "Zad2.elf" "Zad2.bin"
arm-none-eabi-size "Zad2.elf"
   text	   data	    bss	    dec	    hex	filename
   2704	   1136	   2300	   6140	   17fc	Zad2.elf
 
15:10:22 **** Incremental Build of configuration Debug for project Zad2 ****
make all 
make: Nothing to be done for 'all'.
15:12:38 **** Incremental Build of configuration Debug for project Zad2 ****
make all 
Building file: ../Main/ProceduryASM.s
Invoking: MCU GCC Assembler
C:\Studia\TM\STM32\Projekty\Zad2\Debug
arm-none-eabi-as -mcpu=cortex-m4 -mthumb -mfloat-abi=soft -g -o "Main/ProceduryASM.o" "../Main/ProceduryASM.s"
Finished building: ../Main/ProceduryASM.s
 
Building target: Zad2.elf
Invoking: MCU G++ Linker
arm-none-eabi-g++ -mcpu=cortex-m4 -mthumb -mfloat-abi=soft -L"C:\Studia\TM\STM32\Projekty\Zad2\Drivers" -T"C:/Studia/TM/STM32/Projekty/Zad2/LinkerScript.ld" -Wl,-Map=output.map -Wl,--gc-sections -fno-exceptions -fno-rtti -o "Zad2.elf" @"objects.list"  -lSTM32LIB_SOFTFP_RAMLINK -lm
Finished building target: Zad2.elf
 
make --no-print-directory post-build
Generating binary and Printing size information:
arm-none-eabi-objcopy -O binary "Zad2.elf" "Zad2.bin"
arm-none-eabi-size "Zad2.elf"
   text	   data	    bss	    dec	    hex	filename
   2704	   1136	   2300	   6140	   17fc	Zad2.elf
 
15:13:07 **** Incremental Build of configuration Debug for project Zad2 ****
make all 
Building file: ../Main/main.c
Invoking: MCU GCC Compiler
C:\Studia\TM\STM32\Projekty\Zad2\Debug
arm-none-eabi-gcc  -mcpu=cortex-m4 -mthumb -mfloat-abi=soft -DSTM32F429ZITx -DVECT_TAB_SRAM -DUSE_STM32F429I_DISCO -DSTM32F429xx -DUSE_HAL_DRIVER -DSTM32F429I_DISC1 -DSTM32F4 -DSTM32 -DDEBUG -I"C:/Studia/TM/STM32/Projekty/Zad2/Drivers/BSP" -I"C:/Studia/TM/STM32/Projekty/Zad2/Drivers/CMSIS" -I"C:/Studia/TM/STM32/Projekty/Zad2/Drivers/STM32F4xx_HAL_Driver" -I"C:/Studia/TM/STM32/Projekty/Zad2/Drivers/Utils" -I"C:/Studia/TM/STM32/Projekty/Zad2/Main" -O0 -g3 -Wall -fmessage-length=0 -ffunction-sections -c -MMD -MP -MF"Main/main.d" -MT"Main/main.o" -o "Main/main.o" "../Main/main.c"
Finished building: ../Main/main.c
 
Building target: Zad2.elf
Invoking: MCU G++ Linker
arm-none-eabi-g++ -mcpu=cortex-m4 -mthumb -mfloat-abi=soft -L"C:\Studia\TM\STM32\Projekty\Zad2\Drivers" -T"C:/Studia/TM/STM32/Projekty/Zad2/LinkerScript.ld" -Wl,-Map=output.map -Wl,--gc-sections -fno-exceptions -fno-rtti -o "Zad2.elf" @"objects.list"  -lSTM32LIB_SOFTFP_RAMLINK -lm
Finished building target: Zad2.elf
 
make --no-print-directory post-build
Generating binary and Printing size information:
arm-none-eabi-objcopy -O binary "Zad2.elf" "Zad2.bin"
arm-none-eabi-size "Zad2.elf"
   text	   data	    bss	    dec	    hex	filename
   2704	   1136	   2300	   6140	   17fc	Zad2.elf
 
15:13:45 **** Incremental Build of configuration Debug for project Zad2 ****
make all 
Building file: ../Main/main.c
Invoking: MCU GCC Compiler
C:\Studia\TM\STM32\Projekty\Zad2\Debug
arm-none-eabi-gcc  -mcpu=cortex-m4 -mthumb -mfloat-abi=soft -DSTM32F429ZITx -DVECT_TAB_SRAM -DUSE_STM32F429I_DISCO -DSTM32F429xx -DUSE_HAL_DRIVER -DSTM32F429I_DISC1 -DSTM32F4 -DSTM32 -DDEBUG -I"C:/Studia/TM/STM32/Projekty/Zad2/Drivers/BSP" -I"C:/Studia/TM/STM32/Projekty/Zad2/Drivers/CMSIS" -I"C:/Studia/TM/STM32/Projekty/Zad2/Drivers/STM32F4xx_HAL_Driver" -I"C:/Studia/TM/STM32/Projekty/Zad2/Drivers/Utils" -I"C:/Studia/TM/STM32/Projekty/Zad2/Main" -O0 -g3 -Wall -fmessage-length=0 -ffunction-sections -c -MMD -MP -MF"Main/main.d" -MT"Main/main.o" -o "Main/main.o" "../Main/main.c"
Finished building: ../Main/main.c
 
Building target: Zad2.elf
Invoking: MCU G++ Linker
arm-none-eabi-g++ -mcpu=cortex-m4 -mthumb -mfloat-abi=soft -L"C:\Studia\TM\STM32\Projekty\Zad2\Drivers" -T"C:/Studia/TM/STM32/Projekty/Zad2/LinkerScript.ld" -Wl,-Map=output.map -Wl,--gc-sections -fno-exceptions -fno-rtti -o "Zad2.elf" @"objects.list"  -lSTM32LIB_SOFTFP_RAMLINK -lm
Finished building target: Zad2.elf
 
make --no-print-directory post-build
Generating binary and Printing size information:
arm-none-eabi-objcopy -O binary "Zad2.elf" "Zad2.bin"
arm-none-eabi-size "Zad2.elf"
   text	   data	    bss	    dec	    hex	filename
   2704	   1136	   2300	   6140	   17fc	Zad2.elf
 
15:15:00 **** Incremental Build of configuration Debug for project Zad2 ****
make all 
Building file: ../Main/ProceduryASM.s
Invoking: MCU GCC Assembler
C:\Studia\TM\STM32\Projekty\Zad2\Debug
arm-none-eabi-as -mcpu=cortex-m4 -mthumb -mfloat-abi=soft -g -o "Main/ProceduryASM.o" "../Main/ProceduryASM.s"
Finished building: ../Main/ProceduryASM.s
 
Building target: Zad2.elf
Invoking: MCU G++ Linker
arm-none-eabi-g++ -mcpu=cortex-m4 -mthumb -mfloat-abi=soft -L"C:\Studia\TM\STM32\Projekty\Zad2\Drivers" -T"C:/Studia/TM/STM32/Projekty/Zad2/LinkerScript.ld" -Wl,-Map=output.map -Wl,--gc-sections -fno-exceptions -fno-rtti -o "Zad2.elf" @"objects.list"  -lSTM32LIB_SOFTFP_RAMLINK -lm
Finished building target: Zad2.elf
 
make --no-print-directory post-build
Generating binary and Printing size information:
arm-none-eabi-objcopy -O binary "Zad2.elf" "Zad2.bin"
arm-none-eabi-size "Zad2.elf"
   text	   data	    bss	    dec	    hex	filename
   2704	   1136	   2300	   6140	   17fc	Zad2.elf
 
15:15:23 **** Incremental Build of configuration Debug for project Zad2 ****
make all 
Building file: ../Main/ProceduryASM.s
Invoking: MCU GCC Assembler
C:\Studia\TM\STM32\Projekty\Zad2\Debug
arm-none-eabi-as -mcpu=cortex-m4 -mthumb -mfloat-abi=soft -g -o "Main/ProceduryASM.o" "../Main/ProceduryASM.s"
Finished building: ../Main/ProceduryASM.s
 
Building target: Zad2.elf
Invoking: MCU G++ Linker
arm-none-eabi-g++ -mcpu=cortex-m4 -mthumb -mfloat-abi=soft -L"C:\Studia\TM\STM32\Projekty\Zad2\Drivers" -T"C:/Studia/TM/STM32/Projekty/Zad2/LinkerScript.ld" -Wl,-Map=output.map -Wl,--gc-sections -fno-exceptions -fno-rtti -o "Zad2.elf" @"objects.list"  -lSTM32LIB_SOFTFP_RAMLINK -lm
Finished building target: Zad2.elf
 
make --no-print-directory post-build
Generating binary and Printing size information:
arm-none-eabi-objcopy -O binary "Zad2.elf" "Zad2.bin"
arm-none-eabi-size "Zad2.elf"
   text	   data	    bss	    dec	    hex	filename
   2704	   1136	   2300	   6140	   17fc	Zad2.elf
 
15:18:30 **** Incremental Build of configuration Debug for project Zad2 ****
make all 
Building file: ../Main/ProceduryASM.s
Invoking: MCU GCC Assembler
C:\Studia\TM\STM32\Projekty\Zad2\Debug
arm-none-eabi-as -mcpu=cortex-m4 -mthumb -mfloat-abi=soft -g -o "Main/ProceduryASM.o" "../Main/ProceduryASM.s"
Finished building: ../Main/ProceduryASM.s
 
Building target: Zad2.elf
Invoking: MCU G++ Linker
arm-none-eabi-g++ -mcpu=cortex-m4 -mthumb -mfloat-abi=soft -L"C:\Studia\TM\STM32\Projekty\Zad2\Drivers" -T"C:/Studia/TM/STM32/Projekty/Zad2/LinkerScript.ld" -Wl,-Map=output.map -Wl,--gc-sections -fno-exceptions -fno-rtti -o "Zad2.elf" @"objects.list"  -lSTM32LIB_SOFTFP_RAMLINK -lm
Finished building target: Zad2.elf
 
make --no-print-directory post-build
Generating binary and Printing size information:
arm-none-eabi-objcopy -O binary "Zad2.elf" "Zad2.bin"
arm-none-eabi-size "Zad2.elf"
   text	   data	    bss	    dec	    hex	filename
   2704	   1136	   2300	   6140	   17fc	Zad2.elf
 
15:19:54 **** Incremental Build of configuration Debug for project Zad2 ****
make all 
Building file: ../Main/ProceduryASM.s
Invoking: MCU GCC Assembler
C:\Studia\TM\STM32\Projekty\Zad2\Debug
arm-none-eabi-as -mcpu=cortex-m4 -mthumb -mfloat-abi=soft -g -o "Main/ProceduryASM.o" "../Main/ProceduryASM.s"
Finished building: ../Main/ProceduryASM.s
 
Building target: Zad2.elf
Invoking: MCU G++ Linker
arm-none-eabi-g++ -mcpu=cortex-m4 -mthumb -mfloat-abi=soft -L"C:\Studia\TM\STM32\Projekty\Zad2\Drivers" -T"C:/Studia/TM/STM32/Projekty/Zad2/LinkerScript.ld" -Wl,-Map=output.map -Wl,--gc-sections -fno-exceptions -fno-rtti -o "Zad2.elf" @"objects.list"  -lSTM32LIB_SOFTFP_RAMLINK -lm
Finished building target: Zad2.elf
 
make --no-print-directory post-build
Generating binary and Printing size information:
arm-none-eabi-objcopy -O binary "Zad2.elf" "Zad2.bin"
arm-none-eabi-size "Zad2.elf"
   text	   data	    bss	    dec	    hex	filename
   2700	   1136	   2300	   6136	   17f8	Zad2.elf
 
15:20:20 **** Incremental Build of configuration Debug for project Zad2 ****
make all 
Building file: ../Main/ProceduryASM.s
Invoking: MCU GCC Assembler
C:\Studia\TM\STM32\Projekty\Zad2\Debug
arm-none-eabi-as -mcpu=cortex-m4 -mthumb -mfloat-abi=soft -g -o "Main/ProceduryASM.o" "../Main/ProceduryASM.s"
Finished building: ../Main/ProceduryASM.s
 
Building target: Zad2.elf
Invoking: MCU G++ Linker
arm-none-eabi-g++ -mcpu=cortex-m4 -mthumb -mfloat-abi=soft -L"C:\Studia\TM\STM32\Projekty\Zad2\Drivers" -T"C:/Studia/TM/STM32/Projekty/Zad2/LinkerScript.ld" -Wl,-Map=output.map -Wl,--gc-sections -fno-exceptions -fno-rtti -o "Zad2.elf" @"objects.list"  -lSTM32LIB_SOFTFP_RAMLINK -lm
Finished building target: Zad2.elf
 
make --no-print-directory post-build
Generating binary and Printing size information:
arm-none-eabi-objcopy -O binary "Zad2.elf" "Zad2.bin"
arm-none-eabi-size "Zad2.elf"
   text	   data	    bss	    dec	    hex	filename
   2696	   1136	   2300	   6132	   17f4	Zad2.elf
 
15:20:40 **** Incremental Build of configuration Debug for project Zad2 ****
make all 
Building file: ../Main/ProceduryASM.s
Invoking: MCU GCC Assembler
C:\Studia\TM\STM32\Projekty\Zad2\Debug
arm-none-eabi-as -mcpu=cortex-m4 -mthumb -mfloat-abi=soft -g -o "Main/ProceduryASM.o" "../Main/ProceduryASM.s"
Finished building: ../Main/ProceduryASM.s
 
Building target: Zad2.elf
Invoking: MCU G++ Linker
arm-none-eabi-g++ -mcpu=cortex-m4 -mthumb -mfloat-abi=soft -L"C:\Studia\TM\STM32\Projekty\Zad2\Drivers" -T"C:/Studia/TM/STM32/Projekty/Zad2/LinkerScript.ld" -Wl,-Map=output.map -Wl,--gc-sections -fno-exceptions -fno-rtti -o "Zad2.elf" @"objects.list"  -lSTM32LIB_SOFTFP_RAMLINK -lm
Finished building target: Zad2.elf
 
make --no-print-directory post-build
Generating binary and Printing size information:
arm-none-eabi-objcopy -O binary "Zad2.elf" "Zad2.bin"
arm-none-eabi-size "Zad2.elf"
   text	   data	    bss	    dec	    hex	filename
   2700	   1136	   2300	   6136	   17f8	Zad2.elf
 
15:21:12 **** Incremental Build of configuration Debug for project Zad2 ****
make all 
Building file: ../Main/ProceduryASM.s
Invoking: MCU GCC Assembler
C:\Studia\TM\STM32\Projekty\Zad2\Debug
arm-none-eabi-as -mcpu=cortex-m4 -mthumb -mfloat-abi=soft -g -o "Main/ProceduryASM.o" "../Main/ProceduryASM.s"
Finished building: ../Main/ProceduryASM.s
 
Building target: Zad2.elf
Invoking: MCU G++ Linker
arm-none-eabi-g++ -mcpu=cortex-m4 -mthumb -mfloat-abi=soft -L"C:\Studia\TM\STM32\Projekty\Zad2\Drivers" -T"C:/Studia/TM/STM32/Projekty/Zad2/LinkerScript.ld" -Wl,-Map=output.map -Wl,--gc-sections -fno-exceptions -fno-rtti -o "Zad2.elf" @"objects.list"  -lSTM32LIB_SOFTFP_RAMLINK -lm
Finished building target: Zad2.elf
 
make --no-print-directory post-build
Generating binary and Printing size information:
arm-none-eabi-objcopy -O binary "Zad2.elf" "Zad2.bin"
arm-none-eabi-size "Zad2.elf"
   text	   data	    bss	    dec	    hex	filename
   2704	   1136	   2300	   6140	   17fc	Zad2.elf
 
15:23:52 **** Incremental Build of configuration Debug for project Zad2 ****
make all 
Building file: ../Main/ProceduryASM.s
Invoking: MCU GCC Assembler
C:\Studia\TM\STM32\Projekty\Zad2\Debug
arm-none-eabi-as -mcpu=cortex-m4 -mthumb -mfloat-abi=soft -g -o "Main/ProceduryASM.o" "../Main/ProceduryASM.s"
Finished building: ../Main/ProceduryASM.s
 
Building target: Zad2.elf
Invoking: MCU G++ Linker
arm-none-eabi-g++ -mcpu=cortex-m4 -mthumb -mfloat-abi=soft -L"C:\Studia\TM\STM32\Projekty\Zad2\Drivers" -T"C:/Studia/TM/STM32/Projekty/Zad2/LinkerScript.ld" -Wl,-Map=output.map -Wl,--gc-sections -fno-exceptions -fno-rtti -o "Zad2.elf" @"objects.list"  -lSTM32LIB_SOFTFP_RAMLINK -lm
Finished building target: Zad2.elf
 
make --no-print-directory post-build
Generating binary and Printing size information:
arm-none-eabi-objcopy -O binary "Zad2.elf" "Zad2.bin"
arm-none-eabi-size "Zad2.elf"
   text	   data	    bss	    dec	    hex	filename
   2708	   1136	   2300	   6144	   1800	Zad2.elf
 
15:24:27 **** Incremental Build of configuration Debug for project Zad2 ****
make all 
Building file: ../Main/ProceduryASM.s
Invoking: MCU GCC Assembler
C:\Studia\TM\STM32\Projekty\Zad2\Debug
arm-none-eabi-as -mcpu=cortex-m4 -mthumb -mfloat-abi=soft -g -o "Main/ProceduryASM.o" "../Main/ProceduryASM.s"
Finished building: ../Main/ProceduryASM.s
 
Building target: Zad2.elf
Invoking: MCU G++ Linker
arm-none-eabi-g++ -mcpu=cortex-m4 -mthumb -mfloat-abi=soft -L"C:\Studia\TM\STM32\Projekty\Zad2\Drivers" -T"C:/Studia/TM/STM32/Projekty/Zad2/LinkerScript.ld" -Wl,-Map=output.map -Wl,--gc-sections -fno-exceptions -fno-rtti -o "Zad2.elf" @"objects.list"  -lSTM32LIB_SOFTFP_RAMLINK -lm
Finished building target: Zad2.elf
 
make --no-print-directory post-build
Generating binary and Printing size information:
arm-none-eabi-objcopy -O binary "Zad2.elf" "Zad2.bin"
arm-none-eabi-size "Zad2.elf"
   text	   data	    bss	    dec	    hex	filename
   2708	   1136	   2300	   6144	   1800	Zad2.elf
 
15:24:49 **** Incremental Build of configuration Debug for project Zad2 ****
make all 
Building file: ../Main/ProceduryASM.s
Invoking: MCU GCC Assembler
C:\Studia\TM\STM32\Projekty\Zad2\Debug
arm-none-eabi-as -mcpu=cortex-m4 -mthumb -mfloat-abi=soft -g -o "Main/ProceduryASM.o" "../Main/ProceduryASM.s"
Finished building: ../Main/ProceduryASM.s
 
Building file: ../Main/main.c
Invoking: MCU GCC Compiler
C:\Studia\TM\STM32\Projekty\Zad2\Debug
arm-none-eabi-gcc  -mcpu=cortex-m4 -mthumb -mfloat-abi=soft -DSTM32F429ZITx -DVECT_TAB_SRAM -DUSE_STM32F429I_DISCO -DSTM32F429xx -DUSE_HAL_DRIVER -DSTM32F429I_DISC1 -DSTM32F4 -DSTM32 -DDEBUG -I"C:/Studia/TM/STM32/Projekty/Zad2/Drivers/BSP" -I"C:/Studia/TM/STM32/Projekty/Zad2/Drivers/CMSIS" -I"C:/Studia/TM/STM32/Projekty/Zad2/Drivers/STM32F4xx_HAL_Driver" -I"C:/Studia/TM/STM32/Projekty/Zad2/Drivers/Utils" -I"C:/Studia/TM/STM32/Projekty/Zad2/Main" -O0 -g3 -Wall -fmessage-length=0 -ffunction-sections -c -MMD -MP -MF"Main/main.d" -MT"Main/main.o" -o "Main/main.o" "../Main/main.c"
Finished building: ../Main/main.c
 
Building target: Zad2.elf
Invoking: MCU G++ Linker
arm-none-eabi-g++ -mcpu=cortex-m4 -mthumb -mfloat-abi=soft -L"C:\Studia\TM\STM32\Projekty\Zad2\Drivers" -T"C:/Studia/TM/STM32/Projekty/Zad2/LinkerScript.ld" -Wl,-Map=output.map -Wl,--gc-sections -fno-exceptions -fno-rtti -o "Zad2.elf" @"objects.list"  -lSTM32LIB_SOFTFP_RAMLINK -lm
Finished building target: Zad2.elf
 
make --no-print-directory post-build
Generating binary and Printing size information:
arm-none-eabi-objcopy -O binary "Zad2.elf" "Zad2.bin"
arm-none-eabi-size "Zad2.elf"
   text	   data	    bss	    dec	    hex	filename
   2708	   1136	   2300	   6144	   1800	Zad2.elf
 
15:30:11 **** Incremental Build of configuration Debug for project Zad2 ****
make all 
make: Nothing to be done for 'all'.
19:48:11 **** Incremental Build of configuration Debug for project Zad2 ****
make all 
make: Nothing to be done for 'all'.
19:48:24 **** Incremental Build of configuration Debug for project Zad2 ****
make all 
make: Nothing to be done for 'all'.
