17:22:08 **** Incremental Build of configuration Debug for project Zad1_Linia ****
make all 
Building file: ../Main/main.c
Invoking: MCU GCC Compiler
C:\Studia\TM\STM32\Projekty\Zad1_Linia\Debug
arm-none-eabi-gcc  -mcpu=cortex-m4 -mthumb -mfloat-abi=soft -DSTM32F429ZITx -DVECT_TAB_SRAM -DUSE_STM32F429I_DISCO -DSTM32F429xx -DUSE_HAL_DRIVER -DSTM32F429I_DISC1 -DSTM32F4 -DSTM32 -DDEBUG -I"C:/Studia/TM/STM32/Projekty/Zad1_Linia/Drivers/BSP" -I"C:/Studia/TM/STM32/Projekty/Zad1_Linia/Drivers/CMSIS" -I"C:/Studia/TM/STM32/Projekty/Zad1_Linia/Drivers/STM32F4xx_HAL_Driver" -I"C:/Studia/TM/STM32/Projekty/Zad1_Linia/Drivers/Utils" -I"C:/Studia/TM/STM32/Projekty/Zad1_Linia/Main" -O0 -g3 -Wall -fmessage-length=0 -ffunction-sections -c -MMD -MP -MF"Main/main.d" -MT"Main/main.o" -o "Main/main.o" "../Main/main.c"
Finished building: ../Main/main.c
 
Building target: Zad1_Linia.elf
Invoking: MCU G++ Linker
arm-none-eabi-g++ -mcpu=cortex-m4 -mthumb -mfloat-abi=soft -L"C:\Studia\TM\STM32\Projekty\Zad1_Linia\Drivers" -T"C:/Studia/TM/STM32/Projekty/Zad1_Linia/LinkerScript.ld" -Wl,-Map=output.map -Wl,--gc-sections -fno-exceptions -fno-rtti -o "Zad1_Linia.elf" @"objects.list"  -lSTM32LIB_SOFTFP_RAMLINK -lm
Finished building target: Zad1_Linia.elf
 
make --no-print-directory post-build
Generating binary and Printing size information:
arm-none-eabi-objcopy -O binary "Zad1_Linia.elf" "Zad1_Linia.bin"
arm-none-eabi-size "Zad1_Linia.elf"
   text	   data	    bss	    dec	    hex	filename
   6048	   1152	   2292	   9492	   2514	Zad1_Linia.elf
 

17:22:09 Build Finished (took 1s.23ms)

