Archive member included to satisfy reference by file (symbol)

C:\Studia\TM\STM32\Projekty\Zad1_Linia\Drivers\libSTM32LIB_SOFTFP_RAMLINK.a(ili9341.o)
                              Main/main_base.o (ili9341_Init)
C:\Studia\TM\STM32\Projekty\Zad1_Linia\Drivers\libSTM32LIB_SOFTFP_RAMLINK.a(stm32f429i_discovery.o)
                              Main/main_base.o (BSP_LED_On)
C:\Studia\TM\STM32\Projekty\Zad1_Linia\Drivers\libSTM32LIB_SOFTFP_RAMLINK.a(stm32f4xx_hal.o)
                              Main/main.o (HAL_Init)
C:\Studia\TM\STM32\Projekty\Zad1_Linia\Drivers\libSTM32LIB_SOFTFP_RAMLINK.a(stm32f4xx_hal_cortex.o)
                              C:\Studia\TM\STM32\Projekty\Zad1_Linia\Drivers\libSTM32LIB_SOFTFP_RAMLINK.a(stm32f4xx_hal.o) (HAL_NVIC_SetPriorityGrouping)
C:\Studia\TM\STM32\Projekty\Zad1_Linia\Drivers\libSTM32LIB_SOFTFP_RAMLINK.a(stm32f4xx_hal_gpio.o)
                              Main/stm32f4xx_hal_msp.o (HAL_GPIO_Init)
C:\Studia\TM\STM32\Projekty\Zad1_Linia\Drivers\libSTM32LIB_SOFTFP_RAMLINK.a(stm32f4xx_hal_i2c.o)
                              C:\Studia\TM\STM32\Projekty\Zad1_Linia\Drivers\libSTM32LIB_SOFTFP_RAMLINK.a(stm32f429i_discovery.o) (HAL_I2C_Init)
C:\Studia\TM\STM32\Projekty\Zad1_Linia\Drivers\libSTM32LIB_SOFTFP_RAMLINK.a(stm32f4xx_hal_ltdc.o)
                              Main/main_base.o (HAL_LTDC_Init)
C:\Studia\TM\STM32\Projekty\Zad1_Linia\Drivers\libSTM32LIB_SOFTFP_RAMLINK.a(stm32f4xx_hal_pwr_ex.o)
                              Main/main_base.o (HAL_PWREx_EnableOverDrive)
C:\Studia\TM\STM32\Projekty\Zad1_Linia\Drivers\libSTM32LIB_SOFTFP_RAMLINK.a(stm32f4xx_hal_rcc.o)
                              Main/main_base.o (HAL_RCC_OscConfig)
C:\Studia\TM\STM32\Projekty\Zad1_Linia\Drivers\libSTM32LIB_SOFTFP_RAMLINK.a(stm32f4xx_hal_rcc_ex.o)
                              Main/main_base.o (HAL_RCCEx_PeriphCLKConfig)
C:\Studia\TM\STM32\Projekty\Zad1_Linia\Drivers\libSTM32LIB_SOFTFP_RAMLINK.a(stm32f4xx_hal_spi.o)
                              C:\Studia\TM\STM32\Projekty\Zad1_Linia\Drivers\libSTM32LIB_SOFTFP_RAMLINK.a(stm32f429i_discovery.o) (HAL_SPI_Init)
C:\Studia\TM\STM32\Projekty\Zad1_Linia\Drivers\libSTM32LIB_SOFTFP_RAMLINK.a(startup_stm32f429xx.o)
                              (Reset_Handler)
C:\Studia\TM\STM32\Projekty\Zad1_Linia\Drivers\libSTM32LIB_SOFTFP_RAMLINK.a(system_stm32f4xx.o)
                              C:\Studia\TM\STM32\Projekty\Zad1_Linia\Drivers\libSTM32LIB_SOFTFP_RAMLINK.a(stm32f4xx_hal.o) (SystemCoreClock)
C:\Studia\TM\STM32\Projekty\Zad1_Linia\Drivers\libSTM32LIB_SOFTFP_RAMLINK.a(stm32f4xx_hal_dma.o)
                              C:\Studia\TM\STM32\Projekty\Zad1_Linia\Drivers\libSTM32LIB_SOFTFP_RAMLINK.a(stm32f4xx_hal_i2c.o) (HAL_DMA_Start_IT)
c:/ac6/systemworkbench/plugins/fr.ac6.mcu.externaltools.arm-none.win32_1.17.0.201812190825/tools/compiler/bin/../lib/gcc/arm-none-eabi/7.3.1/../../../../arm-none-eabi/lib/thumb/v7e-m\libc.a(lib_a-exit.o)
                              c:/ac6/systemworkbench/plugins/fr.ac6.mcu.externaltools.arm-none.win32_1.17.0.201812190825/tools/compiler/bin/../lib/gcc/arm-none-eabi/7.3.1/../../../../arm-none-eabi/lib/thumb/v7e-m/crt0.o (exit)
c:/ac6/systemworkbench/plugins/fr.ac6.mcu.externaltools.arm-none.win32_1.17.0.201812190825/tools/compiler/bin/../lib/gcc/arm-none-eabi/7.3.1/../../../../arm-none-eabi/lib/thumb/v7e-m\libc.a(lib_a-impure.o)
                              c:/ac6/systemworkbench/plugins/fr.ac6.mcu.externaltools.arm-none.win32_1.17.0.201812190825/tools/compiler/bin/../lib/gcc/arm-none-eabi/7.3.1/../../../../arm-none-eabi/lib/thumb/v7e-m\libc.a(lib_a-exit.o) (_global_impure_ptr)
c:/ac6/systemworkbench/plugins/fr.ac6.mcu.externaltools.arm-none.win32_1.17.0.201812190825/tools/compiler/bin/../lib/gcc/arm-none-eabi/7.3.1/../../../../arm-none-eabi/lib/thumb/v7e-m\libc.a(lib_a-init.o)
                              c:/ac6/systemworkbench/plugins/fr.ac6.mcu.externaltools.arm-none.win32_1.17.0.201812190825/tools/compiler/bin/../lib/gcc/arm-none-eabi/7.3.1/../../../../arm-none-eabi/lib/thumb/v7e-m/crt0.o (__libc_init_array)
c:/ac6/systemworkbench/plugins/fr.ac6.mcu.externaltools.arm-none.win32_1.17.0.201812190825/tools/compiler/bin/../lib/gcc/arm-none-eabi/7.3.1/../../../../arm-none-eabi/lib/thumb/v7e-m\libc.a(lib_a-memset.o)
                              c:/ac6/systemworkbench/plugins/fr.ac6.mcu.externaltools.arm-none.win32_1.17.0.201812190825/tools/compiler/bin/../lib/gcc/arm-none-eabi/7.3.1/../../../../arm-none-eabi/lib/thumb/v7e-m/crt0.o (memset)
c:/ac6/systemworkbench/plugins/fr.ac6.mcu.externaltools.arm-none.win32_1.17.0.201812190825/tools/compiler/bin/../lib/gcc/arm-none-eabi/7.3.1/../../../../arm-none-eabi/lib/thumb/v7e-m\libc.a(lib_a-__call_atexit.o)
                              c:/ac6/systemworkbench/plugins/fr.ac6.mcu.externaltools.arm-none.win32_1.17.0.201812190825/tools/compiler/bin/../lib/gcc/arm-none-eabi/7.3.1/../../../../arm-none-eabi/lib/thumb/v7e-m\libc.a(lib_a-exit.o) (__call_exitprocs)
[...]
Memory Configuration

Name             Origin             Length             Attributes
RAM              0x20028000         0x00007800         xrw
ROM              0x20000000         0x00028000         xrw
*default*        0x00000000         0xffffffff

Linker script and memory map

LOAD c:/ac6/systemworkbench/plugins/fr.ac6.mcu.externaltools.arm-none.win32_1.17.0.201812190825/tools/compiler/bin/../lib/gcc/arm-none-eabi/7.3.1/thumb/v7e-m/crti.o
LOAD c:/ac6/systemworkbench/plugins/fr.ac6.mcu.externaltools.arm-none.win32_1.17.0.201812190825/tools/compiler/bin/../lib/gcc/arm-none-eabi/7.3.1/thumb/v7e-m/crtbegin.o
LOAD c:/ac6/systemworkbench/plugins/fr.ac6.mcu.externaltools.arm-none.win32_1.17.0.201812190825/tools/compiler/bin/../lib/gcc/arm-none-eabi/7.3.1/../../../../arm-none-eabi/lib/thumb/v7e-m/crt0.o
LOAD Main/ProceduryASM.o
LOAD Main/main.o
LOAD Main/main_base.o
LOAD Main/stm32f4xx_hal_msp.o
LOAD Main/stm32f4xx_it.o
LOAD C:\Studia\TM\STM32\Projekty\Zad1_Linia\Drivers\libSTM32LIB_SOFTFP_RAMLINK.a
LOAD c:/ac6/systemworkbench/plugins/fr.ac6.mcu.externaltools.arm-none.win32_1.17.0.201812190825/tools/compiler/bin/../lib/gcc/arm-none-eabi/7.3.1/../../../../arm-none-eabi/lib/thumb/v7e-m\libstdc++.a
LOAD c:/ac6/systemworkbench/plugins/fr.ac6.mcu.externaltools.arm-none.win32_1.17.0.201812190825/tools/compiler/bin/../lib/gcc/arm-none-eabi/7.3.1/../../../../arm-none-eabi/lib/thumb/v7e-m\libm.a
START GROUP
LOAD c:/ac6/systemworkbench/plugins/fr.ac6.mcu.externaltools.arm-none.win32_1.17.0.201812190825/tools/compiler/bin/../lib/gcc/arm-none-eabi/7.3.1/thumb/v7e-m\libgcc.a
LOAD c:/ac6/systemworkbench/plugins/fr.ac6.mcu.externaltools.arm-none.win32_1.17.0.201812190825/tools/compiler/bin/../lib/gcc/arm-none-eabi/7.3.1/../../../../arm-none-eabi/lib/thumb/v7e-m\libc.a
END GROUP
LOAD c:/ac6/systemworkbench/plugins/fr.ac6.mcu.externaltools.arm-none.win32_1.17.0.201812190825/tools/compiler/bin/../lib/gcc/arm-none-eabi/7.3.1/thumb/v7e-m/crtend.o
LOAD c:/ac6/systemworkbench/plugins/fr.ac6.mcu.externaltools.arm-none.win32_1.17.0.201812190825/tools/compiler/bin/../lib/gcc/arm-none-eabi/7.3.1/thumb/v7e-m/crtn.o
                0x20030000                _estack = 0x20030000
                0x00000000                _Min_Heap_Size = 0x0
                0x00000800                _Min_Stack_Size = 0x800

.isr_vector     0x20000000      0x1ac
                0x20000000                . = ALIGN (0x4)
 *(.isr_vector)
 .isr_vector    0x20000000      0x1ac C:\Studia\TM\STM32\Projekty\Zad1_Linia\Drivers\libSTM32LIB_SOFTFP_RAMLINK.a(startup_stm32f429xx.o)
                0x20000000                g_pfnVectors
                0x200001ac                . = ALIGN (0x4)

.text           0x200001ac     0x15e0
                0x200001ac                . = ALIGN (0x4)
 *(.text)
 .text          0x200001ac       0x40 c:/ac6/systemworkbench/plugins/fr.ac6.mcu.externaltools.arm-none.win32_1.17.0.201812190825/tools/compiler/bin/../lib/gcc/arm-none-eabi/7.3.1/thumb/v7e-m/crtbegin.o
 .text          0x200001ec       0xf0 Main/ProceduryASM.o
                0x200001ec                kopiuj_blok_pamieci
                0x20000206                kasuj_blok_pamieci
                0x20000244                RGB16Pack
                0x20000252                move_square_asm
                0x20000288                DrawHLine
 *(.text*)
 .text.main     0x200002dc       0x5c Main/main.o
                0x200002dc                main
 .text.HAL_LTDC_ReloadEventCallback
                0x20000338       0x1c Main/main_base.o
                0x20000338                HAL_LTDC_ReloadEventCallback
 .text.SystemClock_Config
                0x20000354       0xc0 Main/main_base.o
                0x20000354                SystemClock_Config
 .text.Clear_And_Reload_Screen
                0x20000414       0x94 Main/main_base.o
                0x20000414                Clear_And_Reload_Screen
 .text.NMI_Handler
                0x200004a8        0xc Main/stm32f4xx_it.o
                0x200004a8                NMI_Handler
 .text.HardFault_Handler
                0x200004b4        0x6 Main/stm32f4xx_it.o
                0x200004b4                HardFault_Handler
 .text.MemManage_Handler
                0x200004ba        0x6 Main/stm32f4xx_it.o
                0x200004ba                MemManage_Handler
 .text.BusFault_Handler
                0x200004c0        0x6 Main/stm32f4xx_it.o
                0x200004c0                BusFault_Handler
 .text.UsageFault_Handler
                0x200004c6        0x6 Main/stm32f4xx_it.o
                0x200004c6                UsageFault_Handler
 .text.SVC_Handler
                0x200004cc        0xc Main/stm32f4xx_it.o
                0x200004cc                SVC_Handler
 .text.DebugMon_Handler
                0x200004d8        0xc Main/stm32f4xx_it.o
                0x200004d8                DebugMon_Handler
 .text.PendSV_Handler
                0x200004e4        0xc Main/stm32f4xx_it.o
                0x200004e4                PendSV_Handler
 .text.SysTick_Handler
                0x200004f0        0xc Main/stm32f4xx_it.o
                0x200004f0                SysTick_Handler
 .text.LTDC_IRQHandler
                0x200004fc       0x14 Main/stm32f4xx_it.o
                0x200004fc                LTDC_IRQHandler
 .text.HAL_Init
                0x20000510       0x44 C:\Studia\TM\STM32\Projekty\Zad1_Linia\Drivers\libSTM32LIB_SOFTFP_RAMLINK.a(stm32f4xx_hal.o)
                0x20000510                HAL_Init
 .text.HAL_MspInit
                0x20000554        0xc C:\Studia\TM\STM32\Projekty\Zad1_Linia\Drivers\libSTM32LIB_SOFTFP_RAMLINK.a(stm32f4xx_hal.o)
                0x20000554                HAL_MspInit
 .text.HAL_InitTick
                0x20000560       0x38 C:\Studia\TM\STM32\Projekty\Zad1_Linia\Drivers\libSTM32LIB_SOFTFP_RAMLINK.a(stm32f4xx_hal.o)
                0x20000560                HAL_InitTick
 .text.HAL_IncTick
                0x20000598       0x1c C:\Studia\TM\STM32\Projekty\Zad1_Linia\Drivers\libSTM32LIB_SOFTFP_RAMLINK.a(stm32f4xx_hal.o)
                0x20000598                HAL_IncTick
 .text.HAL_GetTick
                0x200005b4       0x14 C:\Studia\TM\STM32\Projekty\Zad1_Linia\Drivers\libSTM32LIB_SOFTFP_RAMLINK.a(stm32f4xx_hal.o)
                0x200005b4                HAL_GetTick
 .text.NVIC_SetPriorityGrouping
                0x200005c8       0x48 C:\Studia\TM\STM32\Projekty\Zad1_Linia\Drivers\libSTM32LIB_SOFTFP_RAMLINK.a(stm32f4xx_hal_cortex.o)
 .text.NVIC_GetPriorityGrouping
                0x20000610       0x1c C:\Studia\TM\STM32\Projekty\Zad1_Linia\Drivers\libSTM32LIB_SOFTFP_RAMLINK.a(stm32f4xx_hal_cortex.o)
 .text.NVIC_SetPriority
                0x2000062c       0x54 C:\Studia\TM\STM32\Projekty\Zad1_Linia\Drivers\libSTM32LIB_SOFTFP_RAMLINK.a(stm32f4xx_hal_cortex.o)
 .text.NVIC_EncodePriority
                0x20000680       0x60 C:\Studia\TM\STM32\Projekty\Zad1_Linia\Drivers\libSTM32LIB_SOFTFP_RAMLINK.a(stm32f4xx_hal_cortex.o)
 .text.SysTick_Config
                0x200006e0       0x44 C:\Studia\TM\STM32\Projekty\Zad1_Linia\Drivers\libSTM32LIB_SOFTFP_RAMLINK.a(stm32f4xx_hal_cortex.o)
 .text.HAL_NVIC_SetPriorityGrouping
                0x20000724       0x16 C:\Studia\TM\STM32\Projekty\Zad1_Linia\Drivers\libSTM32LIB_SOFTFP_RAMLINK.a(stm32f4xx_hal_cortex.o)
                0x20000724                HAL_NVIC_SetPriorityGrouping
 .text.HAL_NVIC_SetPriority
                0x2000073a       0x38 C:\Studia\TM\STM32\Projekty\Zad1_Linia\Drivers\libSTM32LIB_SOFTFP_RAMLINK.a(stm32f4xx_hal_cortex.o)
                0x2000073a                HAL_NVIC_SetPriority
 .text.HAL_SYSTICK_Config
                0x20000772       0x18 C:\Studia\TM\STM32\Projekty\Zad1_Linia\Drivers\libSTM32LIB_SOFTFP_RAMLINK.a(stm32f4xx_hal_cortex.o)
                0x20000772                HAL_SYSTICK_Config
 .text.HAL_LTDC_IRQHandler
                0x2000078a      0x158 C:\Studia\TM\STM32\Projekty\Zad1_Linia\Drivers\libSTM32LIB_SOFTFP_RAMLINK.a(stm32f4xx_hal_ltdc.o)
                0x2000078a                HAL_LTDC_IRQHandler
 .text.HAL_LTDC_ErrorCallback
                0x200008e2       0x12 C:\Studia\TM\STM32\Projekty\Zad1_Linia\Drivers\libSTM32LIB_SOFTFP_RAMLINK.a(stm32f4xx_hal_ltdc.o)
                0x200008e2                HAL_LTDC_ErrorCallback
 .text.HAL_LTDC_LineEventCallback
                0x200008f4       0x12 C:\Studia\TM\STM32\Projekty\Zad1_Linia\Drivers\libSTM32LIB_SOFTFP_RAMLINK.a(stm32f4xx_hal_ltdc.o)
                0x200008f4                HAL_LTDC_LineEventCallback
 *fill*         0x20000906        0x2 
 .text.HAL_PWREx_EnableOverDrive
                0x20000908       0xd4 C:\Studia\TM\STM32\Projekty\Zad1_Linia\Drivers\libSTM32LIB_SOFTFP_RAMLINK.a(stm32f4xx_hal_pwr_ex.o)
                0x20000908                HAL_PWREx_EnableOverDrive
 .text.HAL_RCC_OscConfig
                0x200009dc      0x428 C:\Studia\TM\STM32\Projekty\Zad1_Linia\Drivers\libSTM32LIB_SOFTFP_RAMLINK.a(stm32f4xx_hal_rcc.o)
                0x200009dc                HAL_RCC_OscConfig
 .text.HAL_RCC_ClockConfig
                0x20000e04      0x224 C:\Studia\TM\STM32\Projekty\Zad1_Linia\Drivers\libSTM32LIB_SOFTFP_RAMLINK.a(stm32f4xx_hal_rcc.o)
                0x20000e04                HAL_RCC_ClockConfig
 .text.HAL_RCC_GetSysClockFreq
                0x20001028       0xfc C:\Studia\TM\STM32\Projekty\Zad1_Linia\Drivers\libSTM32LIB_SOFTFP_RAMLINK.a(stm32f4xx_hal_rcc.o)
                0x20001028                HAL_RCC_GetSysClockFreq
 .text.HAL_RCCEx_PeriphCLKConfig
                0x20001124      0x43c C:\Studia\TM\STM32\Projekty\Zad1_Linia\Drivers\libSTM32LIB_SOFTFP_RAMLINK.a(stm32f4xx_hal_rcc_ex.o)
                0x20001124                HAL_RCCEx_PeriphCLKConfig
 .text.Reset_Handler
                0x20001560       0x50 C:\Studia\TM\STM32\Projekty\Zad1_Linia\Drivers\libSTM32LIB_SOFTFP_RAMLINK.a(startup_stm32f429xx.o)
                0x20001560                Reset_Handler
 .text.Default_Handler
                0x200015b0        0x2 C:\Studia\TM\STM32\Projekty\Zad1_Linia\Drivers\libSTM32LIB_SOFTFP_RAMLINK.a(startup_stm32f429xx.o)
                0x200015b0                RTC_Alarm_IRQHandler
                0x200015b0                HASH_RNG_IRQHandler
                0x200015b0                EXTI2_IRQHandler
                0x200015b0                TIM8_CC_IRQHandler
                0x200015b0                UART8_IRQHandler
                0x200015b0                SPI4_IRQHandler
                0x200015b0                TIM1_CC_IRQHandler
                0x200015b0                DMA2_Stream5_IRQHandler
                0x200015b0                DMA1_Stream5_IRQHandler
                0x200015b0                PVD_IRQHandler
                0x200015b0                SDIO_IRQHandler
                0x200015b0                TAMP_STAMP_IRQHandler
                0x200015b0                CAN2_RX1_IRQHandler
                0x200015b0                EXTI3_IRQHandler
                0x200015b0                TIM8_TRG_COM_TIM14_IRQHandler
                0x200015b0                TIM1_UP_TIM10_IRQHandler
                0x200015b0                TIM8_UP_TIM13_IRQHandler
                0x200015b0                I2C3_ER_IRQHandler
                0x200015b0                EXTI0_IRQHandler
                0x200015b0                I2C2_EV_IRQHandler
                0x200015b0                DMA1_Stream2_IRQHandler
                0x200015b0                CAN1_RX0_IRQHandler
                0x200015b0                FPU_IRQHandler
                0x200015b0                OTG_HS_WKUP_IRQHandler
                0x200015b0                LTDC_ER_IRQHandler
                0x200015b0                CAN2_SCE_IRQHandler
                0x200015b0                DMA2_Stream2_IRQHandler
                0x200015b0                SPI1_IRQHandler
                0x200015b0                TIM6_DAC_IRQHandler
                0x200015b0                TIM1_BRK_TIM9_IRQHandler
                0x200015b0                DCMI_IRQHandler
                0x200015b0                CAN2_RX0_IRQHandler
                0x200015b0                DMA2_Stream3_IRQHandler
                0x200015b0                USART6_IRQHandler
                0x200015b0                USART3_IRQHandler
                0x200015b0                CAN1_RX1_IRQHandler
                0x200015b0                UART5_IRQHandler
                0x200015b0                DMA2_Stream0_IRQHandler
                0x200015b0                TIM4_IRQHandler
                0x200015b0                I2C1_EV_IRQHandler
                0x200015b0                DMA1_Stream6_IRQHandler
                0x200015b0                DMA1_Stream1_IRQHandler
                0x200015b0                UART4_IRQHandler
                0x200015b0                TIM3_IRQHandler
                0x200015b0                RCC_IRQHandler
                0x200015b0                TIM8_BRK_TIM12_IRQHandler
                0x200015b0                Default_Handler
                0x200015b0                EXTI15_10_IRQHandler
                0x200015b0                ADC_IRQHandler
                0x200015b0                DMA1_Stream7_IRQHandler
                0x200015b0                SPI5_IRQHandler
                0x200015b0                TIM7_IRQHandler
                0x200015b0                CAN2_TX_IRQHandler
                0x200015b0                TIM5_IRQHandler
                0x200015b0                DMA2_Stream7_IRQHandler
                0x200015b0                I2C3_EV_IRQHandler
                0x200015b0                EXTI9_5_IRQHandler
                0x200015b0                RTC_WKUP_IRQHandler
                0x200015b0                ETH_WKUP_IRQHandler
                0x200015b0                SPI2_IRQHandler
                0x200015b0                OTG_HS_EP1_IN_IRQHandler
                0x200015b0                DMA1_Stream0_IRQHandler
                0x200015b0                CAN1_TX_IRQHandler
                0x200015b0                EXTI4_IRQHandler
                0x200015b0                ETH_IRQHandler
                0x200015b0                OTG_HS_EP1_OUT_IRQHandler
                0x200015b0                WWDG_IRQHandler
                0x200015b0                SPI6_IRQHandler
                0x200015b0                TIM2_IRQHandler
                0x200015b0                OTG_FS_WKUP_IRQHandler
                0x200015b0                TIM1_TRG_COM_TIM11_IRQHandler
                0x200015b0                OTG_HS_IRQHandler
                0x200015b0                DMA2D_IRQHandler
                0x200015b0                EXTI1_IRQHandler
                0x200015b0                UART7_IRQHandler
                0x200015b0                USART2_IRQHandler
                0x200015b0                I2C2_ER_IRQHandler
                0x200015b0                DMA2_Stream1_IRQHandler
                0x200015b0                CAN1_SCE_IRQHandler
                0x200015b0                FLASH_IRQHandler
                0x200015b0                DMA2_Stream4_IRQHandler
                0x200015b0                USART1_IRQHandler
                0x200015b0                OTG_FS_IRQHandler
                0x200015b0                SPI3_IRQHandler
                0x200015b0                DMA1_Stream4_IRQHandler
                0x200015b0                I2C1_ER_IRQHandler
                0x200015b0                FMC_IRQHandler
                0x200015b0                DMA2_Stream6_IRQHandler
                0x200015b0                SAI1_IRQHandler
                0x200015b0                DMA1_Stream3_IRQHandler
 *fill*         0x200015b2        0x2 
 .text.SystemInit
                0x200015b4       0x5c C:\Studia\TM\STM32\Projekty\Zad1_Linia\Drivers\libSTM32LIB_SOFTFP_RAMLINK.a(system_stm32f4xx.o)
                0x200015b4                SystemInit
 .text.__libc_init_array
                0x20001610       0x48 c:/ac6/systemworkbench/plugins/fr.ac6.mcu.externaltools.arm-none.win32_1.17.0.201812190825/tools/compiler/bin/../lib/gcc/arm-none-eabi/7.3.1/../../../../arm-none-eabi/lib/thumb/v7e-m\libc.a(lib_a-init.o)
                0x20001610                __libc_init_array
 .text.startup.register_fini
                0x20001658       0x14 c:/ac6/systemworkbench/plugins/fr.ac6.mcu.externaltools.arm-none.win32_1.17.0.201812190825/tools/compiler/bin/../lib/gcc/arm-none-eabi/7.3.1/../../../../arm-none-eabi/lib/thumb/v7e-m\libc.a(lib_a-__call_atexit.o)
 .text.atexit   0x2000166c        0xc c:/ac6/systemworkbench/plugins/fr.ac6.mcu.externaltools.arm-none.win32_1.17.0.201812190825/tools/compiler/bin/../lib/gcc/arm-none-eabi/7.3.1/../../../../arm-none-eabi/lib/thumb/v7e-m\libc.a(lib_a-atexit.o)
                0x2000166c                atexit
 .text.__libc_fini_array
                0x20001678       0x34 c:/ac6/systemworkbench/plugins/fr.ac6.mcu.externaltools.arm-none.win32_1.17.0.201812190825/tools/compiler/bin/../lib/gcc/arm-none-eabi/7.3.1/../../../../arm-none-eabi/lib/thumb/v7e-m\libc.a(lib_a-fini.o)
                0x20001678                __libc_fini_array
 .text.__retarget_lock_acquire_recursive
                0x200016ac        0x4 c:/ac6/systemworkbench/plugins/fr.ac6.mcu.externaltools.arm-none.win32_1.17.0.201812190825/tools/compiler/bin/../lib/gcc/arm-none-eabi/7.3.1/../../../../arm-none-eabi/lib/thumb/v7e-m\libc.a(lib_a-lock.o)
                0x200016ac                __retarget_lock_acquire_recursive
 .text.__retarget_lock_release_recursive
                0x200016b0        0x4 c:/ac6/systemworkbench/plugins/fr.ac6.mcu.externaltools.arm-none.win32_1.17.0.201812190825/tools/compiler/bin/../lib/gcc/arm-none-eabi/7.3.1/../../../../arm-none-eabi/lib/thumb/v7e-m\libc.a(lib_a-lock.o)
                0x200016b0                __retarget_lock_release_recursive
 .text.__register_exitproc
                0x200016b4       0xc0 c:/ac6/systemworkbench/plugins/fr.ac6.mcu.externaltools.arm-none.win32_1.17.0.201812190825/tools/compiler/bin/../lib/gcc/arm-none-eabi/7.3.1/../../../../arm-none-eabi/lib/thumb/v7e-m\libc.a(lib_a-__atexit.o)
                0x200016b4                __register_exitproc
 *(.glue_7)
 .glue_7        0x20001774        0x0 linker stubs
 *(.glue_7t)
 .glue_7t       0x20001774        0x0 linker stubs
 *(.eh_frame)
 .eh_frame      0x20001774        0x0 c:/ac6/systemworkbench/plugins/fr.ac6.mcu.externaltools.arm-none.win32_1.17.0.201812190825/tools/compiler/bin/../lib/gcc/arm-none-eabi/7.3.1/thumb/v7e-m/crtbegin.o
 *(.init)
 .init          0x20001774        0x4 c:/ac6/systemworkbench/plugins/fr.ac6.mcu.externaltools.arm-none.win32_1.17.0.201812190825/tools/compiler/bin/../lib/gcc/arm-none-eabi/7.3.1/thumb/v7e-m/crti.o
                0x20001774                _init
 .init          0x20001778        0x8 c:/ac6/systemworkbench/plugins/fr.ac6.mcu.externaltools.arm-none.win32_1.17.0.201812190825/tools/compiler/bin/../lib/gcc/arm-none-eabi/7.3.1/thumb/v7e-m/crtn.o
 *(.fini)
 .fini          0x20001780        0x4 c:/ac6/systemworkbench/plugins/fr.ac6.mcu.externaltools.arm-none.win32_1.17.0.201812190825/tools/compiler/bin/../lib/gcc/arm-none-eabi/7.3.1/thumb/v7e-m/crti.o
                0x20001780                _fini
 .fini          0x20001784        0x8 c:/ac6/systemworkbench/plugins/fr.ac6.mcu.externaltools.arm-none.win32_1.17.0.201812190825/tools/compiler/bin/../lib/gcc/arm-none-eabi/7.3.1/thumb/v7e-m/crtn.o
                0x2000178c                . = ALIGN (0x4)
                0x2000178c                _etext = .

.vfp11_veneer   0x2000178c        0x0
 .vfp11_veneer  0x2000178c        0x0 linker stubs

.v4_bx          0x2000178c        0x0
 .v4_bx         0x2000178c        0x0 linker stubs

.iplt           0x2000178c        0x0
 .iplt          0x2000178c        0x0 c:/ac6/systemworkbench/plugins/fr.ac6.mcu.externaltools.arm-none.win32_1.17.0.201812190825/tools/compiler/bin/../lib/gcc/arm-none-eabi/7.3.1/thumb/v7e-m/crtbegin.o

.rodata         0x2000178c       0x14
                0x2000178c                . = ALIGN (0x4)
 *(.rodata)
 .rodata        0x2000178c       0x10 C:\Studia\TM\STM32\Projekty\Zad1_Linia\Drivers\libSTM32LIB_SOFTFP_RAMLINK.a(stm32f4xx_hal_rcc.o)
                0x2000178c                APBAHBPrescTable
 *(.rodata*)
 .rodata._global_impure_ptr
                0x2000179c        0x4 c:/ac6/systemworkbench/plugins/fr.ac6.mcu.externaltools.arm-none.win32_1.17.0.201812190825/tools/compiler/bin/../lib/gcc/arm-none-eabi/7.3.1/../../../../arm-none-eabi/lib/thumb/v7e-m\libc.a(lib_a-impure.o)
                0x2000179c                _global_impure_ptr
                0x200017a0                . = ALIGN (0x4)

.rel.dyn        0x200017a0        0x0
 .rel.iplt      0x200017a0        0x0 c:/ac6/systemworkbench/plugins/fr.ac6.mcu.externaltools.arm-none.win32_1.17.0.201812190825/tools/compiler/bin/../lib/gcc/arm-none-eabi/7.3.1/thumb/v7e-m/crtbegin.o

.ARM.extab      0x200017a0        0x0
                0x200017a0                . = ALIGN (0x4)
 *(.ARM.extab* .gnu.linkonce.armextab.*)
                0x200017a0                . = ALIGN (0x4)

.ARM            0x200017a0        0x0
                0x200017a0                . = ALIGN (0x4)
                0x200017a0                __exidx_start = .
 *(.ARM.exidx*)
                0x200017a0                __exidx_end = .
                0x200017a0                . = ALIGN (0x4)

.preinit_array  0x200017a0        0x0
                0x200017a0                . = ALIGN (0x4)
                0x200017a0                PROVIDE (__preinit_array_start = .)
 *(.preinit_array*)
                0x200017a0                PROVIDE (__preinit_array_end = .)
                0x200017a0                . = ALIGN (0x4)

.init_array     0x200017a0        0x8
                0x200017a0                . = ALIGN (0x4)
                0x200017a0                PROVIDE (__init_array_start = .)
 *(SORT_BY_NAME(.init_array.*))
 .init_array.00000
                0x200017a0        0x4 c:/ac6/systemworkbench/plugins/fr.ac6.mcu.externaltools.arm-none.win32_1.17.0.201812190825/tools/compiler/bin/../lib/gcc/arm-none-eabi/7.3.1/../../../../arm-none-eabi/lib/thumb/v7e-m\libc.a(lib_a-__call_atexit.o)
 *(.init_array*)
 .init_array    0x200017a4        0x4 c:/ac6/systemworkbench/plugins/fr.ac6.mcu.externaltools.arm-none.win32_1.17.0.201812190825/tools/compiler/bin/../lib/gcc/arm-none-eabi/7.3.1/thumb/v7e-m/crtbegin.o
                0x200017a8                PROVIDE (__init_array_end = .)
                0x200017a8                . = ALIGN (0x4)

.fini_array     0x200017a8        0x4
                0x200017a8                . = ALIGN (0x4)
                0x200017a8                PROVIDE (__fini_array_start = .)
 *(SORT_BY_NAME(.fini_array.*))
 *(.fini_array*)
 .fini_array    0x200017a8        0x4 c:/ac6/systemworkbench/plugins/fr.ac6.mcu.externaltools.arm-none.win32_1.17.0.201812190825/tools/compiler/bin/../lib/gcc/arm-none-eabi/7.3.1/thumb/v7e-m/crtbegin.o
                0x200017ac                PROVIDE (__fini_array_end = .)
                0x200017ac                . = ALIGN (0x4)
                0x200017ac                _sidata = LOADADDR (.data)

.data           0x20028000      0x474 load address 0x200017ac
                0x20028000                . = ALIGN (0x4)
                0x20028000                _sdata = .
 *(.data)
 .data          0x20028000       0x10 Main/ProceduryASM.o
 .data          0x20028010       0x16 Main/main.o
                0x20028010                x
                0x20028014                y
                0x20028018                dx
                0x2002801c                dy
                0x20028020                pozY
                0x20028024                red
 *fill*         0x20028026        0x2 
 .data          0x20028028        0x8 Main/main_base.o
                0x20028028                LCD_SCREEN
                0x2002802c                LCD_BUF
 .data          0x20028030       0x14 C:\Studia\TM\STM32\Projekty\Zad1_Linia\Drivers\libSTM32LIB_SOFTFP_RAMLINK.a(system_stm32f4xx.o)
                0x20028030                SystemCoreClock
                0x20028034                AHBPrescTable
 *(.data*)
 *fill*         0x20028044        0x4 
 .data.impure_data
                0x20028048      0x428 c:/ac6/systemworkbench/plugins/fr.ac6.mcu.externaltools.arm-none.win32_1.17.0.201812190825/tools/compiler/bin/../lib/gcc/arm-none-eabi/7.3.1/../../../../arm-none-eabi/lib/thumb/v7e-m\libc.a(lib_a-impure.o)
 .data.__atexit_recursive_mutex
                0x20028470        0x4 c:/ac6/systemworkbench/plugins/fr.ac6.mcu.externaltools.arm-none.win32_1.17.0.201812190825/tools/compiler/bin/../lib/gcc/arm-none-eabi/7.3.1/../../../../arm-none-eabi/lib/thumb/v7e-m\libc.a(lib_a-__call_atexit.o)
                0x20028470                __atexit_recursive_mutex
                0x20028474                . = ALIGN (0x4)
                0x20028474                _edata = .

.igot.plt       0x20028474        0x0 load address 0x20001c20
 .igot.plt      0x20028474        0x0 c:/ac6/systemworkbench/plugins/fr.ac6.mcu.externaltools.arm-none.win32_1.17.0.201812190825/tools/compiler/bin/../lib/gcc/arm-none-eabi/7.3.1/thumb/v7e-m/crtbegin.o
                0x20028474                . = ALIGN (0x4)

.bss            0x20028474       0xf0 load address 0x20001c20
                0x20028474                _sbss = .
                0x20028474                __bss_start__ = _sbss
 *(.bss)
 .bss           0x20028474       0x1c c:/ac6/systemworkbench/plugins/fr.ac6.mcu.externaltools.arm-none.win32_1.17.0.201812190825/tools/compiler/bin/../lib/gcc/arm-none-eabi/7.3.1/thumb/v7e-m/crtbegin.o
 .bss           0x20028490        0x4 Main/main_base.o
                0x20028490                ReloadFlag
 *(.bss*)
 *(COMMON)
 COMMON         0x20028494       0xa8 Main/main.o
                0x20028494                LtdcHandle
 COMMON         0x2002853c        0x4 C:\Studia\TM\STM32\Projekty\Zad1_Linia\Drivers\libSTM32LIB_SOFTFP_RAMLINK.a(stm32f4xx_hal.o)
                0x2002853c                uwTick
 COMMON         0x20028540       0x21 c:/ac6/systemworkbench/plugins/fr.ac6.mcu.externaltools.arm-none.win32_1.17.0.201812190825/tools/compiler/bin/../lib/gcc/arm-none-eabi/7.3.1/../../../../arm-none-eabi/lib/thumb/v7e-m\libc.a(lib_a-lock.o)
                0x20028540                __lock___atexit_recursive_mutex
                0x20028544                __lock___arc4random_mutex
                0x20028548                __lock___env_recursive_mutex
                0x2002854c                __lock___sinit_recursive_mutex
                0x20028550                __lock___malloc_recursive_mutex
                0x20028554                __lock___at_quick_exit_mutex
                0x20028558                __lock___dd_hash_mutex
                0x2002855c                __lock___tz_mutex
                0x20028560                __lock___sfp_recursive_mutex
                0x20028564                . = ALIGN (0x4)
 *fill*         0x20028561        0x3 
                0x20028564                _ebss = .
                0x20028564                __bss_end__ = _ebss

._user_heap_stack
                0x20028564      0x804 load address 0x20001c20
                0x20028568                . = ALIGN (0x8)
 *fill*         0x20028564        0x4 
                [!provide]                PROVIDE (end = .)
                [!provide]                PROVIDE (_end = .)
                0x20028568                . = (. + _Min_Heap_Size)
                0x20028d68                . = (. + _Min_Stack_Size)
 *fill*         0x20028568      0x800 
                0x20028d68                . = ALIGN (0x8)

/DISCARD/
 libc.a(*)
 libm.a(*)
 libgcc.a(*)

.ARM.attributes
                0x00000000       0x2a
 *(.ARM.attributes)
 .ARM.attributes
                0x00000000       0x1e c:/ac6/systemworkbench/plugins/fr.ac6.mcu.externaltools.arm-none.win32_1.17.0.201812190825/tools/compiler/bin/../lib/gcc/arm-none-eabi/7.3.1/thumb/v7e-m/crti.o
 .ARM.attributes
                0x0000001e       0x2e c:/ac6/systemworkbench/plugins/fr.ac6.mcu.externaltools.arm-none.win32_1.17.0.201812190825/tools/compiler/bin/../lib/gcc/arm-none-eabi/7.3.1/thumb/v7e-m/crtbegin.o
 .ARM.attributes
                0x0000004c       0x21 Main/ProceduryASM.o
 .ARM.attributes
                0x0000006d       0x33 Main/main.o
 .ARM.attributes
                0x000000a0       0x33 Main/main_base.o
 .ARM.attributes
                0x000000d3       0x33 Main/stm32f4xx_it.o
 .ARM.attributes
                0x00000106       0x33 C:\Studia\TM\STM32\Projekty\Zad1_Linia\Drivers\libSTM32LIB_SOFTFP_RAMLINK.a(stm32f4xx_hal.o)
 .ARM.attributes
                0x00000139       0x33 C:\Studia\TM\STM32\Projekty\Zad1_Linia\Drivers\libSTM32LIB_SOFTFP_RAMLINK.a(stm32f4xx_hal_cortex.o)
 .ARM.attributes
                0x0000016c       0x33 C:\Studia\TM\STM32\Projekty\Zad1_Linia\Drivers\libSTM32LIB_SOFTFP_RAMLINK.a(stm32f4xx_hal_ltdc.o)
 .ARM.attributes
                0x0000019f       0x33 C:\Studia\TM\STM32\Projekty\Zad1_Linia\Drivers\libSTM32LIB_SOFTFP_RAMLINK.a(stm32f4xx_hal_pwr_ex.o)
 .ARM.attributes
                0x000001d2       0x33 C:\Studia\TM\STM32\Projekty\Zad1_Linia\Drivers\libSTM32LIB_SOFTFP_RAMLINK.a(stm32f4xx_hal_rcc.o)
 .ARM.attributes
                0x00000205       0x33 C:\Studia\TM\STM32\Projekty\Zad1_Linia\Drivers\libSTM32LIB_SOFTFP_RAMLINK.a(stm32f4xx_hal_rcc_ex.o)
 .ARM.attributes
                0x00000238       0x21 C:\Studia\TM\STM32\Projekty\Zad1_Linia\Drivers\libSTM32LIB_SOFTFP_RAMLINK.a(startup_stm32f429xx.o)
 .ARM.attributes
                0x00000259       0x33 C:\Studia\TM\STM32\Projekty\Zad1_Linia\Drivers\libSTM32LIB_SOFTFP_RAMLINK.a(system_stm32f4xx.o)
 .ARM.attributes
                0x0000028c       0x2e c:/ac6/systemworkbench/plugins/fr.ac6.mcu.externaltools.arm-none.win32_1.17.0.201812190825/tools/compiler/bin/../lib/gcc/arm-none-eabi/7.3.1/../../../../arm-none-eabi/lib/thumb/v7e-m\libc.a(lib_a-impure.o)
 .ARM.attributes
                0x000002ba       0x2e c:/ac6/systemworkbench/plugins/fr.ac6.mcu.externaltools.arm-none.win32_1.17.0.201812190825/tools/compiler/bin/../lib/gcc/arm-none-eabi/7.3.1/../../../../arm-none-eabi/lib/thumb/v7e-m\libc.a(lib_a-init.o)
 .ARM.attributes
                0x000002e8       0x2e c:/ac6/systemworkbench/plugins/fr.ac6.mcu.externaltools.arm-none.win32_1.17.0.201812190825/tools/compiler/bin/../lib/gcc/arm-none-eabi/7.3.1/../../../../arm-none-eabi/lib/thumb/v7e-m\libc.a(lib_a-__call_atexit.o)
 .ARM.attributes
                0x00000316       0x2e c:/ac6/systemworkbench/plugins/fr.ac6.mcu.externaltools.arm-none.win32_1.17.0.201812190825/tools/compiler/bin/../lib/gcc/arm-none-eabi/7.3.1/../../../../arm-none-eabi/lib/thumb/v7e-m\libc.a(lib_a-atexit.o)
 .ARM.attributes
                0x00000344       0x2e c:/ac6/systemworkbench/plugins/fr.ac6.mcu.externaltools.arm-none.win32_1.17.0.201812190825/tools/compiler/bin/../lib/gcc/arm-none-eabi/7.3.1/../../../../arm-none-eabi/lib/thumb/v7e-m\libc.a(lib_a-fini.o)
 .ARM.attributes
                0x00000372       0x2e c:/ac6/systemworkbench/plugins/fr.ac6.mcu.externaltools.arm-none.win32_1.17.0.201812190825/tools/compiler/bin/../lib/gcc/arm-none-eabi/7.3.1/../../../../arm-none-eabi/lib/thumb/v7e-m\libc.a(lib_a-lock.o)
 .ARM.attributes
                0x000003a0       0x2e c:/ac6/systemworkbench/plugins/fr.ac6.mcu.externaltools.arm-none.win32_1.17.0.201812190825/tools/compiler/bin/../lib/gcc/arm-none-eabi/7.3.1/../../../../arm-none-eabi/lib/thumb/v7e-m\libc.a(lib_a-__atexit.o)
 .ARM.attributes
                0x000003ce       0x1e c:/ac6/systemworkbench/plugins/fr.ac6.mcu.externaltools.arm-none.win32_1.17.0.201812190825/tools/compiler/bin/../lib/gcc/arm-none-eabi/7.3.1/thumb/v7e-m/crtn.o
OUTPUT(Zad1_Linia.elf elf32-littlearm)

.debug_line     0x00000000     0x6a47
 .debug_line    0x00000000       0x99 Main/ProceduryASM.o
 .debug_line    0x00000099      0x8e4 Main/main.o
 .debug_line    0x0000097d      0x979 Main/main_base.o
 .debug_line    0x000012f6      0x973 Main/stm32f4xx_it.o
 .debug_line    0x00001c69      0xa18 C:\Studia\TM\STM32\Projekty\Zad1_Linia\Drivers\libSTM32LIB_SOFTFP_RAMLINK.a(stm32f4xx_hal.o)
 .debug_line    0x00002681      0xb0c C:\Studia\TM\STM32\Projekty\Zad1_Linia\Drivers\libSTM32LIB_SOFTFP_RAMLINK.a(stm32f4xx_hal_cortex.o)
 .debug_line    0x0000318d     0x110e C:\Studia\TM\STM32\Projekty\Zad1_Linia\Drivers\libSTM32LIB_SOFTFP_RAMLINK.a(stm32f4xx_hal_ltdc.o)
 .debug_line    0x0000429b      0x9ab C:\Studia\TM\STM32\Projekty\Zad1_Linia\Drivers\libSTM32LIB_SOFTFP_RAMLINK.a(stm32f4xx_hal_pwr_ex.o)
 .debug_line    0x00004c46      0xb2c C:\Studia\TM\STM32\Projekty\Zad1_Linia\Drivers\libSTM32LIB_SOFTFP_RAMLINK.a(stm32f4xx_hal_rcc.o)
 .debug_line    0x00005772      0xa18 C:\Studia\TM\STM32\Projekty\Zad1_Linia\Drivers\libSTM32LIB_SOFTFP_RAMLINK.a(stm32f4xx_hal_rcc_ex.o)
 .debug_line    0x0000618a       0x7c C:\Studia\TM\STM32\Projekty\Zad1_Linia\Drivers\libSTM32LIB_SOFTFP_RAMLINK.a(startup_stm32f429xx.o)
 .debug_line    0x00006206      0x841 C:\Studia\TM\STM32\Projekty\Zad1_Linia\Drivers\libSTM32LIB_SOFTFP_RAMLINK.a(system_stm32f4xx.o)

.debug_info     0x00000000     0xb626
 .debug_info    0x00000000       0x26 Main/ProceduryASM.o
 .debug_info    0x00000026     0x1158 Main/main.o
 .debug_info    0x0000117e     0x1409 Main/main_base.o
 .debug_info    0x00002587      0xf01 Main/stm32f4xx_it.o
 .debug_info    0x00003488     0x113f C:\Studia\TM\STM32\Projekty\Zad1_Linia\Drivers\libSTM32LIB_SOFTFP_RAMLINK.a(stm32f4xx_hal.o)
 .debug_info    0x000045c7     0x1568 C:\Studia\TM\STM32\Projekty\Zad1_Linia\Drivers\libSTM32LIB_SOFTFP_RAMLINK.a(stm32f4xx_hal_cortex.o)
 .debug_info    0x00005b2f     0x188c C:\Studia\TM\STM32\Projekty\Zad1_Linia\Drivers\libSTM32LIB_SOFTFP_RAMLINK.a(stm32f4xx_hal_ltdc.o)
 .debug_info    0x000073bb     0x10b7 C:\Studia\TM\STM32\Projekty\Zad1_Linia\Drivers\libSTM32LIB_SOFTFP_RAMLINK.a(stm32f4xx_hal_pwr_ex.o)
 .debug_info    0x00008472     0x1369 C:\Studia\TM\STM32\Projekty\Zad1_Linia\Drivers\libSTM32LIB_SOFTFP_RAMLINK.a(stm32f4xx_hal_rcc.o)
 .debug_info    0x000097db     0x10ad C:\Studia\TM\STM32\Projekty\Zad1_Linia\Drivers\libSTM32LIB_SOFTFP_RAMLINK.a(stm32f4xx_hal_rcc_ex.o)
 .debug_info    0x0000a888       0x88 C:\Studia\TM\STM32\Projekty\Zad1_Linia\Drivers\libSTM32LIB_SOFTFP_RAMLINK.a(startup_stm32f429xx.o)
 .debug_info    0x0000a910      0xd16 C:\Studia\TM\STM32\Projekty\Zad1_Linia\Drivers\libSTM32LIB_SOFTFP_RAMLINK.a(system_stm32f4xx.o)

.debug_abbrev   0x00000000     0x1bb4
 .debug_abbrev  0x00000000       0x14 Main/ProceduryASM.o
 .debug_abbrev  0x00000014      0x21d Main/main.o
 .debug_abbrev  0x00000231      0x2ac Main/main_base.o
 .debug_abbrev  0x000004dd      0x20c Main/stm32f4xx_it.o
 .debug_abbrev  0x000006e9      0x301 C:\Studia\TM\STM32\Projekty\Zad1_Linia\Drivers\libSTM32LIB_SOFTFP_RAMLINK.a(stm32f4xx_hal.o)
 .debug_abbrev  0x000009ea      0x39d C:\Studia\TM\STM32\Projekty\Zad1_Linia\Drivers\libSTM32LIB_SOFTFP_RAMLINK.a(stm32f4xx_hal_cortex.o)
 .debug_abbrev  0x00000d87      0x2ec C:\Studia\TM\STM32\Projekty\Zad1_Linia\Drivers\libSTM32LIB_SOFTFP_RAMLINK.a(stm32f4xx_hal_ltdc.o)
 .debug_abbrev  0x00001073      0x302 C:\Studia\TM\STM32\Projekty\Zad1_Linia\Drivers\libSTM32LIB_SOFTFP_RAMLINK.a(stm32f4xx_hal_pwr_ex.o)
 .debug_abbrev  0x00001375      0x371 C:\Studia\TM\STM32\Projekty\Zad1_Linia\Drivers\libSTM32LIB_SOFTFP_RAMLINK.a(stm32f4xx_hal_rcc.o)
 .debug_abbrev  0x000016e6      0x2a6 C:\Studia\TM\STM32\Projekty\Zad1_Linia\Drivers\libSTM32LIB_SOFTFP_RAMLINK.a(stm32f4xx_hal_rcc_ex.o)
 .debug_abbrev  0x0000198c       0x12 C:\Studia\TM\STM32\Projekty\Zad1_Linia\Drivers\libSTM32LIB_SOFTFP_RAMLINK.a(startup_stm32f429xx.o)
 .debug_abbrev  0x0000199e      0x216 C:\Studia\TM\STM32\Projekty\Zad1_Linia\Drivers\libSTM32LIB_SOFTFP_RAMLINK.a(system_stm32f4xx.o)

.debug_aranges  0x00000000      0x588
 .debug_aranges
                0x00000000       0x20 Main/ProceduryASM.o
 .debug_aranges
                0x00000020       0x28 Main/main.o
 .debug_aranges
                0x00000048       0x40 Main/main_base.o
 .debug_aranges
                0x00000088       0x68 Main/stm32f4xx_it.o
 .debug_aranges
                0x000000f0       0xd0 C:\Studia\TM\STM32\Projekty\Zad1_Linia\Drivers\libSTM32LIB_SOFTFP_RAMLINK.a(stm32f4xx_hal.o)
 .debug_aranges
                0x000001c0      0x108 C:\Studia\TM\STM32\Projekty\Zad1_Linia\Drivers\libSTM32LIB_SOFTFP_RAMLINK.a(stm32f4xx_hal_cortex.o)
 .debug_aranges
                0x000002c8      0x158 C:\Studia\TM\STM32\Projekty\Zad1_Linia\Drivers\libSTM32LIB_SOFTFP_RAMLINK.a(stm32f4xx_hal_ltdc.o)
 .debug_aranges
                0x00000420       0x60 C:\Studia\TM\STM32\Projekty\Zad1_Linia\Drivers\libSTM32LIB_SOFTFP_RAMLINK.a(stm32f4xx_hal_pwr_ex.o)
 .debug_aranges
                0x00000480       0x88 C:\Studia\TM\STM32\Projekty\Zad1_Linia\Drivers\libSTM32LIB_SOFTFP_RAMLINK.a(stm32f4xx_hal_rcc.o)
 .debug_aranges
                0x00000508       0x30 C:\Studia\TM\STM32\Projekty\Zad1_Linia\Drivers\libSTM32LIB_SOFTFP_RAMLINK.a(stm32f4xx_hal_rcc_ex.o)
 .debug_aranges
                0x00000538       0x28 C:\Studia\TM\STM32\Projekty\Zad1_Linia\Drivers\libSTM32LIB_SOFTFP_RAMLINK.a(startup_stm32f429xx.o)
 .debug_aranges
                0x00000560       0x28 C:\Studia\TM\STM32\Projekty\Zad1_Linia\Drivers\libSTM32LIB_SOFTFP_RAMLINK.a(system_stm32f4xx.o)

.debug_str      0x00000000    0x7a52c
 .debug_str     0x00000000       0x52 Main/ProceduryASM.o
 .debug_str     0x00000052    0x78264 Main/main.o
                              0x7858c (size before relaxing)
 .debug_str     0x000782b6      0x2c7 Main/main_base.o
                              0x787d2 (size before relaxing)
 .debug_str     0x0007857d       0xb9 Main/stm32f4xx_it.o
                              0x784e0 (size before relaxing)
 .debug_str     0x00078636     0x11c8 C:\Studia\TM\STM32\Projekty\Zad1_Linia\Drivers\libSTM32LIB_SOFTFP_RAMLINK.a(stm32f4xx_hal.o)
                              0x76db5 (size before relaxing)
 .debug_str     0x000797fe      0x3cb C:\Studia\TM\STM32\Projekty\Zad1_Linia\Drivers\libSTM32LIB_SOFTFP_RAMLINK.a(stm32f4xx_hal_cortex.o)
                              0x76c1b (size before relaxing)
 .debug_str     0x00079bc9      0x4a3 C:\Studia\TM\STM32\Projekty\Zad1_Linia\Drivers\libSTM32LIB_SOFTFP_RAMLINK.a(stm32f4xx_hal_ltdc.o)
                              0x76988 (size before relaxing)
 .debug_str     0x0007a06c      0x13d C:\Studia\TM\STM32\Projekty\Zad1_Linia\Drivers\libSTM32LIB_SOFTFP_RAMLINK.a(stm32f4xx_hal_pwr_ex.o)
                              0x76558 (size before relaxing)
 .debug_str     0x0007a1a9      0x2a4 C:\Studia\TM\STM32\Projekty\Zad1_Linia\Drivers\libSTM32LIB_SOFTFP_RAMLINK.a(stm32f4xx_hal_rcc.o)
                              0x7675b (size before relaxing)
 .debug_str     0x0007a44d       0x84 C:\Studia\TM\STM32\Projekty\Zad1_Linia\Drivers\libSTM32LIB_SOFTFP_RAMLINK.a(stm32f4xx_hal_rcc_ex.o)
                              0x7648a (size before relaxing)
 .debug_str     0x0007a4d1       0x5b C:\Studia\TM\STM32\Projekty\Zad1_Linia\Drivers\libSTM32LIB_SOFTFP_RAMLINK.a(system_stm32f4xx.o)
                              0x76363 (size before relaxing)

.debug_ranges   0x00000000      0x4c0
 .debug_ranges  0x00000000       0x18 Main/main.o
 .debug_ranges  0x00000018       0x30 Main/main_base.o
 .debug_ranges  0x00000048       0x58 Main/stm32f4xx_it.o
 .debug_ranges  0x000000a0       0xc0 C:\Studia\TM\STM32\Projekty\Zad1_Linia\Drivers\libSTM32LIB_SOFTFP_RAMLINK.a(stm32f4xx_hal.o)
 .debug_ranges  0x00000160       0xf8 C:\Studia\TM\STM32\Projekty\Zad1_Linia\Drivers\libSTM32LIB_SOFTFP_RAMLINK.a(stm32f4xx_hal_cortex.o)
 .debug_ranges  0x00000258      0x148 C:\Studia\TM\STM32\Projekty\Zad1_Linia\Drivers\libSTM32LIB_SOFTFP_RAMLINK.a(stm32f4xx_hal_ltdc.o)
 .debug_ranges  0x000003a0       0x50 C:\Studia\TM\STM32\Projekty\Zad1_Linia\Drivers\libSTM32LIB_SOFTFP_RAMLINK.a(stm32f4xx_hal_pwr_ex.o)
 .debug_ranges  0x000003f0       0x78 C:\Studia\TM\STM32\Projekty\Zad1_Linia\Drivers\libSTM32LIB_SOFTFP_RAMLINK.a(stm32f4xx_hal_rcc.o)
 .debug_ranges  0x00000468       0x20 C:\Studia\TM\STM32\Projekty\Zad1_Linia\Drivers\libSTM32LIB_SOFTFP_RAMLINK.a(stm32f4xx_hal_rcc_ex.o)
 .debug_ranges  0x00000488       0x20 C:\Studia\TM\STM32\Projekty\Zad1_Linia\Drivers\libSTM32LIB_SOFTFP_RAMLINK.a(startup_stm32f429xx.o)
 .debug_ranges  0x000004a8       0x18 C:\Studia\TM\STM32\Projekty\Zad1_Linia\Drivers\libSTM32LIB_SOFTFP_RAMLINK.a(system_stm32f4xx.o)

.debug_macro    0x00000000    0x161c7
 .debug_macro   0x00000000      0x38b Main/main.o
 .debug_macro   0x0000038b      0xa7e Main/main.o
 .debug_macro   0x00000e09       0x10 Main/main.o
 .debug_macro   0x00000e19      0x1c8 Main/main.o
 .debug_macro   0x00000fe1       0x2b Main/main.o
 .debug_macro   0x0000100c       0x28 Main/main.o
 .debug_macro   0x00001034       0x22 Main/main.o
 .debug_macro   0x00001056       0x8e Main/main.o
 .debug_macro   0x000010e4       0x51 Main/main.o
 .debug_macro   0x00001135       0xef Main/main.o
 .debug_macro   0x00001224       0x6a Main/main.o
 .debug_macro   0x0000128e      0x1df Main/main.o
 .debug_macro   0x0000146d       0x35 Main/main.o
 .debug_macro   0x000014a2       0x50 Main/main.o
 .debug_macro   0x000014f2      0xe66 Main/main.o
 .debug_macro   0x00002358     0xa373 Main/main.o
 .debug_macro   0x0000c6cb       0x43 Main/main.o
 .debug_macro   0x0000c70e     0x34ef Main/main.o
 .debug_macro   0x0000fbfd       0x5e Main/main.o
 .debug_macro   0x0000fc5b       0x18 Main/main.o
 .debug_macro   0x0000fc73       0x35 Main/main.o
 .debug_macro   0x0000fca8       0x34 Main/main.o
 .debug_macro   0x0000fcdc       0x16 Main/main.o
 .debug_macro   0x0000fcf2       0x97 Main/main.o
 .debug_macro   0x0000fd89      0x330 Main/main.o
 .debug_macro   0x000100b9       0xfd Main/main.o
 .debug_macro   0x000101b6       0x10 Main/main.o
 .debug_macro   0x000101c6       0x58 Main/main.o
 .debug_macro   0x0001021e       0x1f Main/main.o
 .debug_macro   0x0001023d       0x43 Main/main.o
 .debug_macro   0x00010280       0x20 Main/main.o
 .debug_macro   0x000102a0      0x18e Main/main.o
 .debug_macro   0x0001042e       0x10 Main/main.o
 .debug_macro   0x0001043e       0x1c Main/main.o
 .debug_macro   0x0001045a       0x52 Main/main.o
 .debug_macro   0x000104ac       0x40 Main/main.o
 .debug_macro   0x000104ec       0x10 Main/main.o
 .debug_macro   0x000104fc       0x40 Main/main.o
 .debug_macro   0x0001053c       0xd7 Main/main.o
 .debug_macro   0x00010613       0x1c Main/main.o
 .debug_macro   0x0001062f       0x3d Main/main.o
 .debug_macro   0x0001066c       0x16 Main/main.o
 .debug_macro   0x00010682      0x16f Main/main.o
 .debug_macro   0x000107f1       0x57 Main/main.o
 .debug_macro   0x00010848      0xc9e Main/main.o
 .debug_macro   0x000114e6      0x9e1 Main/main.o
 .debug_macro   0x00011ec7      0x11e Main/main.o
 .debug_macro   0x00011fe5      0x161 Main/main.o
 .debug_macro   0x00012146       0x27 Main/main.o
 .debug_macro   0x0001216d      0x287 Main/main.o
 .debug_macro   0x000123f4       0x5f Main/main.o
 .debug_macro   0x00012453      0x23a Main/main.o
 .debug_macro   0x0001268d      0x201 Main/main.o
 .debug_macro   0x0001288e      0x13a Main/main.o
 .debug_macro   0x000129c8      0x41d Main/main.o
 .debug_macro   0x00012de5       0x2e Main/main.o
 .debug_macro   0x00012e13      0x582 Main/main.o
 .debug_macro   0x00013395      0x1a7 Main/main.o
 .debug_macro   0x0001353c       0x22 Main/main.o
 .debug_macro   0x0001355e       0xa5 Main/main.o
 .debug_macro   0x00013603      0x183 Main/main.o
 .debug_macro   0x00013786       0xd6 Main/main.o
 .debug_macro   0x0001385c      0x11e Main/main.o
 .debug_macro   0x0001397a       0xe2 Main/main.o
 .debug_macro   0x00013a5c       0x89 Main/main.o
 .debug_macro   0x00013ae5      0x202 Main/main.o
 .debug_macro   0x00013ce7      0x12c Main/main.o
 .debug_macro   0x00013e13      0x259 Main/main.o
 .debug_macro   0x0001406c      0x26d Main/main.o
 .debug_macro   0x000142d9       0x40 Main/main.o
 .debug_macro   0x00014319      0x38b Main/main_base.o
 .debug_macro   0x000146a4      0x395 Main/stm32f4xx_it.o
 .debug_macro   0x00014a39      0x396 C:\Studia\TM\STM32\Projekty\Zad1_Linia\Drivers\libSTM32LIB_SOFTFP_RAMLINK.a(stm32f4xx_hal.o)
 .debug_macro   0x00014dcf      0x348 C:\Studia\TM\STM32\Projekty\Zad1_Linia\Drivers\libSTM32LIB_SOFTFP_RAMLINK.a(stm32f4xx_hal_cortex.o)
 .debug_macro   0x00015117      0x348 C:\Studia\TM\STM32\Projekty\Zad1_Linia\Drivers\libSTM32LIB_SOFTFP_RAMLINK.a(stm32f4xx_hal_ltdc.o)
 .debug_macro   0x0001545f      0x360 C:\Studia\TM\STM32\Projekty\Zad1_Linia\Drivers\libSTM32LIB_SOFTFP_RAMLINK.a(stm32f4xx_hal_pwr_ex.o)
 .debug_macro   0x000157bf      0x372 C:\Studia\TM\STM32\Projekty\Zad1_Linia\Drivers\libSTM32LIB_SOFTFP_RAMLINK.a(stm32f4xx_hal_rcc.o)
 .debug_macro   0x00015b31      0x348 C:\Studia\TM\STM32\Projekty\Zad1_Linia\Drivers\libSTM32LIB_SOFTFP_RAMLINK.a(stm32f4xx_hal_rcc_ex.o)
 .debug_macro   0x00015e79      0x34e C:\Studia\TM\STM32\Projekty\Zad1_Linia\Drivers\libSTM32LIB_SOFTFP_RAMLINK.a(system_stm32f4xx.o)

.comment        0x00000000       0xfe
 .comment       0x00000000       0x7f Main/main.o
                                 0x80 (size before relaxing)
 .comment       0x0000007f       0x80 Main/main_base.o
 .comment       0x0000007f       0x80 Main/stm32f4xx_it.o
 .comment       0x0000007f       0x7f C:\Studia\TM\STM32\Projekty\Zad1_Linia\Drivers\libSTM32LIB_SOFTFP_RAMLINK.a(stm32f4xx_hal.o)
                                 0x80 (size before relaxing)
 .comment       0x000000fe       0x80 C:\Studia\TM\STM32\Projekty\Zad1_Linia\Drivers\libSTM32LIB_SOFTFP_RAMLINK.a(stm32f4xx_hal_cortex.o)
 .comment       0x000000fe       0x80 C:\Studia\TM\STM32\Projekty\Zad1_Linia\Drivers\libSTM32LIB_SOFTFP_RAMLINK.a(stm32f4xx_hal_ltdc.o)
 .comment       0x000000fe       0x80 C:\Studia\TM\STM32\Projekty\Zad1_Linia\Drivers\libSTM32LIB_SOFTFP_RAMLINK.a(stm32f4xx_hal_pwr_ex.o)
 .comment       0x000000fe       0x80 C:\Studia\TM\STM32\Projekty\Zad1_Linia\Drivers\libSTM32LIB_SOFTFP_RAMLINK.a(stm32f4xx_hal_rcc.o)
 .comment       0x000000fe       0x80 C:\Studia\TM\STM32\Projekty\Zad1_Linia\Drivers\libSTM32LIB_SOFTFP_RAMLINK.a(stm32f4xx_hal_rcc_ex.o)
 .comment       0x000000fe       0x80 C:\Studia\TM\STM32\Projekty\Zad1_Linia\Drivers\libSTM32LIB_SOFTFP_RAMLINK.a(system_stm32f4xx.o)

.debug_frame    0x00000000     0x15a4
 .debug_frame   0x00000000       0x4c Main/main.o
 .debug_frame   0x0000004c       0xc4 Main/main_base.o
 .debug_frame   0x00000110      0x128 Main/stm32f4xx_it.o
 .debug_frame   0x00000238      0x310 C:\Studia\TM\STM32\Projekty\Zad1_Linia\Drivers\libSTM32LIB_SOFTFP_RAMLINK.a(stm32f4xx_hal.o)
 .debug_frame   0x00000548      0x450 C:\Studia\TM\STM32\Projekty\Zad1_Linia\Drivers\libSTM32LIB_SOFTFP_RAMLINK.a(stm32f4xx_hal_cortex.o)
 .debug_frame   0x00000998      0x61c C:\Studia\TM\STM32\Projekty\Zad1_Linia\Drivers\libSTM32LIB_SOFTFP_RAMLINK.a(stm32f4xx_hal_ltdc.o)
 .debug_frame   0x00000fb4      0x158 C:\Studia\TM\STM32\Projekty\Zad1_Linia\Drivers\libSTM32LIB_SOFTFP_RAMLINK.a(stm32f4xx_hal_pwr_ex.o)
 .debug_frame   0x0000110c      0x200 C:\Studia\TM\STM32\Projekty\Zad1_Linia\Drivers\libSTM32LIB_SOFTFP_RAMLINK.a(stm32f4xx_hal_rcc.o)
 .debug_frame   0x0000130c       0x80 C:\Studia\TM\STM32\Projekty\Zad1_Linia\Drivers\libSTM32LIB_SOFTFP_RAMLINK.a(stm32f4xx_hal_rcc_ex.o)
 .debug_frame   0x0000138c       0x58 C:\Studia\TM\STM32\Projekty\Zad1_Linia\Drivers\libSTM32LIB_SOFTFP_RAMLINK.a(system_stm32f4xx.o)
 .debug_frame   0x000013e4       0x2c c:/ac6/systemworkbench/plugins/fr.ac6.mcu.externaltools.arm-none.win32_1.17.0.201812190825/tools/compiler/bin/../lib/gcc/arm-none-eabi/7.3.1/../../../../arm-none-eabi/lib/thumb/v7e-m\libc.a(lib_a-init.o)
 .debug_frame   0x00001410       0x5c c:/ac6/systemworkbench/plugins/fr.ac6.mcu.externaltools.arm-none.win32_1.17.0.201812190825/tools/compiler/bin/../lib/gcc/arm-none-eabi/7.3.1/../../../../arm-none-eabi/lib/thumb/v7e-m\libc.a(lib_a-__call_atexit.o)
 .debug_frame   0x0000146c       0x20 c:/ac6/systemworkbench/plugins/fr.ac6.mcu.externaltools.arm-none.win32_1.17.0.201812190825/tools/compiler/bin/../lib/gcc/arm-none-eabi/7.3.1/../../../../arm-none-eabi/lib/thumb/v7e-m\libc.a(lib_a-atexit.o)
 .debug_frame   0x0000148c       0x34 c:/ac6/systemworkbench/plugins/fr.ac6.mcu.externaltools.arm-none.win32_1.17.0.201812190825/tools/compiler/bin/../lib/gcc/arm-none-eabi/7.3.1/../../../../arm-none-eabi/lib/thumb/v7e-m\libc.a(lib_a-fini.o)
 .debug_frame   0x000014c0       0xb0 c:/ac6/systemworkbench/plugins/fr.ac6.mcu.externaltools.arm-none.win32_1.17.0.201812190825/tools/compiler/bin/../lib/gcc/arm-none-eabi/7.3.1/../../../../arm-none-eabi/lib/thumb/v7e-m\libc.a(lib_a-lock.o)
 .debug_frame   0x00001570       0x34 c:/ac6/systemworkbench/plugins/fr.ac6.mcu.externaltools.arm-none.win32_1.17.0.201812190825/tools/compiler/bin/../lib/gcc/arm-none-eabi/7.3.1/../../../../arm-none-eabi/lib/thumb/v7e-m\libc.a(lib_a-__atexit.o)
